Archive member included because of file (symbol)

c:/program files/dave_4/dave-ide-4.4.2-64bit/eclipse/arm-gcc-49/bin/../lib/gcc/arm-none-eabi/4.9.3/armv7e-m/softfp\libgcc.a(_lshrdi3.o)
                              ./Dave/Generated/TIMER/timer.o (__aeabi_llsr)
c:/program files/dave_4/dave-ide-4.4.2-64bit/eclipse/arm-gcc-49/bin/../lib/gcc/arm-none-eabi/4.9.3/armv7e-m/softfp\libgcc.a(_aeabi_uldivmod.o)
                              ./Dave/Generated/TIMER/timer.o (__aeabi_uldivmod)
c:/program files/dave_4/dave-ide-4.4.2-64bit/eclipse/arm-gcc-49/bin/../lib/gcc/arm-none-eabi/4.9.3/armv7e-m/softfp\libgcc.a(bpabi.o)
                              c:/program files/dave_4/dave-ide-4.4.2-64bit/eclipse/arm-gcc-49/bin/../lib/gcc/arm-none-eabi/4.9.3/armv7e-m/softfp\libgcc.a(_aeabi_uldivmod.o) (__gnu_uldivmod_helper)
c:/program files/dave_4/dave-ide-4.4.2-64bit/eclipse/arm-gcc-49/bin/../lib/gcc/arm-none-eabi/4.9.3/armv7e-m/softfp\libgcc.a(_dvmd_tls.o)
                              c:/program files/dave_4/dave-ide-4.4.2-64bit/eclipse/arm-gcc-49/bin/../lib/gcc/arm-none-eabi/4.9.3/armv7e-m/softfp\libgcc.a(_aeabi_uldivmod.o) (__aeabi_ldiv0)
c:/program files/dave_4/dave-ide-4.4.2-64bit/eclipse/arm-gcc-49/bin/../lib/gcc/arm-none-eabi/4.9.3/armv7e-m/softfp\libgcc.a(_divdi3.o)
                              c:/program files/dave_4/dave-ide-4.4.2-64bit/eclipse/arm-gcc-49/bin/../lib/gcc/arm-none-eabi/4.9.3/armv7e-m/softfp\libgcc.a(bpabi.o) (__divdi3)
c:/program files/dave_4/dave-ide-4.4.2-64bit/eclipse/arm-gcc-49/bin/../lib/gcc/arm-none-eabi/4.9.3/armv7e-m/softfp\libgcc.a(_udivdi3.o)
                              c:/program files/dave_4/dave-ide-4.4.2-64bit/eclipse/arm-gcc-49/bin/../lib/gcc/arm-none-eabi/4.9.3/armv7e-m/softfp\libgcc.a(bpabi.o) (__udivdi3)
c:/program files/dave_4/dave-ide-4.4.2-64bit/eclipse/arm-gcc-49/bin/../lib/gcc/arm-none-eabi/4.9.3/../../../../arm-none-eabi/lib/armv7e-m/softfp\libg.a(lib_a-atoi.o)
                              ./uartCom.o (atoi)
c:/program files/dave_4/dave-ide-4.4.2-64bit/eclipse/arm-gcc-49/bin/../lib/gcc/arm-none-eabi/4.9.3/../../../../arm-none-eabi/lib/armv7e-m/softfp\libg.a(lib_a-errno.o)
                              ./Libraries/Newlib/syscalls.o (__errno)
c:/program files/dave_4/dave-ide-4.4.2-64bit/eclipse/arm-gcc-49/bin/../lib/gcc/arm-none-eabi/4.9.3/../../../../arm-none-eabi/lib/armv7e-m/softfp\libg.a(lib_a-impure.o)
                              c:/program files/dave_4/dave-ide-4.4.2-64bit/eclipse/arm-gcc-49/bin/../lib/gcc/arm-none-eabi/4.9.3/../../../../arm-none-eabi/lib/armv7e-m/softfp\libg.a(lib_a-errno.o) (_impure_ptr)
c:/program files/dave_4/dave-ide-4.4.2-64bit/eclipse/arm-gcc-49/bin/../lib/gcc/arm-none-eabi/4.9.3/../../../../arm-none-eabi/lib/armv7e-m/softfp\libg.a(lib_a-init.o)
                              ./Startup/startup_XMC4500.o (__libc_init_array)
c:/program files/dave_4/dave-ide-4.4.2-64bit/eclipse/arm-gcc-49/bin/../lib/gcc/arm-none-eabi/4.9.3/../../../../arm-none-eabi/lib/armv7e-m/softfp\libg.a(lib_a-memcpy.o)
                              ./Libraries/XMCLib/src/xmc_eth_mac.o (memcpy)
c:/program files/dave_4/dave-ide-4.4.2-64bit/eclipse/arm-gcc-49/bin/../lib/gcc/arm-none-eabi/4.9.3/../../../../arm-none-eabi/lib/armv7e-m/softfp\libg.a(lib_a-memset.o)
                              ./Libraries/XMCLib/src/xmc_usbd.o (memset)
c:/program files/dave_4/dave-ide-4.4.2-64bit/eclipse/arm-gcc-49/bin/../lib/gcc/arm-none-eabi/4.9.3/../../../../arm-none-eabi/lib/armv7e-m/softfp\libg.a(lib_a-sprintf.o)
                              ./TouchPlate.o (sprintf)
c:/program files/dave_4/dave-ide-4.4.2-64bit/eclipse/arm-gcc-49/bin/../lib/gcc/arm-none-eabi/4.9.3/../../../../arm-none-eabi/lib/armv7e-m/softfp\libg.a(lib_a-strtol.o)
                              c:/program files/dave_4/dave-ide-4.4.2-64bit/eclipse/arm-gcc-49/bin/../lib/gcc/arm-none-eabi/4.9.3/../../../../arm-none-eabi/lib/armv7e-m/softfp\libg.a(lib_a-atoi.o) (_strtol_r)
c:/program files/dave_4/dave-ide-4.4.2-64bit/eclipse/arm-gcc-49/bin/../lib/gcc/arm-none-eabi/4.9.3/../../../../arm-none-eabi/lib/armv7e-m/softfp\libg.a(lib_a-svfprintf.o)
                              c:/program files/dave_4/dave-ide-4.4.2-64bit/eclipse/arm-gcc-49/bin/../lib/gcc/arm-none-eabi/4.9.3/../../../../arm-none-eabi/lib/armv7e-m/softfp\libg.a(lib_a-sprintf.o) (_svfprintf_r)
c:/program files/dave_4/dave-ide-4.4.2-64bit/eclipse/arm-gcc-49/bin/../lib/gcc/arm-none-eabi/4.9.3/../../../../arm-none-eabi/lib/armv7e-m/softfp\libg.a(lib_a-ctype_.o)
                              c:/program files/dave_4/dave-ide-4.4.2-64bit/eclipse/arm-gcc-49/bin/../lib/gcc/arm-none-eabi/4.9.3/../../../../arm-none-eabi/lib/armv7e-m/softfp\libg.a(lib_a-strtol.o) (__ctype_ptr__)
c:/program files/dave_4/dave-ide-4.4.2-64bit/eclipse/arm-gcc-49/bin/../lib/gcc/arm-none-eabi/4.9.3/../../../../arm-none-eabi/lib/armv7e-m/softfp\libg.a(lib_a-dtoa.o)
[...]
Memory Configuration

Name             Origin             Length             Attributes
FLASH_1_cached   0x08000000         0x00100000         xr
FLASH_1_uncached 0x0c000000         0x00100000         xr
PSRAM_1          0x10000000         0x00010000         !xr
DSRAM_1_system   0x20000000         0x00010000         !xr
DSRAM_2_comm     0x30000000         0x00008000         !xr
*default*        0x00000000         0xffffffff

Linker script and memory map

LOAD ./Startup/startup_XMC4500.o
LOAD ./Startup/system_XMC4500.o
LOAD ./Libraries/XMCLib/src/xmc4_eru.o
LOAD ./Libraries/XMCLib/src/xmc4_flash.o
LOAD ./Libraries/XMCLib/src/xmc4_gpio.o
LOAD ./Libraries/XMCLib/src/xmc4_rtc.o
LOAD ./Libraries/XMCLib/src/xmc4_scu.o
LOAD ./Libraries/XMCLib/src/xmc_can.o
LOAD ./Libraries/XMCLib/src/xmc_ccu4.o
LOAD ./Libraries/XMCLib/src/xmc_ccu8.o
LOAD ./Libraries/XMCLib/src/xmc_common.o
LOAD ./Libraries/XMCLib/src/xmc_dac.o
LOAD ./Libraries/XMCLib/src/xmc_dma.o
LOAD ./Libraries/XMCLib/src/xmc_dsd.o
LOAD ./Libraries/XMCLib/src/xmc_ebu.o
LOAD ./Libraries/XMCLib/src/xmc_ecat.o
LOAD ./Libraries/XMCLib/src/xmc_eru.o
LOAD ./Libraries/XMCLib/src/xmc_eth_mac.o
LOAD ./Libraries/XMCLib/src/xmc_eth_phy_dp83848.o
LOAD ./Libraries/XMCLib/src/xmc_eth_phy_ksz8031rnl.o
LOAD ./Libraries/XMCLib/src/xmc_eth_phy_ksz8081rnb.o
LOAD ./Libraries/XMCLib/src/xmc_fce.o
LOAD ./Libraries/XMCLib/src/xmc_gpio.o
LOAD ./Libraries/XMCLib/src/xmc_hrpwm.o
LOAD ./Libraries/XMCLib/src/xmc_i2c.o
LOAD ./Libraries/XMCLib/src/xmc_i2s.o
LOAD ./Libraries/XMCLib/src/xmc_ledts.o
LOAD ./Libraries/XMCLib/src/xmc_posif.o
LOAD ./Libraries/XMCLib/src/xmc_rtc.o
LOAD ./Libraries/XMCLib/src/xmc_sdmmc.o
LOAD ./Libraries/XMCLib/src/xmc_spi.o
LOAD ./Libraries/XMCLib/src/xmc_uart.o
LOAD ./Libraries/XMCLib/src/xmc_usbd.o
LOAD ./Libraries/XMCLib/src/xmc_usbh.o
LOAD ./Libraries/XMCLib/src/xmc_usic.o
LOAD ./Libraries/XMCLib/src/xmc_vadc.o
LOAD ./Libraries/XMCLib/src/xmc_wdt.o
LOAD ./Libraries/Newlib/syscalls.o
LOAD ./Dave/Generated/UART/uart.o
LOAD ./Dave/Generated/UART/uart_conf.o
LOAD ./Dave/Generated/TIMER/timer.o
LOAD ./Dave/Generated/TIMER/timer_conf.o
LOAD ./Dave/Generated/PWM/pwm.o
LOAD ./Dave/Generated/PWM/pwm_conf.o
LOAD ./Dave/Generated/INTERRUPT/interrupt.o
LOAD ./Dave/Generated/INTERRUPT/interrupt_conf.o
LOAD ./Dave/Generated/GLOBAL_CCU4/global_ccu4.o
LOAD ./Dave/Generated/GLOBAL_CCU4/global_ccu4_conf.o
LOAD ./Dave/Generated/GLOBAL_ADC/global_adc.o
LOAD ./Dave/Generated/GLOBAL_ADC/global_adc_conf.o
LOAD ./Dave/Generated/DIGITAL_IO/digital_io.o
LOAD ./Dave/Generated/DIGITAL_IO/digital_io_conf.o
LOAD ./Dave/Generated/CPU_CTRL_XMC4/cpu_ctrl_xmc4.o
LOAD ./Dave/Generated/CPU_CTRL_XMC4/cpu_ctrl_xmc4_conf.o
LOAD ./Dave/Generated/CLOCK_XMC4/clock_xmc4.o
LOAD ./Dave/Generated/CLOCK_XMC4/clock_xmc4_conf.o
LOAD ./Dave/Generated/ADC_MEASUREMENT/adc_measurement.o
LOAD ./Dave/Generated/ADC_MEASUREMENT/adc_measurement_conf.o
LOAD ./Dave/Generated/DAVE.o
LOAD ./TouchPlate.o
LOAD ./main.o
LOAD ./uartCom.o
LOAD c:/program files/dave_4/dave-ide-4.4.2-64bit/eclipse/arm-gcc-49/bin/../lib/gcc/arm-none-eabi/4.9.3/../../../../arm-none-eabi/lib/armv7e-m/softfp\libm.a
START GROUP
LOAD c:/program files/dave_4/dave-ide-4.4.2-64bit/eclipse/arm-gcc-49/bin/../lib/gcc/arm-none-eabi/4.9.3/armv7e-m/softfp\libgcc.a
LOAD c:/program files/dave_4/dave-ide-4.4.2-64bit/eclipse/arm-gcc-49/bin/../lib/gcc/arm-none-eabi/4.9.3/../../../../arm-none-eabi/lib/armv7e-m/softfp\libg.a
LOAD c:/program files/dave_4/dave-ide-4.4.2-64bit/eclipse/arm-gcc-49/bin/../lib/gcc/arm-none-eabi/4.9.3/../../../../arm-none-eabi/lib/armv7e-m/softfp\libc.a
END GROUP
START GROUP
LOAD c:/program files/dave_4/dave-ide-4.4.2-64bit/eclipse/arm-gcc-49/bin/../lib/gcc/arm-none-eabi/4.9.3/armv7e-m/softfp\libgcc.a
LOAD c:/program files/dave_4/dave-ide-4.4.2-64bit/eclipse/arm-gcc-49/bin/../lib/gcc/arm-none-eabi/4.9.3/../../../../arm-none-eabi/lib/armv7e-m/softfp\libc.a
LOAD c:/program files/dave_4/dave-ide-4.4.2-64bit/eclipse/arm-gcc-49/bin/../lib/gcc/arm-none-eabi/4.9.3/../../../../arm-none-eabi/lib/armv7e-m/softfp\libnosys.a
END GROUP
                0x00000800                stack_size = DEFINED (stack_size)?stack_size:0x800
                0x00000040                no_init_size = 0x40

.text           0x08000000     0x6af4 load address 0x0c000000
                0x08000000                sText = .
 *(.reset)
 .reset         0x08000000      0x2b4 ./Startup/startup_XMC4500.o
                0x08000000                __Vectors
                0x08000200                Reset_Handler
                0x080002b0                DSD0_7_IRQHandler
                0x080002b0                DebugMon_Handler
                0x080002b0                VADC0_C0_0_IRQHandler
                0x080002b0                CAN0_4_IRQHandler
                0x080002b0                VADC0_G2_0_IRQHandler
                0x080002b0                POSIF0_0_IRQHandler
                0x080002b0                POSIF1_0_IRQHandler
                0x080002b0                HardFault_Handler
                0x080002b0                VADC0_G1_1_IRQHandler
                0x080002b0                SysTick_Handler
                0x080002b0                PendSV_Handler
                0x080002b0                NMI_Handler
                0x080002b0                USIC1_3_IRQHandler
                0x080002b0                CCU40_2_IRQHandler
                0x080002b0                SCU_0_IRQHandler
                0x080002b0                ERU0_0_IRQHandler
                0x080002b0                CCU41_0_IRQHandler
                0x080002b0                USIC1_5_IRQHandler
                0x080002b0                DSD0_4_IRQHandler
                0x080002b0                CCU80_1_IRQHandler
                0x080002b0                CCU81_0_IRQHandler
                0x080002b0                UsageFault_Handler
                0x080002b0                USIC0_0_IRQHandler
                0x080002b0                POSIF1_1_IRQHandler
                0x080002b0                ERU0_2_IRQHandler
                0x080002b0                CCU81_1_IRQHandler
                0x080002b0                ERU1_1_IRQHandler
                0x080002b0                VADC0_G2_3_IRQHandler
                0x080002b0                VADC0_G2_2_IRQHandler
                0x080002b0                CCU42_3_IRQHandler
                0x080002b0                ERU0_3_IRQHandler
                0x080002b0                DSD0_5_IRQHandler
                0x080002b0                VADC0_C0_3_IRQHandler
                0x080002b0                CAN0_6_IRQHandler
                0x080002b0                CCU43_0_IRQHandler
                0x080002b0                VADC0_G0_1_IRQHandler
                0x080002b0                CCU81_2_IRQHandler
                0x080002b0                USIC2_4_IRQHandler
                0x080002b0                CCU81_3_IRQHandler
                0x080002b0                USIC1_1_IRQHandler
                0x080002b0                USIC2_5_IRQHandler
                0x080002b0                CCU40_0_IRQHandler
                0x080002b0                CAN0_0_IRQHandler
                0x080002b0                ERU1_0_IRQHandler
                0x080002b0                CCU42_2_IRQHandler
                0x080002b0                Default_Handler
                0x080002b0                USIC1_4_IRQHandler
                0x080002b0                ERU1_3_IRQHandler
                0x080002b0                USIC1_0_IRQHandler
                0x080002b0                POSIF0_1_IRQHandler
                0x080002b0                VADC0_G0_0_IRQHandler
                0x080002b0                DSD0_2_IRQHandler
                0x080002b0                CCU80_3_IRQHandler
                0x080002b0                CCU41_3_IRQHandler
                0x080002b0                CCU80_2_IRQHandler
                0x080002b0                VADC0_G1_3_IRQHandler
                0x080002b0                VADC0_G0_3_IRQHandler
                0x080002b0                GPDMA0_0_IRQHandler
                0x080002b0                PMU0_0_IRQHandler
                0x080002b0                CAN0_7_IRQHandler
                0x080002b0                DSD0_1_IRQHandler
                0x080002b0                CCU41_2_IRQHandler
                0x080002b0                VADC0_C0_1_IRQHandler
                0x080002b0                CCU43_2_IRQHandler
                0x080002b0                USIC2_2_IRQHandler
                0x080002b0                MemManage_Handler
                0x080002b0                VADC0_G3_1_IRQHandler
                0x080002b0                DAC0_0_IRQHandler
                0x080002b0                SVC_Handler
                0x080002b0                VADC0_G3_3_IRQHandler
                0x080002b0                ERU1_2_IRQHandler
                0x080002b0                CCU41_1_IRQHandler
                0x080002b0                DSD0_6_IRQHandler
                0x080002b0                VADC0_G1_2_IRQHandler
                0x080002b0                USIC2_3_IRQHandler
                0x080002b0                CAN0_2_IRQHandler
                0x080002b0                USIC2_0_IRQHandler
                0x080002b0                VADC0_G0_2_IRQHandler
                0x080002b0                VADC0_G2_1_IRQHandler
                0x080002b0                CAN0_3_IRQHandler
                0x080002b0                ETH0_0_IRQHandler
                0x080002b0                DSD0_0_IRQHandler
                0x080002b0                CCU42_0_IRQHandler
                0x080002b0                FCE0_0_IRQHandler
                0x080002b0                VADC0_G1_0_IRQHandler
                0x080002b0                USB0_0_IRQHandler
                0x080002b0                CAN0_5_IRQHandler
                0x080002b0                CCU80_0_IRQHandler
                0x080002b0                CCU40_1_IRQHandler
                0x080002b0                USIC2_1_IRQHandler
                0x080002b0                USIC0_1_IRQHandler
                0x080002b0                VADC0_G3_2_IRQHandler
                0x080002b0                CCU40_3_IRQHandler
                0x080002b0                BusFault_Handler
                0x080002b0                LEDTS0_0_IRQHandler
                0x080002b0                USIC0_4_IRQHandler
                0x080002b0                CCU43_3_IRQHandler
                0x080002b0                ERU0_1_IRQHandler
                0x080002b0                VADC0_G3_0_IRQHandler
                0x080002b0                USIC1_2_IRQHandler
                0x080002b0                DSD0_3_IRQHandler
                0x080002b0                SDMMC0_0_IRQHandler
                0x080002b0                CAN0_1_IRQHandler
                0x080002b0                USIC0_2_IRQHandler
                0x080002b0                DAC0_1_IRQHandler
                0x080002b0                GPDMA1_0_IRQHandler
 *(.text .text.* .gnu.linkonce.t.*)
 .text.SystemCoreClockUpdate
                0x080002b4       0x88 ./Startup/system_XMC4500.o
                0x080002b4                SystemCoreClockUpdate
 .text.SystemInit
                0x0800033c       0x30 ./Startup/system_XMC4500.o
                0x0800033c                SystemInit
 .text.XMC_GPIO_Init
                0x0800036c       0x88 ./Libraries/XMCLib/src/xmc4_gpio.o
                0x0800036c                XMC_GPIO_Init
 .text.XMC_SCU_lDelay
                0x080003f4       0x2c ./Libraries/XMCLib/src/xmc4_scu.o
 .text.XMC_SCU_RESET_DeassertPeripheralReset
                0x08000420       0x14 ./Libraries/XMCLib/src/xmc4_scu.o
                0x08000420                XMC_SCU_RESET_DeassertPeripheralReset
 .text.XMC_SCU_RESET_IsPeripheralResetAsserted
                0x08000434       0x1e ./Libraries/XMCLib/src/xmc4_scu.o
                0x08000434                XMC_SCU_RESET_IsPeripheralResetAsserted
 *fill*         0x08000452        0x2 
 .text.XMC_SCU_CLOCK_GetPeripheralClockFrequency
                0x08000454       0x18 ./Libraries/XMCLib/src/xmc4_scu.o
                0x08000454                XMC_SCU_CLOCK_GetPeripheralClockFrequency
 .text.XMC_SCU_CLOCK_SetSystemClockSource
                0x0800046c       0x14 ./Libraries/XMCLib/src/xmc4_scu.o
                0x0800046c                XMC_SCU_CLOCK_SetSystemClockSource
 .text.XMC_SCU_CLOCK_SetUsbClockSource
                0x08000480       0x14 ./Libraries/XMCLib/src/xmc4_scu.o
                0x08000480                XMC_SCU_CLOCK_SetUsbClockSource
 .text.XMC_SCU_CLOCK_SetWdtClockSource
                0x08000494       0x14 ./Libraries/XMCLib/src/xmc4_scu.o
                0x08000494                XMC_SCU_CLOCK_SetWdtClockSource
 .text.XMC_SCU_CLOCK_SetSystemPllClockSource
                0x080004a8       0x20 ./Libraries/XMCLib/src/xmc4_scu.o
                0x080004a8                XMC_SCU_CLOCK_SetSystemPllClockSource
 .text.XMC_SCU_HIB_SetRtcClockSource
                0x080004c8       0x20 ./Libraries/XMCLib/src/xmc4_scu.o
                0x080004c8                XMC_SCU_HIB_SetRtcClockSource
 .text.XMC_SCU_HIB_SetStandbyClockSource
                0x080004e8       0x20 ./Libraries/XMCLib/src/xmc4_scu.o
                0x080004e8                XMC_SCU_HIB_SetStandbyClockSource
 .text.XMC_SCU_CLOCK_SetSystemClockDivider
                0x08000508       0x14 ./Libraries/XMCLib/src/xmc4_scu.o
                0x08000508                XMC_SCU_CLOCK_SetSystemClockDivider
 .text.XMC_SCU_CLOCK_SetCcuClockDivider
                0x0800051c       0x14 ./Libraries/XMCLib/src/xmc4_scu.o
                0x0800051c                XMC_SCU_CLOCK_SetCcuClockDivider
 .text.XMC_SCU_CLOCK_SetCpuClockDivider
                0x08000530       0x14 ./Libraries/XMCLib/src/xmc4_scu.o
                0x08000530                XMC_SCU_CLOCK_SetCpuClockDivider
 .text.XMC_SCU_CLOCK_SetPeripheralClockDivider
                0x08000544       0x14 ./Libraries/XMCLib/src/xmc4_scu.o
                0x08000544                XMC_SCU_CLOCK_SetPeripheralClockDivider
 .text.XMC_SCU_CLOCK_SetUsbClockDivider
                0x08000558       0x14 ./Libraries/XMCLib/src/xmc4_scu.o
                0x08000558                XMC_SCU_CLOCK_SetUsbClockDivider
 .text.XMC_SCU_CLOCK_SetEbuClockDivider
                0x0800056c       0x14 ./Libraries/XMCLib/src/xmc4_scu.o
                0x0800056c                XMC_SCU_CLOCK_SetEbuClockDivider
 .text.XMC_SCU_CLOCK_SetWdtClockDivider
                0x08000580       0x14 ./Libraries/XMCLib/src/xmc4_scu.o
                0x08000580                XMC_SCU_CLOCK_SetWdtClockDivider
 .text.XMC_SCU_CLOCK_EnableClock
                0x08000594        0xc ./Libraries/XMCLib/src/xmc4_scu.o
                0x08000594                XMC_SCU_CLOCK_EnableClock
 .text.XMC_SCU_CLOCK_StartUsbPll
                0x080005a0       0x44 ./Libraries/XMCLib/src/xmc4_scu.o
                0x080005a0                XMC_SCU_CLOCK_StartUsbPll
 .text.XMC_SCU_CLOCK_SetBackupClockCalibrationMode
                0x080005e4       0x34 ./Libraries/XMCLib/src/xmc4_scu.o
                0x080005e4                XMC_SCU_CLOCK_SetBackupClockCalibrationMode
 .text.XMC_SCU_HIB_EnableHibernateDomain
                0x08000618       0x34 ./Libraries/XMCLib/src/xmc4_scu.o
                0x08000618                XMC_SCU_HIB_EnableHibernateDomain
 .text.XMC_SCU_CLOCK_IsLowPowerOscillatorStable
                0x0800064c       0x14 ./Libraries/XMCLib/src/xmc4_scu.o
                0x0800064c                XMC_SCU_CLOCK_IsLowPowerOscillatorStable
 .text.XMC_SCU_CLOCK_EnableLowPowerOscillator
                0x08000660       0x4c ./Libraries/XMCLib/src/xmc4_scu.o
                0x08000660                XMC_SCU_CLOCK_EnableLowPowerOscillator
 .text.XMC_SCU_CLOCK_EnableHighPerformanceOscillator
                0x080006ac       0x40 ./Libraries/XMCLib/src/xmc4_scu.o
                0x080006ac                XMC_SCU_CLOCK_EnableHighPerformanceOscillator
 .text.XMC_SCU_CLOCK_IsHighPerformanceOscillatorStable
                0x080006ec       0x18 ./Libraries/XMCLib/src/xmc4_scu.o
                0x080006ec                XMC_SCU_CLOCK_IsHighPerformanceOscillatorStable
 .text.XMC_SCU_CLOCK_EnableSystemPll
                0x08000704       0x14 ./Libraries/XMCLib/src/xmc4_scu.o
                0x08000704                XMC_SCU_CLOCK_EnableSystemPll
 .text.XMC_SCU_CLOCK_DisableSystemPll
                0x08000718       0x14 ./Libraries/XMCLib/src/xmc4_scu.o
                0x08000718                XMC_SCU_CLOCK_DisableSystemPll
 .text.XMC_SCU_CLOCK_StepSystemPllFrequency
                0x0800072c       0x1c ./Libraries/XMCLib/src/xmc4_scu.o
                0x0800072c                XMC_SCU_CLOCK_StepSystemPllFrequency
 .text.XMC_SCU_CLOCK_StartSystemPll
                0x08000748       0xe8 ./Libraries/XMCLib/src/xmc4_scu.o
                0x08000748                XMC_SCU_CLOCK_StartSystemPll
 .text.XMC_SCU_CLOCK_Init
                0x08000830       0x9c ./Libraries/XMCLib/src/xmc4_scu.o
                0x08000830                XMC_SCU_CLOCK_Init
 .text.XMC_CCU4_EnableModule
                0x080008cc       0x50 ./Libraries/XMCLib/src/xmc_ccu4.o
                0x080008cc                XMC_CCU4_EnableModule
 .text.XMC_CCU4_Init
                0x0800091c       0x1e ./Libraries/XMCLib/src/xmc_ccu4.o
                0x0800091c                XMC_CCU4_Init
 .text.XMC_CCU4_SLICE_CompareInit
                0x0800093a       0x2e ./Libraries/XMCLib/src/xmc_ccu4.o
                0x0800093a                XMC_CCU4_SLICE_CompareInit
 .text.XMC_CCU4_SLICE_SetInterruptNode
                0x08000968       0x34 ./Libraries/XMCLib/src/xmc_ccu4.o
                0x08000968                XMC_CCU4_SLICE_SetInterruptNode
 .text.XMC_GPIO_SetHardwareControl
                0x0800099c       0x1a ./Libraries/XMCLib/src/xmc_gpio.o
                0x0800099c                XMC_GPIO_SetHardwareControl
 .text.XMC_UART_CH_Init
                0x080009b6       0x6c ./Libraries/XMCLib/src/xmc_uart.o
                0x080009b6                XMC_UART_CH_Init
 .text.XMC_UART_CH_Transmit
                0x08000a22       0x22 ./Libraries/XMCLib/src/xmc_uart.o
                0x08000a22                XMC_UART_CH_Transmit
 .text.XMC_UART_CH_GetReceivedData
                0x08000a44       0x14 ./Libraries/XMCLib/src/xmc_uart.o
                0x08000a44                XMC_UART_CH_GetReceivedData
 .text.XMC_UART_CH_EnableEvent
                0x08000a58       0x16 ./Libraries/XMCLib/src/xmc_uart.o
                0x08000a58                XMC_UART_CH_EnableEvent
 *fill*         0x08000a6e        0x2 
 .text.XMC_USIC_Enable.part.0
                0x08000a70       0x18 ./Libraries/XMCLib/src/xmc_usic.o
 .text.XMC_USIC_CH_SetBaudrate
                0x08000a88       0x7c ./Libraries/XMCLib/src/xmc_usic.o
                0x08000a88                XMC_USIC_CH_SetBaudrate
 .text.XMC_USIC_CH_SetBaudrateEx
                0x08000b04       0x90 ./Libraries/XMCLib/src/xmc_usic.o
                0x08000b04                XMC_USIC_CH_SetBaudrateEx
 .text.XMC_USIC_CH_RXFIFO_SetSizeTriggerLimit
                0x08000b94       0x22 ./Libraries/XMCLib/src/xmc_usic.o
                0x08000b94                XMC_USIC_CH_RXFIFO_SetSizeTriggerLimit
 .text.XMC_USIC_CH_SetInterruptNodePointer
                0x08000bb6       0x14 ./Libraries/XMCLib/src/xmc_usic.o
                0x08000bb6                XMC_USIC_CH_SetInterruptNodePointer
 *fill*         0x08000bca        0x2 
 .text.XMC_USIC_Enable
                0x08000bcc       0x54 ./Libraries/XMCLib/src/xmc_usic.o
                0x08000bcc                XMC_USIC_Enable
 .text.XMC_USIC_CH_Enable
                0x08000c20       0x68 ./Libraries/XMCLib/src/xmc_usic.o
                0x08000c20                XMC_USIC_CH_Enable
 .text.XMC_VADC_GLOBAL_EnableModule
                0x08000c88        0x6 ./Libraries/XMCLib/src/xmc_vadc.o
                0x08000c88                XMC_VADC_GLOBAL_EnableModule
 .text.XMC_VADC_GLOBAL_Init
                0x08000c8e       0x32 ./Libraries/XMCLib/src/xmc_vadc.o
                0x08000c8e                XMC_VADC_GLOBAL_Init
 .text.XMC_VADC_GLOBAL_InputClassInit
                0x08000cc0       0x18 ./Libraries/XMCLib/src/xmc_vadc.o
                0x08000cc0                XMC_VADC_GLOBAL_InputClassInit
 .text.XMC_VADC_GLOBAL_StartupCalibration
                0x08000cd8       0x38 ./Libraries/XMCLib/src/xmc_vadc.o
                0x08000cd8                XMC_VADC_GLOBAL_StartupCalibration
 .text.XMC_VADC_GLOBAL_BackgroundSetReqSrcEventInterruptNode
                0x08000d10       0x1e ./Libraries/XMCLib/src/xmc_vadc.o
                0x08000d10                XMC_VADC_GLOBAL_BackgroundSetReqSrcEventInterruptNode
 .text.XMC_VADC_GROUP_InputClassInit
                0x08000d2e       0x48 ./Libraries/XMCLib/src/xmc_vadc.o
                0x08000d2e                XMC_VADC_GROUP_InputClassInit
 .text.XMC_VADC_GROUP_Init
                0x08000d76       0x7c ./Libraries/XMCLib/src/xmc_vadc.o
                0x08000d76                XMC_VADC_GROUP_Init
 .text.XMC_VADC_GROUP_SetPowerMode
                0x08000df2       0x10 ./Libraries/XMCLib/src/xmc_vadc.o
                0x08000df2                XMC_VADC_GROUP_SetPowerMode
 *fill*         0x08000e02        0x2 
 .text.XMC_VADC_GLOBAL_BackgroundInit
                0x08000e04       0xcc ./Libraries/XMCLib/src/xmc_vadc.o
                0x08000e04                XMC_VADC_GLOBAL_BackgroundInit
 .text.XMC_VADC_GROUP_ChannelInit
                0x08000ed0       0x6a ./Libraries/XMCLib/src/xmc_vadc.o
                0x08000ed0                XMC_VADC_GROUP_ChannelInit
 *fill*         0x08000f3a        0x2 
 .text._sbrk    0x08000f3c       0x40 ./Libraries/Newlib/syscalls.o
                0x08000f3c                _sbrk
 .text._init    0x08000f7c        0x2 ./Libraries/Newlib/syscalls.o
                0x08000f7c                _init
 .text.UART_lReconfigureRxFIFO
                0x08000f7e       0x1e ./Dave/Generated/UART/uart.o
 .text.UART_Init
                0x08000f9c        0x6 ./Dave/Generated/UART/uart.o
                0x08000f9c                UART_Init
 .text.UART_Transmit
                0x08000fa2       0x6e ./Dave/Generated/UART/uart.o
                0x08000fa2                UART_Transmit
 .text.UART_StartReceiveIRQ
                0x08001010       0x64 ./Dave/Generated/UART/uart.o
                0x08001010                UART_StartReceiveIRQ
 .text.UART_lReceiveHandler
                0x08001074       0xa4 ./Dave/Generated/UART/uart.o
                0x08001074                UART_lReceiveHandler
 .text.UART_lProtocolHandler
                0x08001118       0x64 ./Dave/Generated/UART/uart.o
                0x08001118                UART_lProtocolHandler
 .text.NVIC_EncodePriority.constprop.1
                0x0800117c       0x20 ./Dave/Generated/UART/uart_conf.o
 .text.UART_0_init
                0x0800119c       0xb8 ./Dave/Generated/UART/uart_conf.o
                0x0800119c                UART_0_init
 .text.USIC0_5_IRQHandler
                0x08001254        0xc ./Dave/Generated/UART/uart_conf.o
                0x08001254                USIC0_5_IRQHandler
 .text.USIC0_3_IRQHandler
                0x08001260        0xc ./Dave/Generated/UART/uart_conf.o
                0x08001260                USIC0_3_IRQHandler
 .text.TIMER_ClearEvent
                0x0800126c       0x10 ./Dave/Generated/TIMER/timer.o
                0x0800126c                TIMER_ClearEvent
 .text.TIMER_CCU4_lShadowTransfer
                0x0800127c       0x14 ./Dave/Generated/TIMER/timer.o
                0x0800127c                TIMER_CCU4_lShadowTransfer
 .text.TIMER_CCU4_lInit
                0x08001290       0x5e ./Dave/Generated/TIMER/timer.o
                0x08001290                TIMER_CCU4_lInit
 .text.TIMER_Init
                0x080012ee       0x14 ./Dave/Generated/TIMER/timer.o
                0x080012ee                TIMER_Init
 .text.PWM_lCCU4_ConfigInterrupts
                0x08001302       0x4a ./Dave/Generated/PWM/pwm.o
                0x08001302                PWM_lCCU4_ConfigInterrupts
 .text.PWM_lCCU4_Start
                0x0800134c       0x24 ./Dave/Generated/PWM/pwm.o
                0x0800134c                PWM_lCCU4_Start
 .text.PWM_lCCU4_SetDutyCycle
                0x08001370       0x3a ./Dave/Generated/PWM/pwm.o
                0x08001370                PWM_lCCU4_SetDutyCycle
 .text.PWM_Start
                0x080013aa        0xc ./Dave/Generated/PWM/pwm.o
                0x080013aa                PWM_Start
 .text.PWM_lCCU4_Init
                0x080013b6       0x60 ./Dave/Generated/PWM/pwm.o
                0x080013b6                PWM_lCCU4_Init
 .text.PWM_Init
                0x08001416        0xe ./Dave/Generated/PWM/pwm.o
                0x08001416                PWM_Init
 .text.PWM_SetDutyCycle
                0x08001424        0xe ./Dave/Generated/PWM/pwm.o
                0x08001424                PWM_SetDutyCycle
 *fill*         0x08001432        0x2 
 .text.INTERRUPT_Init
                0x08001434       0x90 ./Dave/Generated/INTERRUPT/interrupt.o
                0x08001434                INTERRUPT_Init
 .text.GLOBAL_CCU4_Init
                0x080014c4       0x20 ./Dave/Generated/GLOBAL_CCU4/global_ccu4.o
                0x080014c4                GLOBAL_CCU4_Init
 .text.GLOBAL_ADC_Init
                0x080014e4       0x62 ./Dave/Generated/GLOBAL_ADC/global_adc.o
                0x080014e4                GLOBAL_ADC_Init
 .text.DIGITAL_IO_Init
                0x08001546       0x1c ./Dave/Generated/DIGITAL_IO/digital_io.o
                0x08001546                DIGITAL_IO_Init
 *fill*         0x08001562        0x2 
 .text.SystemCoreSetup
                0x08001564       0x78 ./Dave/Generated/CPU_CTRL_XMC4/cpu_ctrl_xmc4_conf.o
                0x08001564                SystemCoreSetup
 .text.CLOCK_XMC4_Init
                0x080015dc        0x8 ./Dave/Generated/CLOCK_XMC4/clock_xmc4.o
                0x080015dc                CLOCK_XMC4_Init
 .text.OSCHP_GetFrequency
                0x080015e4        0x8 ./Dave/Generated/CLOCK_XMC4/clock_xmc4.o
                0x080015e4                OSCHP_GetFrequency
 .text.SystemCoreClockSetup
                0x080015ec       0x4c ./Dave/Generated/CLOCK_XMC4/clock_xmc4_conf.o
                0x080015ec                SystemCoreClockSetup
 .text.ADC_MEASUREMENT_Init
                0x08001638      0x134 ./Dave/Generated/ADC_MEASUREMENT/adc_measurement.o
                0x08001638                ADC_MEASUREMENT_Init
 .text.ADC_MEASUREMENT_StartConversion
                0x0800176c       0x12 ./Dave/Generated/ADC_MEASUREMENT/adc_measurement.o
                0x0800176c                ADC_MEASUREMENT_StartConversion
 .text.ADC_MEASUREMENT_GetResult
                0x0800177e       0x14 ./Dave/Generated/ADC_MEASUREMENT/adc_measurement.o
                0x0800177e                ADC_MEASUREMENT_GetResult
 *fill*         0x08001792        0x2 
 .text.DAVE_Init
                0x08001794       0xb0 ./Dave/Generated/DAVE.o
                0x08001794                DAVE_Init
 .text.VADC0_C0_2_IRQHandler
                0x08001844       0x8c ./TouchPlate.o
                0x08001844                VADC0_C0_2_IRQHandler
 .text.CCU42_1_IRQHandler
                0x080018d0       0x1c ./TouchPlate.o
                0x080018d0                CCU42_1_IRQHandler
 .text.startup.main
                0x080018ec       0x30 ./main.o
                0x080018ec                main
 .text.CCU43_1_IRQHandler
                0x0800191c       0x3c ./main.o
                0x0800191c                CCU43_1_IRQHandler
 .text.crc_ccitt
                0x08001958       0x2c ./uartCom.o
                0x08001958                crc_ccitt
 .text.decodeData
                0x08001984      0x124 ./uartCom.o
                0x08001984                decodeData
 .text.irUartDataReceived
                0x08001aa8       0x1c ./uartCom.o
                0x08001aa8                irUartDataReceived
 .text.uart_noise
                0x08001ac4        0x2 ./uartCom.o
                0x08001ac4                uart_noise
 .text.uart_stop0
                0x08001ac6        0x2 ./uartCom.o
                0x08001ac6                uart_stop0
 .text.uart_stop1
                0x08001ac8        0x2 ./uartCom.o
                0x08001ac8                uart_stop1
 .text.uart_sync
                0x08001aca        0x2 ./uartCom.o
                0x08001aca                uart_sync
 .text          0x08001acc       0x2c c:/program files/dave_4/dave-ide-4.4.2-64bit/eclipse/arm-gcc-49/bin/../lib/gcc/arm-none-eabi/4.9.3/armv7e-m/softfp\libgcc.a(_aeabi_uldivmod.o)
                0x08001acc                __aeabi_uldivmod
 .text          0x08001af8       0x60 c:/program files/dave_4/dave-ide-4.4.2-64bit/eclipse/arm-gcc-49/bin/../lib/gcc/arm-none-eabi/4.9.3/armv7e-m/softfp\libgcc.a(bpabi.o)
                0x08001af8                __gnu_ldivmod_helper
                0x08001b28                __gnu_uldivmod_helper
 .text          0x08001b58        0x4 c:/program files/dave_4/dave-ide-4.4.2-64bit/eclipse/arm-gcc-49/bin/../lib/gcc/arm-none-eabi/4.9.3/armv7e-m/softfp\libgcc.a(_dvmd_tls.o)
                0x08001b58                __aeabi_idiv0
                0x08001b58                __aeabi_ldiv0
 .text          0x08001b5c      0x29c c:/program files/dave_4/dave-ide-4.4.2-64bit/eclipse/arm-gcc-49/bin/../lib/gcc/arm-none-eabi/4.9.3/armv7e-m/softfp\libgcc.a(_divdi3.o)
                0x08001b5c                __divdi3
 .text          0x08001df8      0x26c c:/program files/dave_4/dave-ide-4.4.2-64bit/eclipse/arm-gcc-49/bin/../lib/gcc/arm-none-eabi/4.9.3/armv7e-m/softfp\libgcc.a(_udivdi3.o)
                0x08001df8                __udivdi3
 .text.atoi     0x08002064        0x8 c:/program files/dave_4/dave-ide-4.4.2-64bit/eclipse/arm-gcc-49/bin/../lib/gcc/arm-none-eabi/4.9.3/../../../../arm-none-eabi/lib/armv7e-m/softfp\libg.a(lib_a-atoi.o)
                0x08002064                atoi
 .text.__errno  0x0800206c        0xc c:/program files/dave_4/dave-ide-4.4.2-64bit/eclipse/arm-gcc-49/bin/../lib/gcc/arm-none-eabi/4.9.3/../../../../arm-none-eabi/lib/armv7e-m/softfp\libg.a(lib_a-errno.o)
                0x0800206c                __errno
 .text.__libc_init_array
                0x08002078       0x50 c:/program files/dave_4/dave-ide-4.4.2-64bit/eclipse/arm-gcc-49/bin/../lib/gcc/arm-none-eabi/4.9.3/../../../../arm-none-eabi/lib/armv7e-m/softfp\libg.a(lib_a-init.o)
                0x08002078                __libc_init_array
 .text          0x080020c8      0x134 c:/program files/dave_4/dave-ide-4.4.2-64bit/eclipse/arm-gcc-49/bin/../lib/gcc/arm-none-eabi/4.9.3/../../../../arm-none-eabi/lib/armv7e-m/softfp\libg.a(lib_a-memcpy.o)
                0x080020c8                memcpy
 .text.memset   0x080021fc       0x9c c:/program files/dave_4/dave-ide-4.4.2-64bit/eclipse/arm-gcc-49/bin/../lib/gcc/arm-none-eabi/4.9.3/../../../../arm-none-eabi/lib/armv7e-m/softfp\libg.a(lib_a-memset.o)
                0x080021fc                memset
 .text.sprintf  0x08002298       0x4c c:/program files/dave_4/dave-ide-4.4.2-64bit/eclipse/arm-gcc-49/bin/../lib/gcc/arm-none-eabi/4.9.3/../../../../arm-none-eabi/lib/armv7e-m/softfp\libg.a(lib_a-sprintf.o)
                0x08002298                sprintf
 .text._strtol_r
                0x080022e4      0x11c c:/program files/dave_4/dave-ide-4.4.2-64bit/eclipse/arm-gcc-49/bin/../lib/gcc/arm-none-eabi/4.9.3/../../../../arm-none-eabi/lib/armv7e-m/softfp\libg.a(lib_a-strtol.o)
                0x080022e4                _strtol_r
 .text.strtol   0x08002400       0x18 c:/program files/dave_4/dave-ide-4.4.2-64bit/eclipse/arm-gcc-49/bin/../lib/gcc/arm-none-eabi/4.9.3/../../../../arm-none-eabi/lib/armv7e-m/softfp\libg.a(lib_a-strtol.o)
                0x08002400                strtol
 .text._svfprintf_r
                0x08002418     0x14d0 c:/program files/dave_4/dave-ide-4.4.2-64bit/eclipse/arm-gcc-49/bin/../lib/gcc/arm-none-eabi/4.9.3/../../../../arm-none-eabi/lib/armv7e-m/softfp\libg.a(lib_a-svfprintf.o)
                0x08002418                _svfprintf_r
 .text.quorem   0x080038e8      0x12c c:/program files/dave_4/dave-ide-4.4.2-64bit/eclipse/arm-gcc-49/bin/../lib/gcc/arm-none-eabi/4.9.3/../../../../arm-none-eabi/lib/armv7e-m/softfp\libg.a(lib_a-dtoa.o)
 *fill*         0x08003a14        0x4 
 .text._dtoa_r  0x08003a18      0xe90 c:/program files/dave_4/dave-ide-4.4.2-64bit/eclipse/arm-gcc-49/bin/../lib/gcc/arm-none-eabi/4.9.3/../../../../arm-none-eabi/lib/armv7e-m/softfp\libg.a(lib_a-dtoa.o)
                0x08003a18                _dtoa_r
 .text._localeconv_r
                0x080048a8        0x8 c:/program files/dave_4/dave-ide-4.4.2-64bit/eclipse/arm-gcc-49/bin/../lib/gcc/arm-none-eabi/4.9.3/../../../../arm-none-eabi/lib/armv7e-m/softfp\libg.a(lib_a-locale.o)
                0x080048a8                _localeconv_r
 .text._malloc_r
                0x080048b0      0x51c c:/program files/dave_4/dave-ide-4.4.2-64bit/eclipse/arm-gcc-49/bin/../lib/gcc/arm-none-eabi/4.9.3/../../../../arm-none-eabi/lib/armv7e-m/softfp\libg.a(lib_a-mallocr.o)
                0x080048b0                _malloc_r
 .text.memchr   0x08004dcc       0x94 c:/program files/dave_4/dave-ide-4.4.2-64bit/eclipse/arm-gcc-49/bin/../lib/gcc/arm-none-eabi/4.9.3/../../../../arm-none-eabi/lib/armv7e-m/softfp\libg.a(lib_a-memchr.o)
                0x08004dcc                memchr
 .text.__malloc_lock
                0x08004e60        0x4 c:/program files/dave_4/dave-ide-4.4.2-64bit/eclipse/arm-gcc-49/bin/../lib/gcc/arm-none-eabi/4.9.3/../../../../arm-none-eabi/lib/armv7e-m/softfp\libg.a(lib_a-mlock.o)
                0x08004e60                __malloc_lock
 .text.__malloc_unlock
                0x08004e64        0x4 c:/program files/dave_4/dave-ide-4.4.2-64bit/eclipse/arm-gcc-49/bin/../lib/gcc/arm-none-eabi/4.9.3/../../../../arm-none-eabi/lib/armv7e-m/softfp\libg.a(lib_a-mlock.o)
                0x08004e64                __malloc_unlock
 .text._Balloc  0x08004e68       0x4c c:/program files/dave_4/dave-ide-4.4.2-64bit/eclipse/arm-gcc-49/bin/../lib/gcc/arm-none-eabi/4.9.3/../../../../arm-none-eabi/lib/armv7e-m/softfp\libg.a(lib_a-mprec.o)
                0x08004e68                _Balloc
 .text._Bfree   0x08004eb4       0x14 c:/program files/dave_4/dave-ide-4.4.2-64bit/eclipse/arm-gcc-49/bin/../lib/gcc/arm-none-eabi/4.9.3/../../../../arm-none-eabi/lib/armv7e-m/softfp\libg.a(lib_a-mprec.o)
                0x08004eb4                _Bfree
 .text.__multadd
                0x08004ec8       0x84 c:/program files/dave_4/dave-ide-4.4.2-64bit/eclipse/arm-gcc-49/bin/../lib/gcc/arm-none-eabi/4.9.3/../../../../arm-none-eabi/lib/armv7e-m/softfp\libg.a(lib_a-mprec.o)
                0x08004ec8                __multadd
 .text.__hi0bits
                0x08004f4c       0x40 c:/program files/dave_4/dave-ide-4.4.2-64bit/eclipse/arm-gcc-49/bin/../lib/gcc/arm-none-eabi/4.9.3/../../../../arm-none-eabi/lib/armv7e-m/softfp\libg.a(lib_a-mprec.o)
                0x08004f4c                __hi0bits
 .text.__lo0bits
                0x08004f8c       0x5c c:/program files/dave_4/dave-ide-4.4.2-64bit/eclipse/arm-gcc-49/bin/../lib/gcc/arm-none-eabi/4.9.3/../../../../arm-none-eabi/lib/armv7e-m/softfp\libg.a(lib_a-mprec.o)
                0x08004f8c                __lo0bits
 .text.__i2b    0x08004fe8       0x14 c:/program files/dave_4/dave-ide-4.4.2-64bit/eclipse/arm-gcc-49/bin/../lib/gcc/arm-none-eabi/4.9.3/../../../../arm-none-eabi/lib/armv7e-m/softfp\libg.a(lib_a-mprec.o)
                0x08004fe8                __i2b
 .text.__multiply
                0x08004ffc      0x134 c:/program files/dave_4/dave-ide-4.4.2-64bit/eclipse/arm-gcc-49/bin/../lib/gcc/arm-none-eabi/4.9.3/../../../../arm-none-eabi/lib/armv7e-m/softfp\libg.a(lib_a-mprec.o)
                0x08004ffc                __multiply
 .text.__pow5mult
                0x08005130       0xa0 c:/program files/dave_4/dave-ide-4.4.2-64bit/eclipse/arm-gcc-49/bin/../lib/gcc/arm-none-eabi/4.9.3/../../../../arm-none-eabi/lib/armv7e-m/softfp\libg.a(lib_a-mprec.o)
                0x08005130                __pow5mult
 .text.__lshift
                0x080051d0       0xac c:/program files/dave_4/dave-ide-4.4.2-64bit/eclipse/arm-gcc-49/bin/../lib/gcc/arm-none-eabi/4.9.3/../../../../arm-none-eabi/lib/armv7e-m/softfp\libg.a(lib_a-mprec.o)
                0x080051d0                __lshift
 .text.__mcmp   0x0800527c       0x48 c:/program files/dave_4/dave-ide-4.4.2-64bit/eclipse/arm-gcc-49/bin/../lib/gcc/arm-none-eabi/4.9.3/../../../../arm-none-eabi/lib/armv7e-m/softfp\libg.a(lib_a-mprec.o)
                0x0800527c                __mcmp
 .text.__mdiff  0x080052c4       0xd4 c:/program files/dave_4/dave-ide-4.4.2-64bit/eclipse/arm-gcc-49/bin/../lib/gcc/arm-none-eabi/4.9.3/../../../../arm-none-eabi/lib/armv7e-m/softfp\libg.a(lib_a-mprec.o)
                0x080052c4                __mdiff
 .text.__d2b    0x08005398       0xb8 c:/program files/dave_4/dave-ide-4.4.2-64bit/eclipse/arm-gcc-49/bin/../lib/gcc/arm-none-eabi/4.9.3/../../../../arm-none-eabi/lib/armv7e-m/softfp\libg.a(lib_a-mprec.o)
                0x08005398                __d2b
 .text.__fpclassifyd
                0x08005450       0x58 c:/program files/dave_4/dave-ide-4.4.2-64bit/eclipse/arm-gcc-49/bin/../lib/gcc/arm-none-eabi/4.9.3/../../../../arm-none-eabi/lib/armv7e-m/softfp\libg.a(lib_a-s_fpclassify.o)
                0x08005450                __fpclassifyd
 .text._sbrk_r  0x080054a8       0x24 c:/program files/dave_4/dave-ide-4.4.2-64bit/eclipse/arm-gcc-49/bin/../lib/gcc/arm-none-eabi/4.9.3/../../../../arm-none-eabi/lib/armv7e-m/softfp\libg.a(lib_a-sbrkr.o)
                0x080054a8                _sbrk_r
 .text.strlen   0x080054cc       0x5c c:/program files/dave_4/dave-ide-4.4.2-64bit/eclipse/arm-gcc-49/bin/../lib/gcc/arm-none-eabi/4.9.3/../../../../arm-none-eabi/lib/armv7e-m/softfp\libg.a(lib_a-strlen.o)
                0x080054cc                strlen
 .text.__ssprint_r
                0x08005528      0x104 c:/program files/dave_4/dave-ide-4.4.2-64bit/eclipse/arm-gcc-49/bin/../lib/gcc/arm-none-eabi/4.9.3/../../../../arm-none-eabi/lib/armv7e-m/softfp\libg.a(lib_a-svfiprintf.o)
                0x08005528                __ssprint_r
 .text._calloc_r
                0x0800562c       0x60 c:/program files/dave_4/dave-ide-4.4.2-64bit/eclipse/arm-gcc-49/bin/../lib/gcc/arm-none-eabi/4.9.3/../../../../arm-none-eabi/lib/armv7e-m/softfp\libg.a(lib_a-callocr.o)
                0x0800562c                _calloc_r
 .text._malloc_trim_r
                0x0800568c       0x9c c:/program files/dave_4/dave-ide-4.4.2-64bit/eclipse/arm-gcc-49/bin/../lib/gcc/arm-none-eabi/4.9.3/../../../../arm-none-eabi/lib/armv7e-m/softfp\libg.a(lib_a-freer.o)
                0x0800568c                _malloc_trim_r
 .text._free_r  0x08005728      0x1b0 c:/program files/dave_4/dave-ide-4.4.2-64bit/eclipse/arm-gcc-49/bin/../lib/gcc/arm-none-eabi/4.9.3/../../../../arm-none-eabi/lib/armv7e-m/softfp\libg.a(lib_a-freer.o)
                0x08005728                _free_r
 .text.memmove  0x080058d8       0xc8 c:/program files/dave_4/dave-ide-4.4.2-64bit/eclipse/arm-gcc-49/bin/../lib/gcc/arm-none-eabi/4.9.3/../../../../arm-none-eabi/lib/armv7e-m/softfp\libg.a(lib_a-memmove.o)
                0x080058d8                memmove
 .text._realloc_r
                0x080059a0      0x3ec c:/program files/dave_4/dave-ide-4.4.2-64bit/eclipse/arm-gcc-49/bin/../lib/gcc/arm-none-eabi/4.9.3/../../../../arm-none-eabi/lib/armv7e-m/softfp\libg.a(lib_a-reallocr.o)
                0x080059a0                _realloc_r
 .text          0x08005d8c      0x370 c:/program files/dave_4/dave-ide-4.4.2-64bit/eclipse/arm-gcc-49/bin/../lib/gcc/arm-none-eabi/4.9.3/armv7e-m/softfp\libgcc.a(_arm_addsubdf3.o)
                0x08005d8c                __aeabi_drsub
                0x08005d94                __aeabi_dsub
                0x08005d94                __subdf3
                0x08005d98                __aeabi_dadd
                0x08005d98                __adddf3
                0x08006010                __floatunsidf
                0x08006010                __aeabi_ui2d
                0x08006030                __floatsidf
                0x08006030                __aeabi_i2d
                0x08006054                __aeabi_f2d
                0x08006054                __extendsfdf2
                0x08006090                __floatundidf
                0x08006090                __aeabi_ul2d
                0x080060a0                __floatdidf
                0x080060a0                __aeabi_l2d
 .text          0x080060fc      0x424 c:/program files/dave_4/dave-ide-4.4.2-64bit/eclipse/arm-gcc-49/bin/../lib/gcc/arm-none-eabi/4.9.3/armv7e-m/softfp\libgcc.a(_arm_muldivdf3.o)
                0x080060fc                __aeabi_dmul
                0x080060fc                __muldf3
                0x08006350                __divdf3
                0x08006350                __aeabi_ddiv
 .text          0x08006520      0x110 c:/program files/dave_4/dave-ide-4.4.2-64bit/eclipse/arm-gcc-49/bin/../lib/gcc/arm-none-eabi/4.9.3/armv7e-m/softfp\libgcc.a(_arm_cmpdf2.o)
                0x08006520                __gtdf2
                0x08006520                __gedf2
                0x08006528                __ltdf2
                0x08006528                __ledf2
                0x08006530                __nedf2
                0x08006530                __eqdf2
                0x08006530                __cmpdf2
                0x080065ac                __aeabi_cdrcmple
                0x080065bc                __aeabi_cdcmpeq
                0x080065bc                __aeabi_cdcmple
                0x080065cc                __aeabi_dcmpeq
                0x080065e0                __aeabi_dcmplt
                0x080065f4                __aeabi_dcmple
                0x08006608                __aeabi_dcmpge
                0x0800661c                __aeabi_dcmpgt
 .text          0x08006630       0x50 c:/program files/dave_4/dave-ide-4.4.2-64bit/eclipse/arm-gcc-49/bin/../lib/gcc/arm-none-eabi/4.9.3/armv7e-m/softfp\libgcc.a(_arm_fixdfsi.o)
                0x08006630                __aeabi_d2iz
                0x08006630                __fixdfsi
 *(.init)
 *(.fini)
 *crtbegin.o(.ctors)
 *crtbegin?.o(.ctors)
 *(EXCLUDE_FILE(*crtend.o *crtend?.o) .ctors)
 *(SORT(.ctors.*))
 *(.ctors)
 *crtbegin.o(.dtors)
 *crtbegin?.o(.dtors)
 *(EXCLUDE_FILE(*crtend.o *crtend?.o) .dtors)
 *(SORT(.dtors.*))
 *(.dtors)
 *(.rodata .rodata.*)
 .rodata.CSWTCH.36
                0x08006680        0xa ./Libraries/XMCLib/src/xmc_ccu4.o
 .rodata.CSWTCH.37
                0x0800668a       0x14 ./Libraries/XMCLib/src/xmc_ccu4.o
 *fill*         0x0800669e        0x2 
 .rodata.g_xmc_vadc_group_array
                0x080066a0       0x10 ./Libraries/XMCLib/src/xmc_vadc.o
 .rodata.uart_event_status_flags
                0x080066b0       0x14 ./Dave/Generated/UART/uart.o
                0x080066b0                uart_event_status_flags
 .rodata.uart_event_conf_flags
                0x080066c4       0x14 ./Dave/Generated/UART/uart.o
                0x080066c4                uart_event_conf_flags
 .rodata.UART_0_config
                0x080066d8       0x2c ./Dave/Generated/UART/uart_conf.o
                0x080066d8                UART_0_config
 .rodata.UART_0_rx_pin_config
                0x08006704        0xc ./Dave/Generated/UART/uart_conf.o
                0x08006704                UART_0_rx_pin_config
 .rodata.UART_0_tx_pin
                0x08006710        0xc ./Dave/Generated/UART/uart_conf.o
                0x08006710                UART_0_tx_pin
 .rodata.UART_0_tx_pin_config
                0x0800671c        0xc ./Dave/Generated/UART/uart_conf.o
                0x0800671c                UART_0_tx_pin_config
 .rodata.UART_0_channel_config
                0x08006728        0xc ./Dave/Generated/UART/uart_conf.o
                0x08006728                UART_0_channel_config
 .rodata.PWM_MOTOR_1_gpio_out_config
                0x08006734        0xc ./Dave/Generated/PWM/pwm_conf.o
                0x08006734                PWM_MOTOR_1_gpio_out_config
 .rodata.PWM_MOTOR_2_compare_config
                0x08006740        0x8 ./Dave/Generated/PWM/pwm_conf.o
                0x08006740                PWM_MOTOR_2_compare_config
 .rodata.PWM_MOTOR_0_gpio_out_config
                0x08006748        0xc ./Dave/Generated/PWM/pwm_conf.o
                0x08006748                PWM_MOTOR_0_gpio_out_config
 .rodata.PWM_MOTOR_0_compare_config
                0x08006754        0x8 ./Dave/Generated/PWM/pwm_conf.o
                0x08006754                PWM_MOTOR_0_compare_config
 .rodata.PWM_MOTOR_2_gpio_out_config
                0x0800675c        0xc ./Dave/Generated/PWM/pwm_conf.o
                0x0800675c                PWM_MOTOR_2_gpio_out_config
 .rodata.PWM_MOTOR_1_compare_config
                0x08006768        0x8 ./Dave/Generated/PWM/pwm_conf.o
                0x08006768                PWM_MOTOR_1_compare_config
 .rodata.INTERRUPT_TIMER_PLATE_SCAN
                0x08006770        0x4 ./Dave/Generated/INTERRUPT/interrupt_conf.o
                0x08006770                INTERRUPT_TIMER_PLATE_SCAN
 .rodata.INTERRUPT_SET_PWM_VALUES
                0x08006774        0x4 ./Dave/Generated/INTERRUPT/interrupt_conf.o
                0x08006774                INTERRUPT_SET_PWM_VALUES
 .rodata.group_init_handle0
                0x08006778       0x14 ./Dave/Generated/GLOBAL_ADC/global_adc_conf.o
                0x08006778                group_init_handle0
 .rodata.group_init_handle1
                0x0800678c       0x14 ./Dave/Generated/GLOBAL_ADC/global_adc_conf.o
                0x0800678c                group_init_handle1
 .rodata.group_init_handle3
                0x080067a0       0x14 ./Dave/Generated/GLOBAL_ADC/global_adc_conf.o
                0x080067a0                group_init_handle3
 .rodata.global_config
                0x080067b4       0x18 ./Dave/Generated/GLOBAL_ADC/global_adc_conf.o
                0x080067b4                global_config
 .rodata.group_init_handle2
                0x080067cc       0x14 ./Dave/Generated/GLOBAL_ADC/global_adc_conf.o
                0x080067cc                group_init_handle2
 .rodata.DIGITAL_IO_PLATE_LL
                0x080067e0       0x14 ./Dave/Generated/DIGITAL_IO/digital_io_conf.o
                0x080067e0                DIGITAL_IO_PLATE_LL
 .rodata.DIGITAL_IO_PLATE_LR
                0x080067f4       0x14 ./Dave/Generated/DIGITAL_IO/digital_io_conf.o
                0x080067f4                DIGITAL_IO_PLATE_LR
 .rodata.DIGITAL_IO_PLATE_UL
                0x08006808       0x14 ./Dave/Generated/DIGITAL_IO/digital_io_conf.o
                0x08006808                DIGITAL_IO_PLATE_UL
 .rodata.DIGITAL_IO_PLATE_UR
                0x0800681c       0x14 ./Dave/Generated/DIGITAL_IO/digital_io_conf.o
                0x0800681c                DIGITAL_IO_PLATE_UR
 .rodata        0x08006830       0x14 ./Dave/Generated/CLOCK_XMC4/clock_xmc4_conf.o
 .rodata.backgnd_rs_intr_handle
                0x08006844        0xc ./Dave/Generated/ADC_MEASUREMENT/adc_measurement_conf.o
                0x08006844                backgnd_rs_intr_handle
 .rodata.backgnd_config
                0x08006850        0xc ./Dave/Generated/ADC_MEASUREMENT/adc_measurement_conf.o
                0x08006850                backgnd_config
 .rodata.global_iclass_config
                0x0800685c        0x4 ./Dave/Generated/ADC_MEASUREMENT/adc_measurement_conf.o
                0x0800685c                global_iclass_config
 .rodata.str1.1
                0x08006860        0xc ./TouchPlate.o
 .rodata.str1.4
                0x0800686c        0x2 c:/program files/dave_4/dave-ide-4.4.2-64bit/eclipse/arm-gcc-49/bin/../lib/gcc/arm-none-eabi/4.9.3/../../../../arm-none-eabi/lib/armv7e-m/softfp\libg.a(lib_a-impure.o)
                                  0x4 (size before relaxing)
 *fill*         0x0800686e        0x2 
 .rodata.blanks.6794
                0x08006870       0x10 c:/program files/dave_4/dave-ide-4.4.2-64bit/eclipse/arm-gcc-49/bin/../lib/gcc/arm-none-eabi/4.9.3/../../../../arm-none-eabi/lib/armv7e-m/softfp\libg.a(lib_a-svfprintf.o)
 .rodata.str1.4
                0x08006880       0x42 c:/program files/dave_4/dave-ide-4.4.2-64bit/eclipse/arm-gcc-49/bin/../lib/gcc/arm-none-eabi/4.9.3/../../../../arm-none-eabi/lib/armv7e-m/softfp\libg.a(lib_a-svfprintf.o)
                                 0x44 (size before relaxing)
 *fill*         0x080068c2        0x2 
 .rodata.zeroes.6795
                0x080068c4       0x10 c:/program files/dave_4/dave-ide-4.4.2-64bit/eclipse/arm-gcc-49/bin/../lib/gcc/arm-none-eabi/4.9.3/../../../../arm-none-eabi/lib/armv7e-m/softfp\libg.a(lib_a-svfprintf.o)
 .rodata._ctype_
                0x080068d4      0x104 c:/program files/dave_4/dave-ide-4.4.2-64bit/eclipse/arm-gcc-49/bin/../lib/gcc/arm-none-eabi/4.9.3/../../../../arm-none-eabi/lib/armv7e-m/softfp\libg.a(lib_a-ctype_.o)
                0x080068d4                _ctype_
 .rodata.str1.4
                0x080069d8       0x10 c:/program files/dave_4/dave-ide-4.4.2-64bit/eclipse/arm-gcc-49/bin/../lib/gcc/arm-none-eabi/4.9.3/../../../../arm-none-eabi/lib/armv7e-m/softfp\libg.a(lib_a-dtoa.o)
                                 0x14 (size before relaxing)
 .rodata.str1.4
                0x080069e8        0xc c:/program files/dave_4/dave-ide-4.4.2-64bit/eclipse/arm-gcc-49/bin/../lib/gcc/arm-none-eabi/4.9.3/../../../../arm-none-eabi/lib/armv7e-m/softfp\libg.a(lib_a-locale.o)
                                 0x14 (size before relaxing)
 *fill*         0x080069f4        0x4 
 .rodata.__mprec_tens
                0x080069f8       0xc8 c:/program files/dave_4/dave-ide-4.4.2-64bit/eclipse/arm-gcc-49/bin/../lib/gcc/arm-none-eabi/4.9.3/../../../../arm-none-eabi/lib/armv7e-m/softfp\libg.a(lib_a-mprec.o)
                0x080069f8                __mprec_tens
 .rodata.__mprec_bigtens
                0x08006ac0       0x28 c:/program files/dave_4/dave-ide-4.4.2-64bit/eclipse/arm-gcc-49/bin/../lib/gcc/arm-none-eabi/4.9.3/../../../../arm-none-eabi/lib/armv7e-m/softfp\libg.a(lib_a-mprec.o)
                0x08006ac0                __mprec_bigtens
 .rodata.p05.5265
                0x08006ae8        0xc c:/program files/dave_4/dave-ide-4.4.2-64bit/eclipse/arm-gcc-49/bin/../lib/gcc/arm-none-eabi/4.9.3/../../../../arm-none-eabi/lib/armv7e-m/softfp\libg.a(lib_a-mprec.o)
 *(.gnu.linkonce.r*)
 *(vtable)
                0x08006af4                . = ALIGN (0x4)

.glue_7         0x08006af4        0x0 load address 0x0c006af4
 .glue_7        0x00000000        0x0 linker stubs

.glue_7t        0x08006af4        0x0 load address 0x0c006af4
 .glue_7t       0x00000000        0x0 linker stubs

.vfp11_veneer   0x08006af4        0x0 load address 0x0c006af4
 .vfp11_veneer  0x00000000        0x0 linker stubs

.v4_bx          0x08006af4        0x0 load address 0x0c006af4
 .v4_bx         0x00000000        0x0 linker stubs

.iplt           0x08006af4        0x0 load address 0x0c006af4
 .iplt          0x00000000        0x0 ./Startup/startup_XMC4500.o

.eh_frame_hdr
 *(.eh_frame_hdr)

.eh_frame       0x08006af4        0x0 load address 0x0c006af4
 *(.eh_frame)
 .eh_frame      0x08006af4        0x0 c:/program files/dave_4/dave-ide-4.4.2-64bit/eclipse/arm-gcc-49/bin/../lib/gcc/arm-none-eabi/4.9.3/../../../../arm-none-eabi/lib/armv7e-m/softfp\libg.a(lib_a-strcmp.o)
                                 0x70 (size before relaxing)

.ARM.extab
 *(.ARM.extab* .gnu.linkonce.armextab.*)
                0x08006af4                . = ALIGN (0x4)
                0x08006af4                __exidx_start = .

.ARM.exidx      0x08006af4        0x8 load address 0x0c006af4
 *(.ARM.exidx* .gnu.linkonce.armexidx.*)
 .ARM.exidx     0x08006af4        0x8 c:/program files/dave_4/dave-ide-4.4.2-64bit/eclipse/arm-gcc-49/bin/../lib/gcc/arm-none-eabi/4.9.3/armv7e-m/softfp\libgcc.a(_divdi3.o)
 .ARM.exidx     0x08006afc        0x0 c:/program files/dave_4/dave-ide-4.4.2-64bit/eclipse/arm-gcc-49/bin/../lib/gcc/arm-none-eabi/4.9.3/armv7e-m/softfp\libgcc.a(_udivdi3.o)
                                  0x8 (size before relaxing)
                0x08006afc                __exidx_end = .

.rel.dyn        0x08006afc        0x0 load address 0x0c006afc
 .rel.iplt      0x00000000        0x0 ./Startup/startup_XMC4500.o
                0x08006afc                . = ALIGN (0x4)

Stack           0x10000000      0x800
                0x10000000                __stack_start = .
                0x10000800                . = (. + stack_size)
 *fill*         0x10000000      0x800 
                0x10000800                __stack_end = .
                0x10000800                __initial_sp = .

.ram_code       0x10000800        0x0 load address 0x0c006afc
                0x10000800                . = ALIGN (0x4)
                0x10000800                __ram_code_start = .
 *(.ram_code)
                0x10000800                . = ALIGN (0x4)
                0x10000800                __ram_code_end = .
                0x0c006afc                __ram_code_load = LOADADDR (.ram_code)
                0x00000000                __ram_code_size = (__ram_code_end - __ram_code_start)

PSRAM_DATA      0x10000800        0x0 load address 0x0c006afc
                0x10000800                . = ALIGN (0x4)
                0x10000800                __data3_start = .
 *(PSRAM_DATA)
                0x10000800                . = ALIGN (0x4)
                0x10000800                __data3_end = .
                0x0c006afc                __data3_load = LOADADDR (PSRAM_DATA)
                0x00000000                __data3_size = (__data3_end - __data3_start)

PSRAM_BSS       0x10000800        0x0 load address 0x0c006afc
                0x10000800                . = ALIGN (0x4)
                0x10000800                __bss3_start = .
 *(PSRAM_BSS)
                0x10000800                . = ALIGN (0x4)
                0x10000800                __bss3_end = .
                0x10000800                . = ALIGN (0x8)
                0x10000800                Heap_Bank3_Start = .
                0x00000000                __bss3_size = (__bss3_end - __bss3_start)

.data           0x20000000      0xc28 load address 0x0c006afc
                0x20000000                . = ALIGN (0x4)
                0x20000000                __data_start = .
 *(.data)
 *(.data*)
 .data.UART_0   0x20000000        0xc ./Dave/Generated/UART/uart_conf.o
                0x20000000                UART_0
 .data.TIMER_SET_PWM_VALUES_config
                0x2000000c        0x8 ./Dave/Generated/TIMER/timer_conf.o
                0x2000000c                TIMER_SET_PWM_VALUES_config
 .data.TIMER_PLATE_SCAN
                0x20000014       0x28 ./Dave/Generated/TIMER/timer_conf.o
                0x20000014                TIMER_PLATE_SCAN
 .data.TIMER_SET_PWM_VALUES
                0x2000003c       0x28 ./Dave/Generated/TIMER/timer_conf.o
                0x2000003c                TIMER_SET_PWM_VALUES
 .data.TIMER_PLATE_SCAN_config
                0x20000064        0x8 ./Dave/Generated/TIMER/timer_conf.o
                0x20000064                TIMER_PLATE_SCAN_config
 .data.PWM_MOTOR_1
                0x2000006c       0x34 ./Dave/Generated/PWM/pwm_conf.o
                0x2000006c                PWM_MOTOR_1
 .data.PWM_MOTOR_2
                0x200000a0       0x34 ./Dave/Generated/PWM/pwm_conf.o
                0x200000a0                PWM_MOTOR_2
 .data.PWM_MOTOR_0
                0x200000d4       0x34 ./Dave/Generated/PWM/pwm_conf.o
                0x200000d4                PWM_MOTOR_0
 .data.GLOBAL_CCU4_0
                0x20000108       0x10 ./Dave/Generated/GLOBAL_CCU4/global_ccu4_conf.o
                0x20000108                GLOBAL_CCU4_0
 .data.GLOBAL_CCU4_1
                0x20000118       0x10 ./Dave/Generated/GLOBAL_CCU4/global_ccu4_conf.o
                0x20000118                GLOBAL_CCU4_1
 .data.group_0_config
                0x20000128        0xc ./Dave/Generated/GLOBAL_ADC/global_adc_conf.o
                0x20000128                group_0_config
 .data.GLOBAL_ADC_0
                0x20000134       0x1c ./Dave/Generated/GLOBAL_ADC/global_adc_conf.o
                0x20000134                GLOBAL_ADC_0
 .data.group_1_config
                0x20000150        0xc ./Dave/Generated/GLOBAL_ADC/global_adc_conf.o
                0x20000150                group_1_config
 .data.group_3_config
                0x2000015c        0xc ./Dave/Generated/GLOBAL_ADC/global_adc_conf.o
                0x2000015c                group_3_config
 .data.group_2_config
                0x20000168        0xc ./Dave/Generated/GLOBAL_ADC/global_adc_conf.o
                0x20000168                group_2_config
 .data.ADC_MEASUREMENT_0
                0x20000174       0x1c ./Dave/Generated/ADC_MEASUREMENT/adc_measurement_conf.o
                0x20000174                ADC_MEASUREMENT_0
 .data.ADC_MEASUREMENT_Channel_A_handle
                0x20000190       0x10 ./Dave/Generated/ADC_MEASUREMENT/adc_measurement_conf.o
                0x20000190                ADC_MEASUREMENT_Channel_A_handle
 .data.Channel_A_ch_config
                0x200001a0        0xc ./Dave/Generated/ADC_MEASUREMENT/adc_measurement_conf.o
                0x200001a0                Channel_A_ch_config
 .data.ADC_MEASUREMENT_channel_array
                0x200001ac        0x4 ./Dave/Generated/ADC_MEASUREMENT/adc_measurement_conf.o
                0x200001ac                ADC_MEASUREMENT_channel_array
 .data.crc_table
                0x200001b0      0x200 ./uartCom.o
                0x200001b0                crc_table
 .data.impure_data
                0x200003b0      0x428 c:/program files/dave_4/dave-ide-4.4.2-64bit/eclipse/arm-gcc-49/bin/../lib/gcc/arm-none-eabi/4.9.3/../../../../arm-none-eabi/lib/armv7e-m/softfp\libg.a(lib_a-impure.o)
 .data._impure_ptr
                0x200007d8        0x4 c:/program files/dave_4/dave-ide-4.4.2-64bit/eclipse/arm-gcc-49/bin/../lib/gcc/arm-none-eabi/4.9.3/../../../../arm-none-eabi/lib/armv7e-m/softfp\libg.a(lib_a-impure.o)
                0x200007d8                _impure_ptr
 .data.__ctype_ptr__
                0x200007dc        0x4 c:/program files/dave_4/dave-ide-4.4.2-64bit/eclipse/arm-gcc-49/bin/../lib/gcc/arm-none-eabi/4.9.3/../../../../arm-none-eabi/lib/armv7e-m/softfp\libg.a(lib_a-ctype_.o)
                0x200007dc                __ctype_ptr__
 .data.lconv    0x200007e0       0x38 c:/program files/dave_4/dave-ide-4.4.2-64bit/eclipse/arm-gcc-49/bin/../lib/gcc/arm-none-eabi/4.9.3/../../../../arm-none-eabi/lib/armv7e-m/softfp\libg.a(lib_a-locale.o)
 .data.__malloc_av_
                0x20000818      0x408 c:/program files/dave_4/dave-ide-4.4.2-64bit/eclipse/arm-gcc-49/bin/../lib/gcc/arm-none-eabi/4.9.3/../../../../arm-none-eabi/lib/armv7e-m/softfp\libg.a(lib_a-mallocr.o)
                0x20000818                __malloc_av_
 .data.__malloc_trim_threshold
                0x20000c20        0x4 c:/program files/dave_4/dave-ide-4.4.2-64bit/eclipse/arm-gcc-49/bin/../lib/gcc/arm-none-eabi/4.9.3/../../../../arm-none-eabi/lib/armv7e-m/softfp\libg.a(lib_a-mallocr.o)
                0x20000c20                __malloc_trim_threshold
 .data.__malloc_sbrk_base
                0x20000c24        0x4 c:/program files/dave_4/dave-ide-4.4.2-64bit/eclipse/arm-gcc-49/bin/../lib/gcc/arm-none-eabi/4.9.3/../../../../arm-none-eabi/lib/armv7e-m/softfp\libg.a(lib_a-mallocr.o)
                0x20000c24                __malloc_sbrk_base
 *(*.data)
 *(.gnu.linkonce.d*)
                0x20000c28                . = ALIGN (0x4)
                0x20000c28                PROVIDE (__preinit_array_start, .)
 *(.preinit_array)
                0x20000c28                PROVIDE (__preinit_array_end, .)
                0x20000c28                . = ALIGN (0x4)
                0x20000c28                PROVIDE (__init_array_start, .)
 *(SORT(.init_array.*))
 *(.init_array)
                0x20000c28                PROVIDE (__init_array_end, .)
                0x20000c28                . = ALIGN (0x4)
                0x20000c28                PROVIDE (__fini_array_start, .)
 *(SORT(.fini_array.*))
 *(.fini_array)
                0x20000c28                PROVIDE (__fini_array_end, .)
                0x20000c28                . = ALIGN (0x4)
                0x20000c28                __data_end = .
                0x0c006afc                __data_load = LOADADDR (.data)
                0x00000c28                __data_size = (__data_end - __data_start)

.igot.plt       0x20000c28        0x0 load address 0x0c007724
 .igot.plt      0x00000000        0x0 ./Startup/startup_XMC4500.o

.bss            0x20000c28       0x90 load address 0x0c007724
                0x20000c28                . = ALIGN (0x4)
                0x20000c28                __bss_start = .
 *(.bss)
 *(.bss*)
 .bss.heap_ptr.4331
                0x20000c28        0x4 ./Libraries/Newlib/syscalls.o
 .bss.UART_0_runtime
                0x20000c2c       0x1c ./Dave/Generated/UART/uart_conf.o
                0x20000c2c                UART_0_runtime
 .bss.CLOCK_XMC4_0
                0x20000c48        0x1 ./Dave/Generated/CLOCK_XMC4/clock_xmc4_conf.o
                0x20000c48                CLOCK_XMC4_0
 *fill*         0x20000c49        0x3 
 .bss.Channel_A_res_config
                0x20000c4c        0x4 ./Dave/Generated/ADC_MEASUREMENT/adc_measurement_conf.o
                0x20000c4c                Channel_A_res_config
 .bss.x.10878   0x20000c50        0x2 ./TouchPlate.o
 .bss.y.10879   0x20000c52        0x2 ./TouchPlate.o
 .bss.i.10574   0x20000c54        0x4 ./uartCom.o
 .bss.data.10575
                0x20000c58        0xb ./uartCom.o
 *fill*         0x20000c63        0x1 
 .bss.__malloc_max_total_mem
                0x20000c64        0x4 c:/program files/dave_4/dave-ide-4.4.2-64bit/eclipse/arm-gcc-49/bin/../lib/gcc/arm-none-eabi/4.9.3/../../../../arm-none-eabi/lib/armv7e-m/softfp\libg.a(lib_a-mallocr.o)
                0x20000c64                __malloc_max_total_mem
 .bss.__malloc_max_sbrked_mem
                0x20000c68        0x4 c:/program files/dave_4/dave-ide-4.4.2-64bit/eclipse/arm-gcc-49/bin/../lib/gcc/arm-none-eabi/4.9.3/../../../../arm-none-eabi/lib/armv7e-m/softfp\libg.a(lib_a-mallocr.o)
                0x20000c68                __malloc_max_sbrked_mem
 .bss.__malloc_top_pad
                0x20000c6c        0x4 c:/program files/dave_4/dave-ide-4.4.2-64bit/eclipse/arm-gcc-49/bin/../lib/gcc/arm-none-eabi/4.9.3/../../../../arm-none-eabi/lib/armv7e-m/softfp\libg.a(lib_a-mallocr.o)
                0x20000c6c                __malloc_top_pad
 .bss.__malloc_current_mallinfo
                0x20000c70       0x28 c:/program files/dave_4/dave-ide-4.4.2-64bit/eclipse/arm-gcc-49/bin/../lib/gcc/arm-none-eabi/4.9.3/../../../../arm-none-eabi/lib/armv7e-m/softfp\libg.a(lib_a-mallocr.o)
                0x20000c70                __malloc_current_mallinfo
 *(COMMON)
 COMMON         0x20000c98       0x1c ./TouchPlate.o
                0x20000c98                read_data
                0x20000ca8                servos
 COMMON         0x20000cb4        0x4 c:/program files/dave_4/dave-ide-4.4.2-64bit/eclipse/arm-gcc-49/bin/../lib/gcc/arm-none-eabi/4.9.3/../../../../arm-none-eabi/lib/armv7e-m/softfp\libg.a(lib_a-reent.o)
                0x20000cb4                errno
 *(.gnu.linkonce.b*)
                0x20000cb8                . = ALIGN (0x4)
                0x20000cb8                __bss_end = .
                0x20000cb8                . = ALIGN (0x8)
                0x20000cb8                Heap_Bank1_Start = .
                0x00000090                __bss_size = (__bss_end - __bss_start)

.no_init        0x2000ffc0       0x14
                0x2000ffc0                Heap_Bank1_End = .
 *(.no_init)
 .no_init       0x2000ffc0       0x14 ./Startup/system_XMC4500.o
                0x2000ffc0                SystemCoreClock
                0x2000ffc4                g_chipid

DSRAM2_DATA     0x30000000        0x0 load address 0x0c007724
                0x30000000                . = ALIGN (0x4)
                0x30000000                __data2_start = .
 *(DSRAM2_DATA)
                0x30000000                . = ALIGN (0x4)
                0x30000000                __data2_end = .
                0x0c007724                __data2_load = LOADADDR (DSRAM2_DATA)
                0x00000000                __data2_size = (__data2_end - __data2_start)
                0x00007724                __text_size = (((((__exidx_end - sText) + __data_size) + __ram_code_size) + __data2_size) + __data3_size)
                0x08007724                eText = (sText + __text_size)

DSRAM2_BSS      0x30000000        0x0 load address 0x0c007724
                0x30000000                . = ALIGN (0x4)
                0x30000000                __bss2_start = .
 *(ETH_RAM)
 *(USB_RAM)
 *(DSRAM2_BSS)
                0x30000000                . = ALIGN (0x4)
                0x30000000                __bss2_end = .
                0x30000000                . = ALIGN (0x8)
                0x30000000                Heap_Bank2_Start = .
                0x00000000                __bss2_size = (__bss2_end - __bss2_start)
                0x0000f308                Heap_Bank1_Size = (Heap_Bank1_End - Heap_Bank1_Start)
                0x00008000                Heap_Bank2_Size = (0x8000 - (Heap_Bank2_Start - ORIGIN (DSRAM_2_comm)))
                0x0000f800                Heap_Bank3_Size = (0x10000 - (Heap_Bank3_Start - ORIGIN (PSRAM_1)))
                0x00000001                ASSERT ((Heap_Bank1_Start <= Heap_Bank1_End), region SRAM_combined overflowed no_init section)

/DISCARD/
 *(.comment)

.stab
 *(.stab)

.stabstr
 *(.stabstr)

.debug
 *(.debug)

.line
 *(.line)

.debug_srcinfo
 *(.debug_srcinfo)

.debug_sfnames
 *(.debug_sfnames)

.debug_aranges  0x00000000      0xd40
 *(.debug_aranges)
 .debug_aranges
                0x00000000       0x20 ./Startup/startup_XMC4500.o
 .debug_aranges
                0x00000020       0x48 ./Startup/system_XMC4500.o
 .debug_aranges
                0x00000068       0x28 ./Libraries/XMCLib/src/xmc4_gpio.o
 .debug_aranges
                0x00000090      0x398 ./Libraries/XMCLib/src/xmc4_scu.o
 .debug_aranges
                0x00000428      0x108 ./Libraries/XMCLib/src/xmc_ccu4.o
 .debug_aranges
                0x00000530       0x28 ./Libraries/XMCLib/src/xmc_gpio.o
 .debug_aranges
                0x00000558       0x58 ./Libraries/XMCLib/src/xmc_uart.o
 .debug_aranges
                0x000005b0       0xa8 ./Libraries/XMCLib/src/xmc_usic.o
 .debug_aranges
                0x00000658      0x238 ./Libraries/XMCLib/src/xmc_vadc.o
 .debug_aranges
                0x00000890       0x28 ./Libraries/Newlib/syscalls.o
 .debug_aranges
                0x000008b8       0x68 ./Dave/Generated/UART/uart.o
 .debug_aranges
                0x00000920       0x38 ./Dave/Generated/UART/uart_conf.o
 .debug_aranges
                0x00000958       0x78 ./Dave/Generated/TIMER/timer.o
 .debug_aranges
                0x000009d0       0x18 ./Dave/Generated/TIMER/timer_conf.o
 .debug_aranges
                0x000009e8       0xb0 ./Dave/Generated/PWM/pwm.o
 .debug_aranges
                0x00000a98       0x18 ./Dave/Generated/PWM/pwm_conf.o
 .debug_aranges
                0x00000ab0       0x28 ./Dave/Generated/INTERRUPT/interrupt.o
 .debug_aranges
                0x00000ad8       0x18 ./Dave/Generated/INTERRUPT/interrupt_conf.o
 .debug_aranges
                0x00000af0       0x28 ./Dave/Generated/GLOBAL_CCU4/global_ccu4.o
 .debug_aranges
                0x00000b18       0x18 ./Dave/Generated/GLOBAL_CCU4/global_ccu4_conf.o
 .debug_aranges
                0x00000b30       0x28 ./Dave/Generated/GLOBAL_ADC/global_adc.o
 .debug_aranges
                0x00000b58       0x18 ./Dave/Generated/GLOBAL_ADC/global_adc_conf.o
 .debug_aranges
                0x00000b70       0x28 ./Dave/Generated/DIGITAL_IO/digital_io.o
 .debug_aranges
                0x00000b98       0x18 ./Dave/Generated/DIGITAL_IO/digital_io_conf.o
 .debug_aranges
                0x00000bb0       0x20 ./Dave/Generated/CPU_CTRL_XMC4/cpu_ctrl_xmc4_conf.o
 .debug_aranges
                0x00000bd0       0x38 ./Dave/Generated/CLOCK_XMC4/clock_xmc4.o
 .debug_aranges
                0x00000c08       0x20 ./Dave/Generated/CLOCK_XMC4/clock_xmc4_conf.o
 .debug_aranges
                0x00000c28       0x40 ./Dave/Generated/ADC_MEASUREMENT/adc_measurement.o
 .debug_aranges
                0x00000c68       0x18 ./Dave/Generated/ADC_MEASUREMENT/adc_measurement_conf.o
 .debug_aranges
                0x00000c80       0x20 ./Dave/Generated/DAVE.o
 .debug_aranges
                0x00000ca0       0x28 ./TouchPlate.o
 .debug_aranges
                0x00000cc8       0x28 ./main.o
 .debug_aranges
                0x00000cf0       0x50 ./uartCom.o

.debug_pubnames
 *(.debug_pubnames)

.debug_pubtypes
 *(.debug_pubtypes)

.debug_info     0x00000000    0x1ff01
 *(.debug_info .gnu.linkonce.wi.*)
 .debug_info    0x00000000       0x77 ./Startup/startup_XMC4500.o
 .debug_info    0x00000077      0x95b ./Startup/system_XMC4500.o
 .debug_info    0x000009d2      0x42c ./Libraries/XMCLib/src/xmc4_gpio.o
 .debug_info    0x00000dfe     0x240c ./Libraries/XMCLib/src/xmc4_scu.o
 .debug_info    0x0000320a     0x168d ./Libraries/XMCLib/src/xmc_ccu4.o
 .debug_info    0x00004897      0x3a5 ./Libraries/XMCLib/src/xmc_gpio.o
 .debug_info    0x00004c3c      0xa6b ./Libraries/XMCLib/src/xmc_uart.o
 .debug_info    0x000056a7      0xf0c ./Libraries/XMCLib/src/xmc_usic.o
 .debug_info    0x000065b3     0x3050 ./Libraries/XMCLib/src/xmc_vadc.o
 .debug_info    0x00009603      0x141 ./Libraries/Newlib/syscalls.o
 .debug_info    0x00009744     0x1712 ./Dave/Generated/UART/uart.o
 .debug_info    0x0000ae56     0x1649 ./Dave/Generated/UART/uart_conf.o
 .debug_info    0x0000c49f     0x1075 ./Dave/Generated/TIMER/timer.o
 .debug_info    0x0000d514      0x871 ./Dave/Generated/TIMER/timer_conf.o
 .debug_info    0x0000dd85     0x1a9e ./Dave/Generated/PWM/pwm.o
 .debug_info    0x0000f823      0xc1e ./Dave/Generated/PWM/pwm_conf.o
 .debug_info    0x00010441      0x97a ./Dave/Generated/INTERRUPT/interrupt.o
 .debug_info    0x00010dbb      0x41b ./Dave/Generated/INTERRUPT/interrupt_conf.o
 .debug_info    0x000111d6      0x3fa ./Dave/Generated/GLOBAL_CCU4/global_ccu4.o
 .debug_info    0x000115d0      0x2d4 ./Dave/Generated/GLOBAL_CCU4/global_ccu4_conf.o
 .debug_info    0x000118a4     0x1070 ./Dave/Generated/GLOBAL_ADC/global_adc.o
 .debug_info    0x00012914      0xfb4 ./Dave/Generated/GLOBAL_ADC/global_adc_conf.o
 .debug_info    0x000138c8      0x54c ./Dave/Generated/DIGITAL_IO/digital_io.o
 .debug_info    0x00013e14      0x451 ./Dave/Generated/DIGITAL_IO/digital_io_conf.o
 .debug_info    0x00014265      0x497 ./Dave/Generated/CPU_CTRL_XMC4/cpu_ctrl_xmc4_conf.o
 .debug_info    0x000146fc      0x252 ./Dave/Generated/CLOCK_XMC4/clock_xmc4.o
 .debug_info    0x0001494e      0x510 ./Dave/Generated/CLOCK_XMC4/clock_xmc4_conf.o
 .debug_info    0x00014e5e     0x1fbc ./Dave/Generated/ADC_MEASUREMENT/adc_measurement.o
 .debug_info    0x00016e1a     0x178d ./Dave/Generated/ADC_MEASUREMENT/adc_measurement_conf.o
 .debug_info    0x000185a7     0x2cc5 ./Dave/Generated/DAVE.o
 .debug_info    0x0001b26c     0x28e7 ./TouchPlate.o
 .debug_info    0x0001db53     0x1513 ./main.o
 .debug_info    0x0001f066      0xe9b ./uartCom.o

.debug_abbrev   0x00000000     0x4721
 *(.debug_abbrev)
 .debug_abbrev  0x00000000       0x14 ./Startup/startup_XMC4500.o
 .debug_abbrev  0x00000014      0x1bf ./Startup/system_XMC4500.o
 .debug_abbrev  0x000001d3      0x11e ./Libraries/XMCLib/src/xmc4_gpio.o
 .debug_abbrev  0x000002f1      0x41c ./Libraries/XMCLib/src/xmc4_scu.o
 .debug_abbrev  0x0000070d      0x2d8 ./Libraries/XMCLib/src/xmc_ccu4.o
 .debug_abbrev  0x000009e5      0x11e ./Libraries/XMCLib/src/xmc_gpio.o
 .debug_abbrev  0x00000b03      0x2c7 ./Libraries/XMCLib/src/xmc_uart.o
 .debug_abbrev  0x00000dca      0x35a ./Libraries/XMCLib/src/xmc_usic.o
 .debug_abbrev  0x00001124      0x380 ./Libraries/XMCLib/src/xmc_vadc.o
 .debug_abbrev  0x000014a4       0xed ./Libraries/Newlib/syscalls.o
 .debug_abbrev  0x00001591      0x40a ./Dave/Generated/UART/uart.o
 .debug_abbrev  0x0000199b      0x326 ./Dave/Generated/UART/uart_conf.o
 .debug_abbrev  0x00001cc1      0x3fe ./Dave/Generated/TIMER/timer.o
 .debug_abbrev  0x000020bf      0x15d ./Dave/Generated/TIMER/timer_conf.o
 .debug_abbrev  0x0000221c      0x44b ./Dave/Generated/PWM/pwm.o
 .debug_abbrev  0x00002667      0x186 ./Dave/Generated/PWM/pwm_conf.o
 .debug_abbrev  0x000027ed      0x1ff ./Dave/Generated/INTERRUPT/interrupt.o
 .debug_abbrev  0x000029ec       0x9a ./Dave/Generated/INTERRUPT/interrupt_conf.o
 .debug_abbrev  0x00002a86      0x18a ./Dave/Generated/GLOBAL_CCU4/global_ccu4.o
 .debug_abbrev  0x00002c10      0x100 ./Dave/Generated/GLOBAL_CCU4/global_ccu4_conf.o
 .debug_abbrev  0x00002d10      0x23c ./Dave/Generated/GLOBAL_ADC/global_adc.o
 .debug_abbrev  0x00002f4c      0x188 ./Dave/Generated/GLOBAL_ADC/global_adc_conf.o
 .debug_abbrev  0x000030d4      0x17e ./Dave/Generated/DIGITAL_IO/digital_io.o
 .debug_abbrev  0x00003252      0x100 ./Dave/Generated/DIGITAL_IO/digital_io_conf.o
 .debug_abbrev  0x00003352      0x1b1 ./Dave/Generated/CPU_CTRL_XMC4/cpu_ctrl_xmc4_conf.o
 .debug_abbrev  0x00003503      0x16f ./Dave/Generated/CLOCK_XMC4/clock_xmc4.o
 .debug_abbrev  0x00003672      0x15f ./Dave/Generated/CLOCK_XMC4/clock_xmc4_conf.o
 .debug_abbrev  0x000037d1      0x373 ./Dave/Generated/ADC_MEASUREMENT/adc_measurement.o
 .debug_abbrev  0x00003b44      0x17e ./Dave/Generated/ADC_MEASUREMENT/adc_measurement_conf.o
 .debug_abbrev  0x00003cc2      0x236 ./Dave/Generated/DAVE.o
 .debug_abbrev  0x00003ef8      0x314 ./TouchPlate.o
 .debug_abbrev  0x0000420c      0x26d ./main.o
 .debug_abbrev  0x00004479      0x2a8 ./uartCom.o

.debug_line     0x00000000     0xd027
 *(.debug_line)
 .debug_line    0x00000000       0x88 ./Startup/startup_XMC4500.o
 .debug_line    0x00000088      0x4a9 ./Startup/system_XMC4500.o
 .debug_line    0x00000531      0x468 ./Libraries/XMCLib/src/xmc4_gpio.o
 .debug_line    0x00000999      0xdfa ./Libraries/XMCLib/src/xmc4_scu.o
 .debug_line    0x00001793      0x754 ./Libraries/XMCLib/src/xmc_ccu4.o
 .debug_line    0x00001ee7      0x45b ./Libraries/XMCLib/src/xmc_gpio.o
 .debug_line    0x00002342      0x561 ./Libraries/XMCLib/src/xmc_uart.o
 .debug_line    0x000028a3      0x687 ./Libraries/XMCLib/src/xmc_usic.o
 .debug_line    0x00002f2a      0xbc9 ./Libraries/XMCLib/src/xmc_vadc.o
 .debug_line    0x00003af3      0x2b9 ./Libraries/Newlib/syscalls.o
 .debug_line    0x00003dac      0x701 ./Dave/Generated/UART/uart.o
 .debug_line    0x000044ad      0x5aa ./Dave/Generated/UART/uart_conf.o
 .debug_line    0x00004a57      0x6fe ./Dave/Generated/TIMER/timer.o
 .debug_line    0x00005155      0x53c ./Dave/Generated/TIMER/timer_conf.o
 .debug_line    0x00005691      0x891 ./Dave/Generated/PWM/pwm.o
 .debug_line    0x00005f22      0x573 ./Dave/Generated/PWM/pwm_conf.o
 .debug_line    0x00006495      0x4f7 ./Dave/Generated/INTERRUPT/interrupt.o
 .debug_line    0x0000698c      0x490 ./Dave/Generated/INTERRUPT/interrupt_conf.o
 .debug_line    0x00006e1c      0x509 ./Dave/Generated/GLOBAL_CCU4/global_ccu4.o
 .debug_line    0x00007325      0x4d6 ./Dave/Generated/GLOBAL_CCU4/global_ccu4_conf.o
 .debug_line    0x000077fb      0x52d ./Dave/Generated/GLOBAL_ADC/global_adc.o
 .debug_line    0x00007d28      0x4d0 ./Dave/Generated/GLOBAL_ADC/global_adc_conf.o
 .debug_line    0x000081f8      0x4e9 ./Dave/Generated/DIGITAL_IO/digital_io.o
 .debug_line    0x000086e1      0x4c5 ./Dave/Generated/DIGITAL_IO/digital_io_conf.o
 .debug_line    0x00008ba6      0x531 ./Dave/Generated/CPU_CTRL_XMC4/cpu_ctrl_xmc4_conf.o
 .debug_line    0x000090d7      0x524 ./Dave/Generated/CLOCK_XMC4/clock_xmc4.o
 .debug_line    0x000095fb      0x4fe ./Dave/Generated/CLOCK_XMC4/clock_xmc4_conf.o
 .debug_line    0x00009af9      0x686 ./Dave/Generated/ADC_MEASUREMENT/adc_measurement.o
 .debug_line    0x0000a17f      0x569 ./Dave/Generated/ADC_MEASUREMENT/adc_measurement_conf.o
 .debug_line    0x0000a6e8      0x943 ./Dave/Generated/DAVE.o
 .debug_line    0x0000b02b      0xa9e ./TouchPlate.o
 .debug_line    0x0000bac9      0xa5a ./main.o
 .debug_line    0x0000c523      0xb04 ./uartCom.o

.debug_frame    0x00000000     0x2614
 *(.debug_frame)
 .debug_frame   0x00000000       0xa4 ./Startup/system_XMC4500.o
 .debug_frame   0x000000a4       0x50 ./Libraries/XMCLib/src/xmc4_gpio.o
 .debug_frame   0x000000f4      0x80c ./Libraries/XMCLib/src/xmc4_scu.o
 .debug_frame   0x00000900      0x270 ./Libraries/XMCLib/src/xmc_ccu4.o
 .debug_frame   0x00000b70       0x48 ./Libraries/XMCLib/src/xmc_gpio.o
 .debug_frame   0x00000bb8       0xec ./Libraries/XMCLib/src/xmc_uart.o
 .debug_frame   0x00000ca4      0x200 ./Libraries/XMCLib/src/xmc_usic.o
 .debug_frame   0x00000ea4      0x558 ./Libraries/XMCLib/src/xmc_vadc.o
 .debug_frame   0x000013fc       0x3c ./Libraries/Newlib/syscalls.o
 .debug_frame   0x00001438      0x168 ./Dave/Generated/UART/uart.o
 .debug_frame   0x000015a0       0x60 ./Dave/Generated/UART/uart_conf.o
 .debug_frame   0x00001600      0x118 ./Dave/Generated/TIMER/timer.o
 .debug_frame   0x00001718      0x1b8 ./Dave/Generated/PWM/pwm.o
 .debug_frame   0x000018d0       0x4c ./Dave/Generated/INTERRUPT/interrupt.o
 .debug_frame   0x0000191c       0x44 ./Dave/Generated/GLOBAL_CCU4/global_ccu4.o
 .debug_frame   0x00001960       0x50 ./Dave/Generated/GLOBAL_ADC/global_adc.o
 .debug_frame   0x000019b0       0x44 ./Dave/Generated/DIGITAL_IO/digital_io.o
 .debug_frame   0x000019f4       0x20 ./Dave/Generated/CPU_CTRL_XMC4/cpu_ctrl_xmc4_conf.o
 .debug_frame   0x00001a14       0x58 ./Dave/Generated/CLOCK_XMC4/clock_xmc4.o
 .debug_frame   0x00001a6c       0x34 ./Dave/Generated/CLOCK_XMC4/clock_xmc4_conf.o
 .debug_frame   0x00001aa0       0x80 ./Dave/Generated/ADC_MEASUREMENT/adc_measurement.o
 .debug_frame   0x00001b20       0x34 ./Dave/Generated/DAVE.o
 .debug_frame   0x00001b54       0x54 ./TouchPlate.o
 .debug_frame   0x00001ba8       0x4c ./main.o
 .debug_frame   0x00001bf4       0xb0 ./uartCom.o
 .debug_frame   0x00001ca4       0x28 c:/program files/dave_4/dave-ide-4.4.2-64bit/eclipse/arm-gcc-49/bin/../lib/gcc/arm-none-eabi/4.9.3/armv7e-m/softfp\libgcc.a(_aeabi_uldivmod.o)
 .debug_frame   0x00001ccc       0x50 c:/program files/dave_4/dave-ide-4.4.2-64bit/eclipse/arm-gcc-49/bin/../lib/gcc/arm-none-eabi/4.9.3/armv7e-m/softfp\libgcc.a(bpabi.o)
 .debug_frame   0x00001d1c       0x34 c:/program files/dave_4/dave-ide-4.4.2-64bit/eclipse/arm-gcc-49/bin/../lib/gcc/arm-none-eabi/4.9.3/armv7e-m/softfp\libgcc.a(_divdi3.o)
 .debug_frame   0x00001d50       0x30 c:/program files/dave_4/dave-ide-4.4.2-64bit/eclipse/arm-gcc-49/bin/../lib/gcc/arm-none-eabi/4.9.3/armv7e-m/softfp\libgcc.a(_udivdi3.o)
 .debug_frame   0x00001d80       0x30 c:/program files/dave_4/dave-ide-4.4.2-64bit/eclipse/arm-gcc-49/bin/../lib/gcc/arm-none-eabi/4.9.3/../../../../arm-none-eabi/lib/armv7e-m/softfp\libg.a(lib_a-atoi.o)
 .debug_frame   0x00001db0       0x20 c:/program files/dave_4/dave-ide-4.4.2-64bit/eclipse/arm-gcc-49/bin/../lib/gcc/arm-none-eabi/4.9.3/../../../../arm-none-eabi/lib/armv7e-m/softfp\libg.a(lib_a-errno.o)
 .debug_frame   0x00001dd0       0x2c c:/program files/dave_4/dave-ide-4.4.2-64bit/eclipse/arm-gcc-49/bin/../lib/gcc/arm-none-eabi/4.9.3/../../../../arm-none-eabi/lib/armv7e-m/softfp\libg.a(lib_a-init.o)
 .debug_frame   0x00001dfc       0x34 c:/program files/dave_4/dave-ide-4.4.2-64bit/eclipse/arm-gcc-49/bin/../lib/gcc/arm-none-eabi/4.9.3/../../../../arm-none-eabi/lib/armv7e-m/softfp\libg.a(lib_a-memset.o)
 .debug_frame   0x00001e30       0x84 c:/program files/dave_4/dave-ide-4.4.2-64bit/eclipse/arm-gcc-49/bin/../lib/gcc/arm-none-eabi/4.9.3/../../../../arm-none-eabi/lib/armv7e-m/softfp\libg.a(lib_a-sprintf.o)
 .debug_frame   0x00001eb4       0x54 c:/program files/dave_4/dave-ide-4.4.2-64bit/eclipse/arm-gcc-49/bin/../lib/gcc/arm-none-eabi/4.9.3/../../../../arm-none-eabi/lib/armv7e-m/softfp\libg.a(lib_a-strtol.o)
 .debug_frame   0x00001f08       0x40 c:/program files/dave_4/dave-ide-4.4.2-64bit/eclipse/arm-gcc-49/bin/../lib/gcc/arm-none-eabi/4.9.3/../../../../arm-none-eabi/lib/armv7e-m/softfp\libg.a(lib_a-svfprintf.o)
 .debug_frame   0x00001f48       0x88 c:/program files/dave_4/dave-ide-4.4.2-64bit/eclipse/arm-gcc-49/bin/../lib/gcc/arm-none-eabi/4.9.3/../../../../arm-none-eabi/lib/armv7e-m/softfp\libg.a(lib_a-dtoa.o)
 .debug_frame   0x00001fd0       0x9c c:/program files/dave_4/dave-ide-4.4.2-64bit/eclipse/arm-gcc-49/bin/../lib/gcc/arm-none-eabi/4.9.3/../../../../arm-none-eabi/lib/armv7e-m/softfp\libg.a(lib_a-locale.o)
 .debug_frame   0x0000206c       0x58 c:/program files/dave_4/dave-ide-4.4.2-64bit/eclipse/arm-gcc-49/bin/../lib/gcc/arm-none-eabi/4.9.3/../../../../arm-none-eabi/lib/armv7e-m/softfp\libg.a(lib_a-mallocr.o)
 .debug_frame   0x000020c4       0x3c c:/program files/dave_4/dave-ide-4.4.2-64bit/eclipse/arm-gcc-49/bin/../lib/gcc/arm-none-eabi/4.9.3/../../../../arm-none-eabi/lib/armv7e-m/softfp\libg.a(lib_a-memchr.o)
 .debug_frame   0x00002100       0x30 c:/program files/dave_4/dave-ide-4.4.2-64bit/eclipse/arm-gcc-49/bin/../lib/gcc/arm-none-eabi/4.9.3/../../../../arm-none-eabi/lib/armv7e-m/softfp\libg.a(lib_a-mlock.o)
 .debug_frame   0x00002130      0x268 c:/program files/dave_4/dave-ide-4.4.2-64bit/eclipse/arm-gcc-49/bin/../lib/gcc/arm-none-eabi/4.9.3/../../../../arm-none-eabi/lib/armv7e-m/softfp\libg.a(lib_a-mprec.o)
 .debug_frame   0x00002398       0x34 c:/program files/dave_4/dave-ide-4.4.2-64bit/eclipse/arm-gcc-49/bin/../lib/gcc/arm-none-eabi/4.9.3/../../../../arm-none-eabi/lib/armv7e-m/softfp\libg.a(lib_a-s_fpclassify.o)
 .debug_frame   0x000023cc       0x2c c:/program files/dave_4/dave-ide-4.4.2-64bit/eclipse/arm-gcc-49/bin/../lib/gcc/arm-none-eabi/4.9.3/../../../../arm-none-eabi/lib/armv7e-m/softfp\libg.a(lib_a-sbrkr.o)
 .debug_frame   0x000023f8       0x20 c:/program files/dave_4/dave-ide-4.4.2-64bit/eclipse/arm-gcc-49/bin/../lib/gcc/arm-none-eabi/4.9.3/../../../../arm-none-eabi/lib/armv7e-m/softfp\libg.a(lib_a-strlen.o)
 .debug_frame   0x00002418       0x78 c:/program files/dave_4/dave-ide-4.4.2-64bit/eclipse/arm-gcc-49/bin/../lib/gcc/arm-none-eabi/4.9.3/../../../../arm-none-eabi/lib/armv7e-m/softfp\libg.a(lib_a-svfiprintf.o)
 .debug_frame   0x00002490       0x28 c:/program files/dave_4/dave-ide-4.4.2-64bit/eclipse/arm-gcc-49/bin/../lib/gcc/arm-none-eabi/4.9.3/../../../../arm-none-eabi/lib/armv7e-m/softfp\libg.a(lib_a-callocr.o)
 .debug_frame   0x000024b8       0x74 c:/program files/dave_4/dave-ide-4.4.2-64bit/eclipse/arm-gcc-49/bin/../lib/gcc/arm-none-eabi/4.9.3/../../../../arm-none-eabi/lib/armv7e-m/softfp\libg.a(lib_a-freer.o)
 .debug_frame   0x0000252c       0x30 c:/program files/dave_4/dave-ide-4.4.2-64bit/eclipse/arm-gcc-49/bin/../lib/gcc/arm-none-eabi/4.9.3/../../../../arm-none-eabi/lib/armv7e-m/softfp\libg.a(lib_a-memmove.o)
 .debug_frame   0x0000255c       0x60 c:/program files/dave_4/dave-ide-4.4.2-64bit/eclipse/arm-gcc-49/bin/../lib/gcc/arm-none-eabi/4.9.3/../../../../arm-none-eabi/lib/armv7e-m/softfp\libg.a(lib_a-reallocr.o)
 .debug_frame   0x000025bc       0x58 c:/program files/dave_4/dave-ide-4.4.2-64bit/eclipse/arm-gcc-49/bin/../lib/gcc/arm-none-eabi/4.9.3/../../../../arm-none-eabi/lib/armv7e-m/softfp\libg.a(lib_a-reent.o)

.debug_str      0x00000000    0x83c37
 *(.debug_str)
 .debug_str     0x00000000    0x6f78a ./Startup/system_XMC4500.o
                              0x6fa37 (size before relaxing)
 .debug_str     0x0006f78a     0x46f1 ./Libraries/XMCLib/src/xmc4_gpio.o
                              0x73389 (size before relaxing)
 .debug_str     0x00073e7b     0x275e ./Libraries/XMCLib/src/xmc4_scu.o
                              0x71bfd (size before relaxing)
 .debug_str     0x000765d9     0x358a ./Libraries/XMCLib/src/xmc_ccu4.o
                              0x73107 (size before relaxing)
 .debug_str     0x00079b63       0x92 ./Libraries/XMCLib/src/xmc_gpio.o
                              0x731d4 (size before relaxing)
 .debug_str     0x00079bf5     0x14fb ./Libraries/XMCLib/src/xmc_uart.o
                              0x70c49 (size before relaxing)
 .debug_str     0x0007b0f0      0xaa9 ./Libraries/XMCLib/src/xmc_usic.o
                              0x71281 (size before relaxing)
 .debug_str     0x0007bb99     0x2f30 ./Libraries/XMCLib/src/xmc_vadc.o
                              0x72c75 (size before relaxing)
 .debug_str     0x0007eac9      0x890 ./Libraries/Newlib/syscalls.o
                               0x4e28 (size before relaxing)
 .debug_str     0x0007f359      0xb77 ./Dave/Generated/UART/uart.o
                              0x75900 (size before relaxing)
 .debug_str     0x0007fed0      0x76e ./Dave/Generated/UART/uart_conf.o
                              0x7588b (size before relaxing)
 .debug_str     0x0008063e      0xa49 ./Dave/Generated/TIMER/timer.o
                              0x7212f (size before relaxing)
 .debug_str     0x00081087      0x1aa ./Dave/Generated/TIMER/timer_conf.o
                              0x71d42 (size before relaxing)
 .debug_str     0x00081231      0x87f ./Dave/Generated/PWM/pwm.o
                              0x76592 (size before relaxing)
 .debug_str     0x00081ab0       0xea ./Dave/Generated/PWM/pwm_conf.o
                              0x75fab (size before relaxing)
 .debug_str     0x00081b9a      0x198 ./Dave/Generated/INTERRUPT/interrupt.o
                              0x6fb0b (size before relaxing)
 .debug_str     0x00081d32       0x61 ./Dave/Generated/INTERRUPT/interrupt_conf.o
                              0x6f8ed (size before relaxing)
 .debug_str     0x00081d93       0x46 ./Dave/Generated/GLOBAL_CCU4/global_ccu4.o
                              0x71433 (size before relaxing)
 .debug_str     0x00081dd9       0x31 ./Dave/Generated/GLOBAL_CCU4/global_ccu4_conf.o
                              0x71347 (size before relaxing)
 .debug_str     0x00081e0a      0x2df ./Dave/Generated/GLOBAL_ADC/global_adc.o
                              0x710c9 (size before relaxing)
 .debug_str     0x000820e9      0x21d ./Dave/Generated/GLOBAL_ADC/global_adc_conf.o
                              0x71145 (size before relaxing)
 .debug_str     0x00082306      0x171 ./Dave/Generated/DIGITAL_IO/digital_io.o
                              0x7350d (size before relaxing)
 .debug_str     0x00082477       0x7f ./Dave/Generated/DIGITAL_IO/digital_io_conf.o
                              0x73474 (size before relaxing)
 .debug_str     0x000824f6      0x162 ./Dave/Generated/CPU_CTRL_XMC4/cpu_ctrl_xmc4_conf.o
                              0x73578 (size before relaxing)
 .debug_str     0x00082658      0x24c ./Dave/Generated/CLOCK_XMC4/clock_xmc4.o
                              0x7359e (size before relaxing)
 .debug_str     0x000828a4       0x50 ./Dave/Generated/CLOCK_XMC4/clock_xmc4_conf.o
                              0x73a93 (size before relaxing)
 .debug_str     0x000828f4      0x5ed ./Dave/Generated/ADC_MEASUREMENT/adc_measurement.o
                              0x7211a (size before relaxing)
 .debug_str     0x00082ee1      0x2c8 ./Dave/Generated/ADC_MEASUREMENT/adc_measurement_conf.o
                              0x71fd4 (size before relaxing)
 .debug_str     0x000831a9       0x6f ./Dave/Generated/DAVE.o
                              0x79fba (size before relaxing)
 .debug_str     0x00083218      0x97b ./TouchPlate.o
                              0x7a477 (size before relaxing)
 .debug_str     0x00083b93       0x16 ./main.o
                              0x78e5a (size before relaxing)
 .debug_str     0x00083ba9       0x8e ./uartCom.o
                              0x7871d (size before relaxing)

.debug_loc      0x00000000     0x6fda
 *(.debug_loc)
 .debug_loc     0x00000000      0x15a ./Startup/system_XMC4500.o
 .debug_loc     0x0000015a      0x11f ./Libraries/XMCLib/src/xmc4_gpio.o
 .debug_loc     0x00000279      0xfcf ./Libraries/XMCLib/src/xmc4_scu.o
 .debug_loc     0x00001248      0x9e5 ./Libraries/XMCLib/src/xmc_ccu4.o
 .debug_loc     0x00001c2d       0xe5 ./Libraries/XMCLib/src/xmc_gpio.o
 .debug_loc     0x00001d12      0x424 ./Libraries/XMCLib/src/xmc_uart.o
 .debug_loc     0x00002136      0xac6 ./Libraries/XMCLib/src/xmc_usic.o
 .debug_loc     0x00002bfc     0x198b ./Libraries/XMCLib/src/xmc_vadc.o
 .debug_loc     0x00004587       0xa7 ./Libraries/Newlib/syscalls.o
 .debug_loc     0x0000462e      0xa64 ./Dave/Generated/UART/uart.o
 .debug_loc     0x00005092       0xbe ./Dave/Generated/UART/uart_conf.o
 .debug_loc     0x00005150      0x554 ./Dave/Generated/TIMER/timer.o
 .debug_loc     0x000056a4      0xd68 ./Dave/Generated/PWM/pwm.o
 .debug_loc     0x0000640c      0x173 ./Dave/Generated/INTERRUPT/interrupt.o
 .debug_loc     0x0000657f       0x89 ./Dave/Generated/GLOBAL_CCU4/global_ccu4.o
 .debug_loc     0x00006608       0xaf ./Dave/Generated/GLOBAL_ADC/global_adc.o
 .debug_loc     0x000066b7       0x6a ./Dave/Generated/DIGITAL_IO/digital_io.o
 .debug_loc     0x00006721       0x6a ./Dave/Generated/CPU_CTRL_XMC4/cpu_ctrl_xmc4_conf.o
 .debug_loc     0x0000678b       0x6e ./Dave/Generated/CLOCK_XMC4/clock_xmc4.o
 .debug_loc     0x000067f9       0x38 ./Dave/Generated/CLOCK_XMC4/clock_xmc4_conf.o
 .debug_loc     0x00006831      0x2f7 ./Dave/Generated/ADC_MEASUREMENT/adc_measurement.o
 .debug_loc     0x00006b28       0xe6 ./Dave/Generated/DAVE.o
 .debug_loc     0x00006c0e      0x150 ./TouchPlate.o
 .debug_loc     0x00006d5e       0x5f ./main.o
 .debug_loc     0x00006dbd      0x21d ./uartCom.o

.debug_macinfo
 *(.debug_macinfo)

.debug_ranges   0x00000000      0xe88
 *(.debug_ranges)
 .debug_ranges  0x00000000       0x38 ./Startup/system_XMC4500.o
 .debug_ranges  0x00000038       0x18 ./Libraries/XMCLib/src/xmc4_gpio.o
 .debug_ranges  0x00000050      0x3d0 ./Libraries/XMCLib/src/xmc4_scu.o
 .debug_ranges  0x00000420      0x110 ./Libraries/XMCLib/src/xmc_ccu4.o
 .debug_ranges  0x00000530       0x18 ./Libraries/XMCLib/src/xmc_gpio.o
 .debug_ranges  0x00000548       0x48 ./Libraries/XMCLib/src/xmc_uart.o
 .debug_ranges  0x00000590       0x98 ./Libraries/XMCLib/src/xmc_usic.o
 .debug_ranges  0x00000628      0x2d8 ./Libraries/XMCLib/src/xmc_vadc.o
 .debug_ranges  0x00000900       0x18 ./Libraries/Newlib/syscalls.o
 .debug_ranges  0x00000918       0x88 ./Dave/Generated/UART/uart.o
 .debug_ranges  0x000009a0       0x90 ./Dave/Generated/UART/uart_conf.o
 .debug_ranges  0x00000a30       0x80 ./Dave/Generated/TIMER/timer.o
 .debug_ranges  0x00000ab0      0x118 ./Dave/Generated/PWM/pwm.o
 .debug_ranges  0x00000bc8       0x68 ./Dave/Generated/INTERRUPT/interrupt.o
 .debug_ranges  0x00000c30       0x18 ./Dave/Generated/GLOBAL_CCU4/global_ccu4.o
 .debug_ranges  0x00000c48       0x18 ./Dave/Generated/GLOBAL_ADC/global_adc.o
 .debug_ranges  0x00000c60       0x18 ./Dave/Generated/DIGITAL_IO/digital_io.o
 .debug_ranges  0x00000c78       0x10 ./Dave/Generated/CPU_CTRL_XMC4/cpu_ctrl_xmc4_conf.o
 .debug_ranges  0x00000c88       0x28 ./Dave/Generated/CLOCK_XMC4/clock_xmc4.o
 .debug_ranges  0x00000cb0       0x10 ./Dave/Generated/CLOCK_XMC4/clock_xmc4_conf.o
 .debug_ranges  0x00000cc0       0xa8 ./Dave/Generated/ADC_MEASUREMENT/adc_measurement.o
 .debug_ranges  0x00000d68       0x10 ./Dave/Generated/DAVE.o
 .debug_ranges  0x00000d78       0xb8 ./TouchPlate.o
 .debug_ranges  0x00000e30       0x18 ./main.o
 .debug_ranges  0x00000e48       0x40 ./uartCom.o

.debug_weaknames
 *(.debug_weaknames)

.debug_funcnames
 *(.debug_funcnames)

.debug_typenames
 *(.debug_typenames)

.debug_varnames
 *(.debug_varnames)

.build_attributes
                0x00000000      0xd57
 *(.ARM.attributes)
 .ARM.attributes
                0x00000000       0x25 ./Startup/startup_XMC4500.o
 .ARM.attributes
                0x00000025       0x37 ./Startup/system_XMC4500.o
 .ARM.attributes
                0x0000005c       0x37 ./Libraries/XMCLib/src/xmc4_gpio.o
 .ARM.attributes
                0x00000093       0x37 ./Libraries/XMCLib/src/xmc4_scu.o
 .ARM.attributes
                0x000000ca       0x37 ./Libraries/XMCLib/src/xmc_ccu4.o
 .ARM.attributes
                0x00000101       0x37 ./Libraries/XMCLib/src/xmc_gpio.o
 .ARM.attributes
                0x00000138       0x37 ./Libraries/XMCLib/src/xmc_uart.o
 .ARM.attributes
                0x0000016f       0x37 ./Libraries/XMCLib/src/xmc_usic.o
 .ARM.attributes
                0x000001a6       0x37 ./Libraries/XMCLib/src/xmc_vadc.o
 .ARM.attributes
                0x000001dd       0x37 ./Libraries/Newlib/syscalls.o
 .ARM.attributes
                0x00000214       0x37 ./Dave/Generated/UART/uart.o
 .ARM.attributes
                0x0000024b       0x37 ./Dave/Generated/UART/uart_conf.o
 .ARM.attributes
                0x00000282       0x37 ./Dave/Generated/TIMER/timer.o
 .ARM.attributes
                0x000002b9       0x37 ./Dave/Generated/TIMER/timer_conf.o
 .ARM.attributes
                0x000002f0       0x37 ./Dave/Generated/PWM/pwm.o
 .ARM.attributes
                0x00000327       0x37 ./Dave/Generated/PWM/pwm_conf.o
 .ARM.attributes
                0x0000035e       0x37 ./Dave/Generated/INTERRUPT/interrupt.o
 .ARM.attributes
                0x00000395       0x37 ./Dave/Generated/INTERRUPT/interrupt_conf.o
 .ARM.attributes
                0x000003cc       0x37 ./Dave/Generated/GLOBAL_CCU4/global_ccu4.o
 .ARM.attributes
                0x00000403       0x37 ./Dave/Generated/GLOBAL_CCU4/global_ccu4_conf.o
 .ARM.attributes
                0x0000043a       0x37 ./Dave/Generated/GLOBAL_ADC/global_adc.o
 .ARM.attributes
                0x00000471       0x37 ./Dave/Generated/GLOBAL_ADC/global_adc_conf.o
 .ARM.attributes
                0x000004a8       0x37 ./Dave/Generated/DIGITAL_IO/digital_io.o
 .ARM.attributes
                0x000004df       0x37 ./Dave/Generated/DIGITAL_IO/digital_io_conf.o
 .ARM.attributes
                0x00000516       0x37 ./Dave/Generated/CPU_CTRL_XMC4/cpu_ctrl_xmc4_conf.o
 .ARM.attributes
                0x0000054d       0x37 ./Dave/Generated/CLOCK_XMC4/clock_xmc4.o
 .ARM.attributes
                0x00000584       0x37 ./Dave/Generated/CLOCK_XMC4/clock_xmc4_conf.o
 .ARM.attributes
                0x000005bb       0x37 ./Dave/Generated/ADC_MEASUREMENT/adc_measurement.o
 .ARM.attributes
                0x000005f2       0x37 ./Dave/Generated/ADC_MEASUREMENT/adc_measurement_conf.o
 .ARM.attributes
                0x00000629       0x37 ./Dave/Generated/DAVE.o
 .ARM.attributes
                0x00000660       0x37 ./TouchPlate.o
 .ARM.attributes
                0x00000697       0x37 ./main.o
 .ARM.attributes
                0x000006ce       0x37 ./uartCom.o
 .ARM.attributes