Archive member included because of file (symbol)

c:/program files/dave_4/dave-ide-4.4.2-64bit/eclipse/arm-gcc-49/bin/../lib/gcc/arm-none-eabi/4.9.3/../../../../arm-none-eabi/lib/armv7e-m/softfp\libg.a(lib_a-errno.o)
                              ./Libraries/Newlib/syscalls.o (__errno)
c:/program files/dave_4/dave-ide-4.4.2-64bit/eclipse/arm-gcc-49/bin/../lib/gcc/arm-none-eabi/4.9.3/../../../../arm-none-eabi/lib/armv7e-m/softfp\libg.a(lib_a-impure.o)
                              c:/program files/dave_4/dave-ide-4.4.2-64bit/eclipse/arm-gcc-49/bin/../lib/gcc/arm-none-eabi/4.9.3/../../../../arm-none-eabi/lib/armv7e-m/softfp\libg.a(lib_a-errno.o) (_impure_ptr)
c:/program files/dave_4/dave-ide-4.4.2-64bit/eclipse/arm-gcc-49/bin/../lib/gcc/arm-none-eabi/4.9.3/../../../../arm-none-eabi/lib/armv7e-m/softfp\libg.a(lib_a-init.o)
                              ./Startup/startup_XMC4500.o (__libc_init_array)
c:/program files/dave_4/dave-ide-4.4.2-64bit/eclipse/arm-gcc-49/bin/../lib/gcc/arm-none-eabi/4.9.3/../../../../arm-none-eabi/lib/armv7e-m/softfp\libg.a(lib_a-memcpy.o)
                              ./Libraries/XMCLib/src/xmc_eth_mac.o (memcpy)
c:/program files/dave_4/dave-ide-4.4.2-64bit/eclipse/arm-gcc-49/bin/../lib/gcc/arm-none-eabi/4.9.3/../../../../arm-none-eabi/lib/armv7e-m/softfp\libg.a(lib_a-memset.o)
                              ./Libraries/XMCLib/src/xmc_usbd.o (memset)

Allocating common symbols
Common symbol       size              file

dma0_event_handlers
                    0x20              ./Libraries/XMCLib/src/xmc_dma.o
touchPanelResult    0x4               ./main.o
pipe                0x1c0             ./Libraries/XMCLib/src/xmc_usbh.o
dma1_event_handlers
                    0x10              ./Libraries/XMCLib/src/xmc_dma.o
event_handler_list  0x80              ./Libraries/XMCLib/src/xmc4_scu.o
is_nack             0xe               ./Libraries/XMCLib/src/xmc_usbh.o
read_data           0x400             ./main.o
usbd_init           0x4               ./Libraries/XMCLib/src/xmc_usbd.o
xmc_device          0x208             ./Libraries/XMCLib/src/xmc_usbd.o

Discarded input sections

 .text          0x00000000        0x0 ./Startup/startup_XMC4500.o
 .data          0x00000000        0x0 ./Startup/startup_XMC4500.o
 .bss           0x00000000        0x0 ./Startup/startup_XMC4500.o
 .group         0x00000000        0x8 ./Startup/system_XMC4500.o
 .group         0x00000000        0x8 ./Startup/system_XMC4500.o
 .group         0x00000000        0x8 ./Startup/system_XMC4500.o
 .group         0x00000000        0x8 ./Startup/system_XMC4500.o
 .group         0x00000000        0x8 ./Startup/system_XMC4500.o
 .group         0x00000000        0x8 ./Startup/system_XMC4500.o
 .group         0x00000000        0x8 ./Startup/system_XMC4500.o
 .group         0x00000000        0x8 ./Startup/system_XMC4500.o
 .group         0x00000000        0x8 ./Startup/system_XMC4500.o
 .group         0x00000000        0x8 ./Startup/system_XMC4500.o
 .group         0x00000000        0x8 ./Startup/system_XMC4500.o
 .group         0x00000000        0x8 ./Startup/system_XMC4500.o
 .group         0x00000000        0x8 ./Startup/system_XMC4500.o
 .group         0x00000000        0x8 ./Startup/system_XMC4500.o
 .group         0x00000000        0x8 ./Startup/system_XMC4500.o
 .group         0x00000000        0x8 ./Startup/system_XMC4500.o
 .group         0x00000000        0x8 ./Startup/system_XMC4500.o
 .group         0x00000000        0x8 ./Startup/system_XMC4500.o
 .group         0x00000000        0x8 ./Startup/system_XMC4500.o
 .group         0x00000000        0x8 ./Startup/system_XMC4500.o
 .group         0x00000000        0x8 ./Startup/system_XMC4500.o
 .group         0x00000000        0x8 ./Startup/system_XMC4500.o
 .group         0x00000000        0x8 ./Startup/system_XMC4500.o
 .group         0x00000000        0x8 ./Startup/system_XMC4500.o
 .text          0x00000000        0x0 ./Startup/system_XMC4500.o
 .data          0x00000000        0x0 ./Startup/system_XMC4500.o
 .bss           0x00000000        0x0 ./Startup/system_XMC4500.o
 .text.delay    0x00000000       0x18 ./Startup/system_XMC4500.o
 .text.SystemCoreSetup
                0x00000000       0x44 ./Startup/system_XMC4500.o
 .text.OSCHP_GetFrequency
                0x00000000        0x8 ./Startup/system_XMC4500.o
 .text.SystemCoreClockSetup
                0x00000000      0x17c ./Startup/system_XMC4500.o
 .comment       0x00000000       0x71 ./Startup/system_XMC4500.o
 .group         0x00000000        0x8 ./Libraries/XMCLib/src/xmc4_eru.o
 .group         0x00000000        0x8 ./Libraries/XMCLib/src/xmc4_eru.o
 .group         0x00000000        0x8 ./Libraries/XMCLib/src/xmc4_eru.o
 .group         0x00000000        0x8 ./Libraries/XMCLib/src/xmc4_eru.o
 .group         0x00000000        0x8 ./Libraries/XMCLib/src/xmc4_eru.o
 .group         0x00000000        0x8 ./Libraries/XMCLib/src/xmc4_eru.o
 .group         0x00000000        0x8 ./Libraries/XMCLib/src/xmc4_eru.o
[...]
Memory Configuration

Name             Origin             Length             Attributes
FLASH_1_cached   0x08000000         0x00100000         xr
FLASH_1_uncached 0x0c000000         0x00100000         xr
PSRAM_1          0x10000000         0x00010000         !xr
DSRAM_1_system   0x20000000         0x00010000         !xr
DSRAM_2_comm     0x30000000         0x00008000         !xr
*default*        0x00000000         0xffffffff

Linker script and memory map

LOAD ./Startup/startup_XMC4500.o
LOAD ./Startup/system_XMC4500.o
LOAD ./Libraries/XMCLib/src/xmc4_eru.o
LOAD ./Libraries/XMCLib/src/xmc4_flash.o
LOAD ./Libraries/XMCLib/src/xmc4_gpio.o
LOAD ./Libraries/XMCLib/src/xmc4_rtc.o
LOAD ./Libraries/XMCLib/src/xmc4_scu.o
LOAD ./Libraries/XMCLib/src/xmc_can.o
LOAD ./Libraries/XMCLib/src/xmc_ccu4.o
LOAD ./Libraries/XMCLib/src/xmc_ccu8.o
LOAD ./Libraries/XMCLib/src/xmc_common.o
LOAD ./Libraries/XMCLib/src/xmc_dac.o
LOAD ./Libraries/XMCLib/src/xmc_dma.o
LOAD ./Libraries/XMCLib/src/xmc_dsd.o
LOAD ./Libraries/XMCLib/src/xmc_ebu.o
LOAD ./Libraries/XMCLib/src/xmc_ecat.o
LOAD ./Libraries/XMCLib/src/xmc_eru.o
LOAD ./Libraries/XMCLib/src/xmc_eth_mac.o
LOAD ./Libraries/XMCLib/src/xmc_eth_phy_dp83848.o
LOAD ./Libraries/XMCLib/src/xmc_eth_phy_ksz8031rnl.o
LOAD ./Libraries/XMCLib/src/xmc_eth_phy_ksz8081rnb.o
LOAD ./Libraries/XMCLib/src/xmc_fce.o
LOAD ./Libraries/XMCLib/src/xmc_gpio.o
LOAD ./Libraries/XMCLib/src/xmc_hrpwm.o
LOAD ./Libraries/XMCLib/src/xmc_i2c.o
LOAD ./Libraries/XMCLib/src/xmc_i2s.o
LOAD ./Libraries/XMCLib/src/xmc_ledts.o
LOAD ./Libraries/XMCLib/src/xmc_posif.o
LOAD ./Libraries/XMCLib/src/xmc_rtc.o
LOAD ./Libraries/XMCLib/src/xmc_sdmmc.o
LOAD ./Libraries/XMCLib/src/xmc_spi.o
LOAD ./Libraries/XMCLib/src/xmc_uart.o
LOAD ./Libraries/XMCLib/src/xmc_usbd.o
LOAD ./Libraries/XMCLib/src/xmc_usbh.o
LOAD ./Libraries/XMCLib/src/xmc_usic.o
LOAD ./Libraries/XMCLib/src/xmc_vadc.o
LOAD ./Libraries/XMCLib/src/xmc_wdt.o
LOAD ./Libraries/Newlib/syscalls.o
LOAD ./Dave/Generated/UART/uart.o
LOAD ./Dave/Generated/UART/uart_conf.o
LOAD ./Dave/Generated/PWM/pwm.o
LOAD ./Dave/Generated/PWM/pwm_conf.o
LOAD ./Dave/Generated/INTERRUPT/interrupt.o
LOAD ./Dave/Generated/INTERRUPT/interrupt_conf.o
LOAD ./Dave/Generated/GLOBAL_CCU4/global_ccu4.o
LOAD ./Dave/Generated/GLOBAL_CCU4/global_ccu4_conf.o
LOAD ./Dave/Generated/GLOBAL_ADC/global_adc.o
LOAD ./Dave/Generated/GLOBAL_ADC/global_adc_conf.o
LOAD ./Dave/Generated/DIGITAL_IO/digital_io.o
LOAD ./Dave/Generated/DIGITAL_IO/digital_io_conf.o
LOAD ./Dave/Generated/CPU_CTRL_XMC4/cpu_ctrl_xmc4.o
LOAD ./Dave/Generated/CPU_CTRL_XMC4/cpu_ctrl_xmc4_conf.o
LOAD ./Dave/Generated/CLOCK_XMC4/clock_xmc4.o
LOAD ./Dave/Generated/CLOCK_XMC4/clock_xmc4_conf.o
LOAD ./Dave/Generated/ADC_MEASUREMENT/adc_measurement.o
LOAD ./Dave/Generated/ADC_MEASUREMENT/adc_measurement_conf.o
LOAD ./Dave/Generated/DAVE.o
LOAD ./main.o
LOAD c:/program files/dave_4/dave-ide-4.4.2-64bit/eclipse/arm-gcc-49/bin/../lib/gcc/arm-none-eabi/4.9.3/../../../../arm-none-eabi/lib/armv7e-m/softfp\libm.a
START GROUP
LOAD c:/program files/dave_4/dave-ide-4.4.2-64bit/eclipse/arm-gcc-49/bin/../lib/gcc/arm-none-eabi/4.9.3/armv7e-m/softfp\libgcc.a
LOAD c:/program files/dave_4/dave-ide-4.4.2-64bit/eclipse/arm-gcc-49/bin/../lib/gcc/arm-none-eabi/4.9.3/../../../../arm-none-eabi/lib/armv7e-m/softfp\libg.a
LOAD c:/program files/dave_4/dave-ide-4.4.2-64bit/eclipse/arm-gcc-49/bin/../lib/gcc/arm-none-eabi/4.9.3/../../../../arm-none-eabi/lib/armv7e-m/softfp\libc.a
END GROUP
START GROUP
LOAD c:/program files/dave_4/dave-ide-4.4.2-64bit/eclipse/arm-gcc-49/bin/../lib/gcc/arm-none-eabi/4.9.3/armv7e-m/softfp\libgcc.a
LOAD c:/program files/dave_4/dave-ide-4.4.2-64bit/eclipse/arm-gcc-49/bin/../lib/gcc/arm-none-eabi/4.9.3/../../../../arm-none-eabi/lib/armv7e-m/softfp\libc.a
LOAD c:/program files/dave_4/dave-ide-4.4.2-64bit/eclipse/arm-gcc-49/bin/../lib/gcc/arm-none-eabi/4.9.3/../../../../arm-none-eabi/lib/armv7e-m/softfp\libnosys.a
END GROUP
                0x00000800                stack_size = DEFINED (stack_size)?stack_size:0x800
                0x00000040                no_init_size = 0x40

.text           0x08000000     0x18cc load address 0x0c000000
                0x08000000                sText = .
 *(.reset)
 .reset         0x08000000      0x2b4 ./Startup/startup_XMC4500.o
                0x08000000                __Vectors
                0x08000200                Reset_Handler
                0x080002b0                DSD0_7_IRQHandler
                0x080002b0                DebugMon_Handler
                0x080002b0                VADC0_C0_0_IRQHandler
                0x080002b0                CAN0_4_IRQHandler
                0x080002b0                VADC0_G2_0_IRQHandler
                0x080002b0                POSIF0_0_IRQHandler
                0x080002b0                POSIF1_0_IRQHandler
                0x080002b0                HardFault_Handler
                0x080002b0                VADC0_G1_1_IRQHandler
                0x080002b0                SysTick_Handler
                0x080002b0                PendSV_Handler
                0x080002b0                NMI_Handler
                0x080002b0                USIC1_3_IRQHandler
                0x080002b0                CCU40_2_IRQHandler
                0x080002b0                SCU_0_IRQHandler
                0x080002b0                ERU0_0_IRQHandler
                0x080002b0                CCU41_0_IRQHandler
                0x080002b0                USIC1_5_IRQHandler
                0x080002b0                DSD0_4_IRQHandler
                0x080002b0                CCU80_1_IRQHandler
                0x080002b0                CCU81_0_IRQHandler
                0x080002b0                UsageFault_Handler
                0x080002b0                USIC0_0_IRQHandler
                0x080002b0                POSIF1_1_IRQHandler
                0x080002b0                ERU0_2_IRQHandler
                0x080002b0                CCU81_1_IRQHandler
                0x080002b0                ERU1_1_IRQHandler
                0x080002b0                VADC0_G2_3_IRQHandler
                0x080002b0                VADC0_G2_2_IRQHandler
                0x080002b0                CCU42_3_IRQHandler
                0x080002b0                ERU0_3_IRQHandler
                0x080002b0                DSD0_5_IRQHandler
                0x080002b0                VADC0_C0_3_IRQHandler
                0x080002b0                CAN0_6_IRQHandler
                0x080002b0                CCU43_0_IRQHandler
                0x080002b0                VADC0_G0_1_IRQHandler
                0x080002b0                CCU81_2_IRQHandler
                0x080002b0                USIC2_4_IRQHandler
                0x080002b0                CCU81_3_IRQHandler
                0x080002b0                CCU42_1_IRQHandler
                0x080002b0                USIC1_1_IRQHandler
                0x080002b0                USIC2_5_IRQHandler
                0x080002b0                CCU40_0_IRQHandler
                0x080002b0                CAN0_0_IRQHandler
                0x080002b0                ERU1_0_IRQHandler
                0x080002b0                CCU42_2_IRQHandler
                0x080002b0                Default_Handler
                0x080002b0                USIC1_4_IRQHandler
                0x080002b0                ERU1_3_IRQHandler
                0x080002b0                USIC1_0_IRQHandler
                0x080002b0                POSIF0_1_IRQHandler
                0x080002b0                VADC0_G0_0_IRQHandler
                0x080002b0                DSD0_2_IRQHandler
                0x080002b0                CCU80_3_IRQHandler
                0x080002b0                CCU41_3_IRQHandler
                0x080002b0                CCU80_2_IRQHandler
                0x080002b0                VADC0_G1_3_IRQHandler
                0x080002b0                VADC0_G0_3_IRQHandler
                0x080002b0                GPDMA0_0_IRQHandler
                0x080002b0                PMU0_0_IRQHandler
                0x080002b0                CAN0_7_IRQHandler
                0x080002b0                DSD0_1_IRQHandler
                0x080002b0                CCU41_2_IRQHandler
                0x080002b0                VADC0_C0_1_IRQHandler
                0x080002b0                CCU43_2_IRQHandler
                0x080002b0                USIC2_2_IRQHandler
                0x080002b0                MemManage_Handler
                0x080002b0                VADC0_G3_1_IRQHandler
                0x080002b0                DAC0_0_IRQHandler
                0x080002b0                SVC_Handler
                0x080002b0                VADC0_G3_3_IRQHandler
                0x080002b0                ERU1_2_IRQHandler
                0x080002b0                CCU41_1_IRQHandler
                0x080002b0                DSD0_6_IRQHandler
                0x080002b0                CCU43_1_IRQHandler
                0x080002b0                VADC0_G1_2_IRQHandler
                0x080002b0                USIC2_3_IRQHandler
                0x080002b0                CAN0_2_IRQHandler
                0x080002b0                USIC2_0_IRQHandler
                0x080002b0                VADC0_G0_2_IRQHandler
                0x080002b0                VADC0_G2_1_IRQHandler
                0x080002b0                CAN0_3_IRQHandler
                0x080002b0                ETH0_0_IRQHandler
                0x080002b0                USIC0_3_IRQHandler
                0x080002b0                DSD0_0_IRQHandler
                0x080002b0                CCU42_0_IRQHandler
                0x080002b0                FCE0_0_IRQHandler
                0x080002b0                VADC0_G1_0_IRQHandler
                0x080002b0                USB0_0_IRQHandler
                0x080002b0                CAN0_5_IRQHandler
                0x080002b0                CCU80_0_IRQHandler
                0x080002b0                CCU40_1_IRQHandler
                0x080002b0                USIC2_1_IRQHandler
                0x080002b0                USIC0_1_IRQHandler
                0x080002b0                VADC0_G3_2_IRQHandler
                0x080002b0                CCU40_3_IRQHandler
                0x080002b0                BusFault_Handler
                0x080002b0                LEDTS0_0_IRQHandler
                0x080002b0                USIC0_4_IRQHandler
                0x080002b0                CCU43_3_IRQHandler
                0x080002b0                ERU0_1_IRQHandler
                0x080002b0                VADC0_G3_0_IRQHandler
                0x080002b0                USIC1_2_IRQHandler
                0x080002b0                DSD0_3_IRQHandler
                0x080002b0                SDMMC0_0_IRQHandler
                0x080002b0                CAN0_1_IRQHandler
                0x080002b0                USIC0_2_IRQHandler
                0x080002b0                DAC0_1_IRQHandler
                0x080002b0                GPDMA1_0_IRQHandler
 *(.text .text.* .gnu.linkonce.t.*)
 .text.SystemCoreClockUpdate
                0x080002b4       0x88 ./Startup/system_XMC4500.o
                0x080002b4                SystemCoreClockUpdate
 .text.SystemInit
                0x0800033c       0x30 ./Startup/system_XMC4500.o
                0x0800033c                SystemInit
 .text.XMC_GPIO_Init
                0x0800036c       0x88 ./Libraries/XMCLib/src/xmc4_gpio.o
                0x0800036c                XMC_GPIO_Init
 .text.XMC_SCU_lDelay
                0x080003f4       0x2c ./Libraries/XMCLib/src/xmc4_scu.o
 .text.XMC_SCU_RESET_DeassertPeripheralReset
                0x08000420       0x14 ./Libraries/XMCLib/src/xmc4_scu.o
                0x08000420                XMC_SCU_RESET_DeassertPeripheralReset
 .text.XMC_SCU_RESET_IsPeripheralResetAsserted
                0x08000434       0x1e ./Libraries/XMCLib/src/xmc4_scu.o
                0x08000434                XMC_SCU_RESET_IsPeripheralResetAsserted
 *fill*         0x08000452        0x2 
 .text.XMC_SCU_CLOCK_GetPeripheralClockFrequency
                0x08000454       0x18 ./Libraries/XMCLib/src/xmc4_scu.o
                0x08000454                XMC_SCU_CLOCK_GetPeripheralClockFrequency
 .text.XMC_SCU_CLOCK_SetSystemClockSource
                0x0800046c       0x14 ./Libraries/XMCLib/src/xmc4_scu.o
                0x0800046c                XMC_SCU_CLOCK_SetSystemClockSource
 .text.XMC_SCU_CLOCK_SetUsbClockSource
                0x08000480       0x14 ./Libraries/XMCLib/src/xmc4_scu.o
                0x08000480                XMC_SCU_CLOCK_SetUsbClockSource
 .text.XMC_SCU_CLOCK_SetWdtClockSource
                0x08000494       0x14 ./Libraries/XMCLib/src/xmc4_scu.o
                0x08000494                XMC_SCU_CLOCK_SetWdtClockSource
 .text.XMC_SCU_CLOCK_SetSystemPllClockSource
                0x080004a8       0x20 ./Libraries/XMCLib/src/xmc4_scu.o
                0x080004a8                XMC_SCU_CLOCK_SetSystemPllClockSource
 .text.XMC_SCU_HIB_SetRtcClockSource
                0x080004c8       0x20 ./Libraries/XMCLib/src/xmc4_scu.o
                0x080004c8                XMC_SCU_HIB_SetRtcClockSource
 .text.XMC_SCU_HIB_SetStandbyClockSource
                0x080004e8       0x20 ./Libraries/XMCLib/src/xmc4_scu.o
                0x080004e8                XMC_SCU_HIB_SetStandbyClockSource
 .text.XMC_SCU_CLOCK_SetSystemClockDivider
                0x08000508       0x14 ./Libraries/XMCLib/src/xmc4_scu.o
                0x08000508                XMC_SCU_CLOCK_SetSystemClockDivider
 .text.XMC_SCU_CLOCK_SetCcuClockDivider
                0x0800051c       0x14 ./Libraries/XMCLib/src/xmc4_scu.o
                0x0800051c                XMC_SCU_CLOCK_SetCcuClockDivider
 .text.XMC_SCU_CLOCK_SetCpuClockDivider
                0x08000530       0x14 ./Libraries/XMCLib/src/xmc4_scu.o
                0x08000530                XMC_SCU_CLOCK_SetCpuClockDivider
 .text.XMC_SCU_CLOCK_SetPeripheralClockDivider
                0x08000544       0x14 ./Libraries/XMCLib/src/xmc4_scu.o
                0x08000544                XMC_SCU_CLOCK_SetPeripheralClockDivider
 .text.XMC_SCU_CLOCK_SetUsbClockDivider
                0x08000558       0x14 ./Libraries/XMCLib/src/xmc4_scu.o
                0x08000558                XMC_SCU_CLOCK_SetUsbClockDivider
 .text.XMC_SCU_CLOCK_SetEbuClockDivider
                0x0800056c       0x14 ./Libraries/XMCLib/src/xmc4_scu.o
                0x0800056c                XMC_SCU_CLOCK_SetEbuClockDivider
 .text.XMC_SCU_CLOCK_SetWdtClockDivider
                0x08000580       0x14 ./Libraries/XMCLib/src/xmc4_scu.o
                0x08000580                XMC_SCU_CLOCK_SetWdtClockDivider
 .text.XMC_SCU_CLOCK_EnableClock
                0x08000594        0xc ./Libraries/XMCLib/src/xmc4_scu.o
                0x08000594                XMC_SCU_CLOCK_EnableClock
 .text.XMC_SCU_CLOCK_StartUsbPll
                0x080005a0       0x44 ./Libraries/XMCLib/src/xmc4_scu.o
                0x080005a0                XMC_SCU_CLOCK_StartUsbPll
 .text.XMC_SCU_CLOCK_SetBackupClockCalibrationMode
                0x080005e4       0x34 ./Libraries/XMCLib/src/xmc4_scu.o
                0x080005e4                XMC_SCU_CLOCK_SetBackupClockCalibrationMode
 .text.XMC_SCU_HIB_EnableHibernateDomain
                0x08000618       0x34 ./Libraries/XMCLib/src/xmc4_scu.o
                0x08000618                XMC_SCU_HIB_EnableHibernateDomain
 .text.XMC_SCU_CLOCK_IsLowPowerOscillatorStable
                0x0800064c       0x14 ./Libraries/XMCLib/src/xmc4_scu.o
                0x0800064c                XMC_SCU_CLOCK_IsLowPowerOscillatorStable
 .text.XMC_SCU_CLOCK_EnableLowPowerOscillator
                0x08000660       0x4c ./Libraries/XMCLib/src/xmc4_scu.o
                0x08000660                XMC_SCU_CLOCK_EnableLowPowerOscillator
 .text.XMC_SCU_CLOCK_EnableHighPerformanceOscillator
                0x080006ac       0x40 ./Libraries/XMCLib/src/xmc4_scu.o
                0x080006ac                XMC_SCU_CLOCK_EnableHighPerformanceOscillator
 .text.XMC_SCU_CLOCK_IsHighPerformanceOscillatorStable
                0x080006ec       0x18 ./Libraries/XMCLib/src/xmc4_scu.o
                0x080006ec                XMC_SCU_CLOCK_IsHighPerformanceOscillatorStable
 .text.XMC_SCU_CLOCK_EnableSystemPll
                0x08000704       0x14 ./Libraries/XMCLib/src/xmc4_scu.o
                0x08000704                XMC_SCU_CLOCK_EnableSystemPll
 .text.XMC_SCU_CLOCK_DisableSystemPll
                0x08000718       0x14 ./Libraries/XMCLib/src/xmc4_scu.o
                0x08000718                XMC_SCU_CLOCK_DisableSystemPll
 .text.XMC_SCU_CLOCK_StepSystemPllFrequency
                0x0800072c       0x1c ./Libraries/XMCLib/src/xmc4_scu.o
                0x0800072c                XMC_SCU_CLOCK_StepSystemPllFrequency
 .text.XMC_SCU_CLOCK_StartSystemPll
                0x08000748       0xe8 ./Libraries/XMCLib/src/xmc4_scu.o
                0x08000748                XMC_SCU_CLOCK_StartSystemPll
 .text.XMC_SCU_CLOCK_Init
                0x08000830       0x9c ./Libraries/XMCLib/src/xmc4_scu.o
                0x08000830                XMC_SCU_CLOCK_Init
 .text.XMC_CCU4_EnableModule
                0x080008cc       0x50 ./Libraries/XMCLib/src/xmc_ccu4.o
                0x080008cc                XMC_CCU4_EnableModule
 .text.XMC_CCU4_Init
                0x0800091c       0x1e ./Libraries/XMCLib/src/xmc_ccu4.o
                0x0800091c                XMC_CCU4_Init
 .text.XMC_CCU4_SLICE_CompareInit
                0x0800093a       0x2e ./Libraries/XMCLib/src/xmc_ccu4.o
                0x0800093a                XMC_CCU4_SLICE_CompareInit
 .text.XMC_CCU4_SLICE_SetInterruptNode
                0x08000968       0x34 ./Libraries/XMCLib/src/xmc_ccu4.o
                0x08000968                XMC_CCU4_SLICE_SetInterruptNode
 .text.XMC_GPIO_SetHardwareControl
                0x0800099c       0x1a ./Libraries/XMCLib/src/xmc_gpio.o
                0x0800099c                XMC_GPIO_SetHardwareControl
 .text.XMC_UART_CH_Init
                0x080009b6       0x6c ./Libraries/XMCLib/src/xmc_uart.o
                0x080009b6                XMC_UART_CH_Init
 .text.XMC_UART_CH_Transmit
                0x08000a22       0x22 ./Libraries/XMCLib/src/xmc_uart.o
                0x08000a22                XMC_UART_CH_Transmit
 .text.XMC_UART_CH_GetReceivedData
                0x08000a44       0x14 ./Libraries/XMCLib/src/xmc_uart.o
                0x08000a44                XMC_UART_CH_GetReceivedData
 .text.XMC_USIC_Enable.part.0
                0x08000a58       0x18 ./Libraries/XMCLib/src/xmc_usic.o
 .text.XMC_USIC_CH_SetBaudrate
                0x08000a70       0x7c ./Libraries/XMCLib/src/xmc_usic.o
                0x08000a70                XMC_USIC_CH_SetBaudrate
 .text.XMC_USIC_CH_SetBaudrateEx
                0x08000aec       0x90 ./Libraries/XMCLib/src/xmc_usic.o
                0x08000aec                XMC_USIC_CH_SetBaudrateEx
 .text.XMC_USIC_CH_SetInterruptNodePointer
                0x08000b7c       0x14 ./Libraries/XMCLib/src/xmc_usic.o
                0x08000b7c                XMC_USIC_CH_SetInterruptNodePointer
 .text.XMC_USIC_Enable
                0x08000b90       0x54 ./Libraries/XMCLib/src/xmc_usic.o
                0x08000b90                XMC_USIC_Enable
 .text.XMC_USIC_CH_Enable
                0x08000be4       0x68 ./Libraries/XMCLib/src/xmc_usic.o
                0x08000be4                XMC_USIC_CH_Enable
 .text.XMC_VADC_GLOBAL_EnableModule
                0x08000c4c        0x6 ./Libraries/XMCLib/src/xmc_vadc.o
                0x08000c4c                XMC_VADC_GLOBAL_EnableModule
 .text.XMC_VADC_GLOBAL_Init
                0x08000c52       0x32 ./Libraries/XMCLib/src/xmc_vadc.o
                0x08000c52                XMC_VADC_GLOBAL_Init
 .text.XMC_VADC_GLOBAL_InputClassInit
                0x08000c84       0x18 ./Libraries/XMCLib/src/xmc_vadc.o
                0x08000c84                XMC_VADC_GLOBAL_InputClassInit
 .text.XMC_VADC_GLOBAL_StartupCalibration
                0x08000c9c       0x38 ./Libraries/XMCLib/src/xmc_vadc.o
                0x08000c9c                XMC_VADC_GLOBAL_StartupCalibration
 .text.XMC_VADC_GLOBAL_BackgroundSetReqSrcEventInterruptNode
                0x08000cd4       0x1e ./Libraries/XMCLib/src/xmc_vadc.o
                0x08000cd4                XMC_VADC_GLOBAL_BackgroundSetReqSrcEventInterruptNode
 .text.XMC_VADC_GROUP_InputClassInit
                0x08000cf2       0x48 ./Libraries/XMCLib/src/xmc_vadc.o
                0x08000cf2                XMC_VADC_GROUP_InputClassInit
 .text.XMC_VADC_GROUP_Init
                0x08000d3a       0x7c ./Libraries/XMCLib/src/xmc_vadc.o
                0x08000d3a                XMC_VADC_GROUP_Init
 .text.XMC_VADC_GROUP_SetPowerMode
                0x08000db6       0x10 ./Libraries/XMCLib/src/xmc_vadc.o
                0x08000db6                XMC_VADC_GROUP_SetPowerMode
 *fill*         0x08000dc6        0x2 
 .text.XMC_VADC_GLOBAL_BackgroundInit
                0x08000dc8       0xcc ./Libraries/XMCLib/src/xmc_vadc.o
                0x08000dc8                XMC_VADC_GLOBAL_BackgroundInit
 .text.XMC_VADC_GROUP_ChannelInit
                0x08000e94       0x6a ./Libraries/XMCLib/src/xmc_vadc.o
                0x08000e94                XMC_VADC_GROUP_ChannelInit
 .text._init    0x08000efe        0x2 ./Libraries/Newlib/syscalls.o
                0x08000efe                _init
 .text.UART_Init
                0x08000f00        0x6 ./Dave/Generated/UART/uart.o
                0x08000f00                UART_Init
 .text.UART_Transmit
                0x08000f06       0x6e ./Dave/Generated/UART/uart.o
                0x08000f06                UART_Transmit
 .text.UART_Receive
                0x08000f74       0x72 ./Dave/Generated/UART/uart.o
                0x08000f74                UART_Receive
 *fill*         0x08000fe6        0x2 
 .text.UART_0_init
                0x08000fe8       0x70 ./Dave/Generated/UART/uart_conf.o
                0x08000fe8                UART_0_init
 .text.PWM_lCCU4_ConfigInterrupts
                0x08001058       0x4a ./Dave/Generated/PWM/pwm.o
                0x08001058                PWM_lCCU4_ConfigInterrupts
 .text.PWM_lCCU4_Start
                0x080010a2       0x24 ./Dave/Generated/PWM/pwm.o
                0x080010a2                PWM_lCCU4_Start
 .text.PWM_Start
                0x080010c6        0xc ./Dave/Generated/PWM/pwm.o
                0x080010c6                PWM_Start
 .text.PWM_lCCU4_Init
                0x080010d2       0x60 ./Dave/Generated/PWM/pwm.o
                0x080010d2                PWM_lCCU4_Init
 .text.PWM_Init
                0x08001132        0xe ./Dave/Generated/PWM/pwm.o
                0x08001132                PWM_Init
 .text.INTERRUPT_Init
                0x08001140       0x90 ./Dave/Generated/INTERRUPT/interrupt.o
                0x08001140                INTERRUPT_Init
 .text.GLOBAL_CCU4_Init
                0x080011d0       0x20 ./Dave/Generated/GLOBAL_CCU4/global_ccu4.o
                0x080011d0                GLOBAL_CCU4_Init
 .text.GLOBAL_ADC_Init
                0x080011f0       0x62 ./Dave/Generated/GLOBAL_ADC/global_adc.o
                0x080011f0                GLOBAL_ADC_Init
 .text.DIGITAL_IO_Init
                0x08001252       0x1c ./Dave/Generated/DIGITAL_IO/digital_io.o
                0x08001252                DIGITAL_IO_Init
 *fill*         0x0800126e        0x2 
 .text.SystemCoreSetup
                0x08001270       0x78 ./Dave/Generated/CPU_CTRL_XMC4/cpu_ctrl_xmc4_conf.o
                0x08001270                SystemCoreSetup
 .text.CLOCK_XMC4_Init
                0x080012e8        0x8 ./Dave/Generated/CLOCK_XMC4/clock_xmc4.o
                0x080012e8                CLOCK_XMC4_Init
 .text.OSCHP_GetFrequency
                0x080012f0        0x8 ./Dave/Generated/CLOCK_XMC4/clock_xmc4.o
                0x080012f0                OSCHP_GetFrequency
 .text.SystemCoreClockSetup
                0x080012f8       0x4c ./Dave/Generated/CLOCK_XMC4/clock_xmc4_conf.o
                0x080012f8                SystemCoreClockSetup
 .text.ADC_MEASUREMENT_Init
                0x08001344      0x134 ./Dave/Generated/ADC_MEASUREMENT/adc_measurement.o
                0x08001344                ADC_MEASUREMENT_Init
 .text.ADC_MEASUREMENT_StartConversion
                0x08001478       0x12 ./Dave/Generated/ADC_MEASUREMENT/adc_measurement.o
                0x08001478                ADC_MEASUREMENT_StartConversion
 .text.ADC_MEASUREMENT_GetResult
                0x0800148a       0x14 ./Dave/Generated/ADC_MEASUREMENT/adc_measurement.o
                0x0800148a                ADC_MEASUREMENT_GetResult
 *fill*         0x0800149e        0x2 
 .text.DAVE_Init
                0x080014a0       0x74 ./Dave/Generated/DAVE.o
                0x080014a0                DAVE_Init
 .text.busy_waitMs
                0x08001514       0x22 ./main.o
                0x08001514                busy_waitMs
 *fill*         0x08001536        0x2 
 .text.startup.main
                0x08001538       0x5c ./main.o
                0x08001538                main
 .text.VADC0_C0_2_IRQHandler
                0x08001594       0x84 ./main.o
                0x08001594                VADC0_C0_2_IRQHandler
 .text.USIC0_5_IRQHandler
                0x08001618       0x38 ./main.o
                0x08001618                USIC0_5_IRQHandler
 .text.__libc_init_array
                0x08001650       0x50 c:/program files/dave_4/dave-ide-4.4.2-64bit/eclipse/arm-gcc-49/bin/../lib/gcc/arm-none-eabi/4.9.3/../../../../arm-none-eabi/lib/armv7e-m/softfp\libg.a(lib_a-init.o)
                0x08001650                __libc_init_array
 .text.memset   0x080016a0       0x9c c:/program files/dave_4/dave-ide-4.4.2-64bit/eclipse/arm-gcc-49/bin/../lib/gcc/arm-none-eabi/4.9.3/../../../../arm-none-eabi/lib/armv7e-m/softfp\libg.a(lib_a-memset.o)
                0x080016a0                memset
 *(.init)
 *(.fini)
 *crtbegin.o(.ctors)
 *crtbegin?.o(.ctors)
 *(EXCLUDE_FILE(*crtend.o *crtend?.o) .ctors)
 *(SORT(.ctors.*))
 *(.ctors)
 *crtbegin.o(.dtors)
 *crtbegin?.o(.dtors)
 *(EXCLUDE_FILE(*crtend.o *crtend?.o) .dtors)
 *(SORT(.dtors.*))
 *(.dtors)
 *(.rodata .rodata.*)
 .rodata.CSWTCH.36
                0x0800173c        0xa ./Libraries/XMCLib/src/xmc_ccu4.o
 .rodata.CSWTCH.37
                0x08001746       0x14 ./Libraries/XMCLib/src/xmc_ccu4.o
 *fill*         0x0800175a        0x2 
 .rodata.g_xmc_vadc_group_array
                0x0800175c       0x10 ./Libraries/XMCLib/src/xmc_vadc.o
 .rodata.UART_0_config
                0x0800176c       0x28 ./Dave/Generated/UART/uart_conf.o
                0x0800176c                UART_0_config
 .rodata.UART_0_rx_pin_config
                0x08001794        0xc ./Dave/Generated/UART/uart_conf.o
                0x08001794                UART_0_rx_pin_config
 .rodata.UART_0_tx_pin
                0x080017a0        0xc ./Dave/Generated/UART/uart_conf.o
                0x080017a0                UART_0_tx_pin
 .rodata.UART_0_tx_pin_config
                0x080017ac        0xc ./Dave/Generated/UART/uart_conf.o
                0x080017ac                UART_0_tx_pin_config
 .rodata.UART_0_channel_config
                0x080017b8        0xc ./Dave/Generated/UART/uart_conf.o
                0x080017b8                UART_0_channel_config
 .rodata.PWM_MOTOR_1_gpio_out_config
                0x080017c4        0xc ./Dave/Generated/PWM/pwm_conf.o
                0x080017c4                PWM_MOTOR_1_gpio_out_config
 .rodata.PWM_MOTOR_2_compare_config
                0x080017d0        0x8 ./Dave/Generated/PWM/pwm_conf.o
                0x080017d0                PWM_MOTOR_2_compare_config
 .rodata.PWM_MOTOR_0_gpio_out_config
                0x080017d8        0xc ./Dave/Generated/PWM/pwm_conf.o
                0x080017d8                PWM_MOTOR_0_gpio_out_config
 .rodata.PWM_MOTOR_0_compare_config
                0x080017e4        0x8 ./Dave/Generated/PWM/pwm_conf.o
                0x080017e4                PWM_MOTOR_0_compare_config
 .rodata.PWM_MOTOR_2_gpio_out_config
                0x080017ec        0xc ./Dave/Generated/PWM/pwm_conf.o
                0x080017ec                PWM_MOTOR_2_gpio_out_config
 .rodata.PWM_MOTOR_1_compare_config
                0x080017f8        0x8 ./Dave/Generated/PWM/pwm_conf.o
                0x080017f8                PWM_MOTOR_1_compare_config
 .rodata.UART_ISR
                0x08001800        0x4 ./Dave/Generated/INTERRUPT/interrupt_conf.o
                0x08001800                UART_ISR
 .rodata.group_init_handle0
                0x08001804       0x14 ./Dave/Generated/GLOBAL_ADC/global_adc_conf.o
                0x08001804                group_init_handle0
 .rodata.group_init_handle1
                0x08001818       0x14 ./Dave/Generated/GLOBAL_ADC/global_adc_conf.o
                0x08001818                group_init_handle1
 .rodata.group_init_handle3
                0x0800182c       0x14 ./Dave/Generated/GLOBAL_ADC/global_adc_conf.o
                0x0800182c                group_init_handle3
 .rodata.global_config
                0x08001840       0x18 ./Dave/Generated/GLOBAL_ADC/global_adc_conf.o
                0x08001840                global_config
 .rodata.group_init_handle2
                0x08001858       0x14 ./Dave/Generated/GLOBAL_ADC/global_adc_conf.o
                0x08001858                group_init_handle2
 .rodata.DIGITAL_IO_0
                0x0800186c       0x14 ./Dave/Generated/DIGITAL_IO/digital_io_conf.o
                0x0800186c                DIGITAL_IO_0
 .rodata.DIGITAL_IO_1
                0x08001880       0x14 ./Dave/Generated/DIGITAL_IO/digital_io_conf.o
                0x08001880                DIGITAL_IO_1
 .rodata        0x08001894       0x14 ./Dave/Generated/CLOCK_XMC4/clock_xmc4_conf.o
 .rodata.backgnd_rs_intr_handle
                0x080018a8        0xc ./Dave/Generated/ADC_MEASUREMENT/adc_measurement_conf.o
                0x080018a8                backgnd_rs_intr_handle
 .rodata.backgnd_config
                0x080018b4        0xc ./Dave/Generated/ADC_MEASUREMENT/adc_measurement_conf.o
                0x080018b4                backgnd_config
 .rodata.global_iclass_config
                0x080018c0        0x4 ./Dave/Generated/ADC_MEASUREMENT/adc_measurement_conf.o
                0x080018c0                global_iclass_config
 .rodata.str1.1
                0x080018c4        0x6 ./main.o
 *(.gnu.linkonce.r*)
 *(vtable)
                0x080018cc                . = ALIGN (0x4)
 *fill*         0x080018ca        0x2 

.glue_7         0x080018cc        0x0 load address 0x0c0018cc
 .glue_7        0x00000000        0x0 linker stubs

.glue_7t        0x080018cc        0x0 load address 0x0c0018cc
 .glue_7t       0x00000000        0x0 linker stubs

.vfp11_veneer   0x080018cc        0x0 load address 0x0c0018cc
 .vfp11_veneer  0x00000000        0x0 linker stubs

.v4_bx          0x080018cc        0x0 load address 0x0c0018cc
 .v4_bx         0x00000000        0x0 linker stubs

.iplt           0x080018cc        0x0 load address 0x0c0018cc
 .iplt          0x00000000        0x0 ./Startup/startup_XMC4500.o

.rel.dyn        0x080018cc        0x0 load address 0x0c0018cc
 .rel.iplt      0x00000000        0x0 ./Startup/startup_XMC4500.o

.eh_frame_hdr
 *(.eh_frame_hdr)

.eh_frame
 *(.eh_frame)

.ARM.extab
 *(.ARM.extab* .gnu.linkonce.armextab.*)
                0x080018cc                . = ALIGN (0x4)
                0x080018cc                __exidx_start = .

.ARM.exidx
 *(.ARM.exidx* .gnu.linkonce.armexidx.*)
                0x080018cc                __exidx_end = .
                0x080018cc                . = ALIGN (0x4)

Stack           0x10000000      0x800
                0x10000000                __stack_start = .
                0x10000800                . = (. + stack_size)
 *fill*         0x10000000      0x800 
                0x10000800                __stack_end = .
                0x10000800                __initial_sp = .

.ram_code       0x10000800        0x0 load address 0x0c0018cc
                0x10000800                . = ALIGN (0x4)
                0x10000800                __ram_code_start = .
 *(.ram_code)
                0x10000800                . = ALIGN (0x4)
                0x10000800                __ram_code_end = .
                0x0c0018cc                __ram_code_load = LOADADDR (.ram_code)
                0x00000000                __ram_code_size = (__ram_code_end - __ram_code_start)

PSRAM_DATA      0x10000800        0x0 load address 0x0c0018cc
                0x10000800                . = ALIGN (0x4)
                0x10000800                __data3_start = .
 *(PSRAM_DATA)
                0x10000800                . = ALIGN (0x4)
                0x10000800                __data3_end = .
                0x0c0018cc                __data3_load = LOADADDR (PSRAM_DATA)
                0x00000000                __data3_size = (__data3_end - __data3_start)

PSRAM_BSS       0x10000800        0x0 load address 0x0c0018cc
                0x10000800                . = ALIGN (0x4)
                0x10000800                __bss3_start = .
 *(PSRAM_BSS)
                0x10000800                . = ALIGN (0x4)
                0x10000800                __bss3_end = .
                0x10000800                . = ALIGN (0x8)
                0x10000800                Heap_Bank3_Start = .
                0x00000000                __bss3_size = (__bss3_end - __bss3_start)

.data           0x20000000      0x140 load address 0x0c0018cc
                0x20000000                . = ALIGN (0x4)
                0x20000000                __data_start = .
 *(.data)
 *(.data*)
 .data.UART_0   0x20000000        0xc ./Dave/Generated/UART/uart_conf.o
                0x20000000                UART_0
 .data.PWM_MOTOR_1
                0x2000000c       0x34 ./Dave/Generated/PWM/pwm_conf.o
                0x2000000c                PWM_MOTOR_1
 .data.PWM_MOTOR_2
                0x20000040       0x34 ./Dave/Generated/PWM/pwm_conf.o
                0x20000040                PWM_MOTOR_2
 .data.PWM_MOTOR_0
                0x20000074       0x34 ./Dave/Generated/PWM/pwm_conf.o
                0x20000074                PWM_MOTOR_0
 .data.GLOBAL_CCU4_0
                0x200000a8       0x10 ./Dave/Generated/GLOBAL_CCU4/global_ccu4_conf.o
                0x200000a8                GLOBAL_CCU4_0
 .data.group_0_config
                0x200000b8        0xc ./Dave/Generated/GLOBAL_ADC/global_adc_conf.o
                0x200000b8                group_0_config
 .data.GLOBAL_ADC_0
                0x200000c4       0x1c ./Dave/Generated/GLOBAL_ADC/global_adc_conf.o
                0x200000c4                GLOBAL_ADC_0
 .data.group_1_config
                0x200000e0        0xc ./Dave/Generated/GLOBAL_ADC/global_adc_conf.o
                0x200000e0                group_1_config
 .data.group_3_config
                0x200000ec        0xc ./Dave/Generated/GLOBAL_ADC/global_adc_conf.o
                0x200000ec                group_3_config
 .data.group_2_config
                0x200000f8        0xc ./Dave/Generated/GLOBAL_ADC/global_adc_conf.o
                0x200000f8                group_2_config
 .data.ADC_MEASUREMENT_0
                0x20000104       0x1c ./Dave/Generated/ADC_MEASUREMENT/adc_measurement_conf.o
                0x20000104                ADC_MEASUREMENT_0
 .data.ADC_MEASUREMENT_Channel_A_handle
                0x20000120       0x10 ./Dave/Generated/ADC_MEASUREMENT/adc_measurement_conf.o
                0x20000120                ADC_MEASUREMENT_Channel_A_handle
 .data.Channel_A_ch_config
                0x20000130        0xc ./Dave/Generated/ADC_MEASUREMENT/adc_measurement_conf.o
                0x20000130                Channel_A_ch_config
 .data.ADC_MEASUREMENT_channel_array
                0x2000013c        0x4 ./Dave/Generated/ADC_MEASUREMENT/adc_measurement_conf.o
                0x2000013c                ADC_MEASUREMENT_channel_array
 *(*.data)
 *(.gnu.linkonce.d*)
                0x20000140                . = ALIGN (0x4)
                0x20000140                PROVIDE (__preinit_array_start, .)
 *(.preinit_array)
                0x20000140                PROVIDE (__preinit_array_end, .)
                0x20000140                . = ALIGN (0x4)
                0x20000140                PROVIDE (__init_array_start, .)
 *(SORT(.init_array.*))
 *(.init_array)
                0x20000140                PROVIDE (__init_array_end, .)
                0x20000140                . = ALIGN (0x4)
                0x20000140                PROVIDE (__fini_array_start, .)
 *(SORT(.fini_array.*))
 *(.fini_array)
                0x20000140                PROVIDE (__fini_array_end, .)
                0x20000140                . = ALIGN (0x4)
                0x20000140                __data_end = .
                0x0c0018cc                __data_load = LOADADDR (.data)
                0x00000140                __data_size = (__data_end - __data_start)

.igot.plt       0x20000140        0x0 load address 0x0c001a0c
 .igot.plt      0x00000000        0x0 ./Startup/startup_XMC4500.o

.bss            0x20000140      0x430 load address 0x0c001a0c
                0x20000140                . = ALIGN (0x4)
                0x20000140                __bss_start = .
 *(.bss)
 *(.bss*)
 .bss.UART_0_runtime
                0x20000140       0x1c ./Dave/Generated/UART/uart_conf.o
                0x20000140                UART_0_runtime
 .bss.CLOCK_XMC4_0
                0x2000015c        0x1 ./Dave/Generated/CLOCK_XMC4/clock_xmc4_conf.o
                0x2000015c                CLOCK_XMC4_0
 *fill*         0x2000015d        0x3 
 .bss.Channel_A_res_config
                0x20000160        0x4 ./Dave/Generated/ADC_MEASUREMENT/adc_measurement_conf.o
                0x20000160                Channel_A_res_config
 .bss.x.10097   0x20000164        0x2 ./main.o
 .bss.y.10098   0x20000166        0x2 ./main.o
 *(COMMON)
 COMMON         0x20000168      0x404 ./main.o
                0x20000168                touchPanelResult
                0x2000016c                read_data
 *(.gnu.linkonce.b*)
                0x2000056c                . = ALIGN (0x4)
                0x2000056c                __bss_end = .
                0x20000570                . = ALIGN (0x8)
 *fill*         0x2000056c        0x4 
                0x20000570                Heap_Bank1_Start = .
                0x0000042c                __bss_size = (__bss_end - __bss_start)

.no_init        0x2000ffc0       0x14
                0x2000ffc0                Heap_Bank1_End = .
 *(.no_init)
 .no_init       0x2000ffc0       0x14 ./Startup/system_XMC4500.o
                0x2000ffc0                SystemCoreClock
                0x2000ffc4                g_chipid

DSRAM2_DATA     0x30000000        0x0 load address 0x0c001a0c
                0x30000000                . = ALIGN (0x4)
                0x30000000                __data2_start = .
 *(DSRAM2_DATA)
                0x30000000                . = ALIGN (0x4)
                0x30000000                __data2_end = .
                0x0c001a0c                __data2_load = LOADADDR (DSRAM2_DATA)
                0x00000000                __data2_size = (__data2_end - __data2_start)
                0x00001a0c                __text_size = (((((__exidx_end - sText) + __data_size) + __ram_code_size) + __data2_size) + __data3_size)
                0x08001a0c                eText = (sText + __text_size)

DSRAM2_BSS      0x30000000        0x0 load address 0x0c001a0c
                0x30000000                . = ALIGN (0x4)
                0x30000000                __bss2_start = .
 *(ETH_RAM)
 *(USB_RAM)
 *(DSRAM2_BSS)
                0x30000000                . = ALIGN (0x4)
                0x30000000                __bss2_end = .
                0x30000000                . = ALIGN (0x8)
                0x30000000                Heap_Bank2_Start = .
                0x00000000                __bss2_size = (__bss2_end - __bss2_start)
                0x0000fa50                Heap_Bank1_Size = (Heap_Bank1_End - Heap_Bank1_Start)
                0x00008000                Heap_Bank2_Size = (0x8000 - (Heap_Bank2_Start - ORIGIN (DSRAM_2_comm)))
                0x0000f800                Heap_Bank3_Size = (0x10000 - (Heap_Bank3_Start - ORIGIN (PSRAM_1)))
                0x00000001                ASSERT ((Heap_Bank1_Start <= Heap_Bank1_End), region SRAM_combined overflowed no_init section)

/DISCARD/
 *(.comment)

.stab
 *(.stab)

.stabstr
 *(.stabstr)

.debug
 *(.debug)

.line
 *(.line)

.debug_srcinfo
 *(.debug_srcinfo)

.debug_sfnames
 *(.debug_sfnames)

.debug_aranges  0x00000000      0xc08
 *(.debug_aranges)
 .debug_aranges
                0x00000000       0x20 ./Startup/startup_XMC4500.o
 .debug_aranges
                0x00000020       0x48 ./Startup/system_XMC4500.o
 .debug_aranges
                0x00000068       0x28 ./Libraries/XMCLib/src/xmc4_gpio.o
 .debug_aranges
                0x00000090      0x398 ./Libraries/XMCLib/src/xmc4_scu.o
 .debug_aranges
                0x00000428      0x108 ./Libraries/XMCLib/src/xmc_ccu4.o
 .debug_aranges
                0x00000530       0x28 ./Libraries/XMCLib/src/xmc_gpio.o
 .debug_aranges
                0x00000558       0x58 ./Libraries/XMCLib/src/xmc_uart.o
 .debug_aranges
                0x000005b0       0xa8 ./Libraries/XMCLib/src/xmc_usic.o
 .debug_aranges
                0x00000658      0x238 ./Libraries/XMCLib/src/xmc_vadc.o
 .debug_aranges
                0x00000890       0x28 ./Libraries/Newlib/syscalls.o
 .debug_aranges
                0x000008b8       0x40 ./Dave/Generated/UART/uart.o
 .debug_aranges
                0x000008f8       0x20 ./Dave/Generated/UART/uart_conf.o
 .debug_aranges
                0x00000918       0xb0 ./Dave/Generated/PWM/pwm.o
 .debug_aranges
                0x000009c8       0x18 ./Dave/Generated/PWM/pwm_conf.o
 .debug_aranges
                0x000009e0       0x28 ./Dave/Generated/INTERRUPT/interrupt.o
 .debug_aranges
                0x00000a08       0x18 ./Dave/Generated/INTERRUPT/interrupt_conf.o
 .debug_aranges
                0x00000a20       0x28 ./Dave/Generated/GLOBAL_CCU4/global_ccu4.o
 .debug_aranges
                0x00000a48       0x18 ./Dave/Generated/GLOBAL_CCU4/global_ccu4_conf.o
 .debug_aranges
                0x00000a60       0x28 ./Dave/Generated/GLOBAL_ADC/global_adc.o
 .debug_aranges
                0x00000a88       0x18 ./Dave/Generated/GLOBAL_ADC/global_adc_conf.o
 .debug_aranges
                0x00000aa0       0x28 ./Dave/Generated/DIGITAL_IO/digital_io.o
 .debug_aranges
                0x00000ac8       0x18 ./Dave/Generated/DIGITAL_IO/digital_io_conf.o
 .debug_aranges
                0x00000ae0       0x20 ./Dave/Generated/CPU_CTRL_XMC4/cpu_ctrl_xmc4_conf.o
 .debug_aranges
                0x00000b00       0x38 ./Dave/Generated/CLOCK_XMC4/clock_xmc4.o
 .debug_aranges
                0x00000b38       0x20 ./Dave/Generated/CLOCK_XMC4/clock_xmc4_conf.o
 .debug_aranges
                0x00000b58       0x40 ./Dave/Generated/ADC_MEASUREMENT/adc_measurement.o
 .debug_aranges
                0x00000b98       0x18 ./Dave/Generated/ADC_MEASUREMENT/adc_measurement_conf.o
 .debug_aranges
                0x00000bb0       0x20 ./Dave/Generated/DAVE.o
 .debug_aranges
                0x00000bd0       0x38 ./main.o

.debug_pubnames
 *(.debug_pubnames)

.debug_pubtypes
 *(.debug_pubtypes)

.debug_info     0x00000000    0x1af0f
 *(.debug_info .gnu.linkonce.wi.*)
 .debug_info    0x00000000       0x7a ./Startup/startup_XMC4500.o
 .debug_info    0x0000007a      0x95b ./Startup/system_XMC4500.o
 .debug_info    0x000009d5      0x42c ./Libraries/XMCLib/src/xmc4_gpio.o
 .debug_info    0x00000e01     0x240c ./Libraries/XMCLib/src/xmc4_scu.o
 .debug_info    0x0000320d     0x168d ./Libraries/XMCLib/src/xmc_ccu4.o
 .debug_info    0x0000489a      0x3a5 ./Libraries/XMCLib/src/xmc_gpio.o
 .debug_info    0x00004c3f      0xa6b ./Libraries/XMCLib/src/xmc_uart.o
 .debug_info    0x000056aa      0xf0c ./Libraries/XMCLib/src/xmc_usic.o
 .debug_info    0x000065b6     0x3050 ./Libraries/XMCLib/src/xmc_vadc.o
 .debug_info    0x00009606      0x141 ./Libraries/Newlib/syscalls.o
 .debug_info    0x00009747     0x1306 ./Dave/Generated/UART/uart.o
 .debug_info    0x0000aa4d      0xe15 ./Dave/Generated/UART/uart_conf.o
 .debug_info    0x0000b862     0x1a9e ./Dave/Generated/PWM/pwm.o
 .debug_info    0x0000d300      0xc1e ./Dave/Generated/PWM/pwm_conf.o
 .debug_info    0x0000df1e      0x97a ./Dave/Generated/INTERRUPT/interrupt.o
 .debug_info    0x0000e898      0x409 ./Dave/Generated/INTERRUPT/interrupt_conf.o
 .debug_info    0x0000eca1      0x3fa ./Dave/Generated/GLOBAL_CCU4/global_ccu4.o
 .debug_info    0x0000f09b      0x2c2 ./Dave/Generated/GLOBAL_CCU4/global_ccu4_conf.o
 .debug_info    0x0000f35d     0x1070 ./Dave/Generated/GLOBAL_ADC/global_adc.o
 .debug_info    0x000103cd      0xfb4 ./Dave/Generated/GLOBAL_ADC/global_adc_conf.o
 .debug_info    0x00011381      0x54c ./Dave/Generated/DIGITAL_IO/digital_io.o
 .debug_info    0x000118cd      0x42d ./Dave/Generated/DIGITAL_IO/digital_io_conf.o
 .debug_info    0x00011cfa      0x497 ./Dave/Generated/CPU_CTRL_XMC4/cpu_ctrl_xmc4_conf.o
 .debug_info    0x00012191      0x252 ./Dave/Generated/CLOCK_XMC4/clock_xmc4.o
 .debug_info    0x000123e3      0x510 ./Dave/Generated/CLOCK_XMC4/clock_xmc4_conf.o
 .debug_info    0x000128f3     0x1fbc ./Dave/Generated/ADC_MEASUREMENT/adc_measurement.o
 .debug_info    0x000148af     0x178d ./Dave/Generated/ADC_MEASUREMENT/adc_measurement_conf.o
 .debug_info    0x0001603c     0x2adc ./Dave/Generated/DAVE.o
 .debug_info    0x00018b18     0x23f7 ./main.o

.debug_abbrev   0x00000000     0x3b8e
 *(.debug_abbrev)
 .debug_abbrev  0x00000000       0x14 ./Startup/startup_XMC4500.o
 .debug_abbrev  0x00000014      0x1bf ./Startup/system_XMC4500.o
 .debug_abbrev  0x000001d3      0x11e ./Libraries/XMCLib/src/xmc4_gpio.o
 .debug_abbrev  0x000002f1      0x41c ./Libraries/XMCLib/src/xmc4_scu.o
 .debug_abbrev  0x0000070d      0x2d8 ./Libraries/XMCLib/src/xmc_ccu4.o
 .debug_abbrev  0x000009e5      0x11e ./Libraries/XMCLib/src/xmc_gpio.o
 .debug_abbrev  0x00000b03      0x2c7 ./Libraries/XMCLib/src/xmc_uart.o
 .debug_abbrev  0x00000dca      0x35a ./Libraries/XMCLib/src/xmc_usic.o
 .debug_abbrev  0x00001124      0x380 ./Libraries/XMCLib/src/xmc_vadc.o
 .debug_abbrev  0x000014a4       0xed ./Libraries/Newlib/syscalls.o
 .debug_abbrev  0x00001591      0x335 ./Dave/Generated/UART/uart.o
 .debug_abbrev  0x000018c6      0x24c ./Dave/Generated/UART/uart_conf.o
 .debug_abbrev  0x00001b12      0x44b ./Dave/Generated/PWM/pwm.o
 .debug_abbrev  0x00001f5d      0x186 ./Dave/Generated/PWM/pwm_conf.o
 .debug_abbrev  0x000020e3      0x1ff ./Dave/Generated/INTERRUPT/interrupt.o
 .debug_abbrev  0x000022e2       0x9a ./Dave/Generated/INTERRUPT/interrupt_conf.o
 .debug_abbrev  0x0000237c      0x18a ./Dave/Generated/GLOBAL_CCU4/global_ccu4.o
 .debug_abbrev  0x00002506      0x100 ./Dave/Generated/GLOBAL_CCU4/global_ccu4_conf.o
 .debug_abbrev  0x00002606      0x23c ./Dave/Generated/GLOBAL_ADC/global_adc.o
 .debug_abbrev  0x00002842      0x188 ./Dave/Generated/GLOBAL_ADC/global_adc_conf.o
 .debug_abbrev  0x000029ca      0x17e ./Dave/Generated/DIGITAL_IO/digital_io.o
 .debug_abbrev  0x00002b48      0x100 ./Dave/Generated/DIGITAL_IO/digital_io_conf.o
 .debug_abbrev  0x00002c48      0x1b1 ./Dave/Generated/CPU_CTRL_XMC4/cpu_ctrl_xmc4_conf.o
 .debug_abbrev  0x00002df9      0x16f ./Dave/Generated/CLOCK_XMC4/clock_xmc4.o
 .debug_abbrev  0x00002f68      0x15f ./Dave/Generated/CLOCK_XMC4/clock_xmc4_conf.o
 .debug_abbrev  0x000030c7      0x373 ./Dave/Generated/ADC_MEASUREMENT/adc_measurement.o
 .debug_abbrev  0x0000343a      0x17e ./Dave/Generated/ADC_MEASUREMENT/adc_measurement_conf.o
 .debug_abbrev  0x000035b8      0x236 ./Dave/Generated/DAVE.o
 .debug_abbrev  0x000037ee      0x3a0 ./main.o

.debug_line     0x00000000     0xadf0
 *(.debug_line)
 .debug_line    0x00000000       0x88 ./Startup/startup_XMC4500.o
 .debug_line    0x00000088      0x4af ./Startup/system_XMC4500.o
 .debug_line    0x00000537      0x471 ./Libraries/XMCLib/src/xmc4_gpio.o
 .debug_line    0x000009a8      0xe03 ./Libraries/XMCLib/src/xmc4_scu.o
 .debug_line    0x000017ab      0x75d ./Libraries/XMCLib/src/xmc_ccu4.o
 .debug_line    0x00001f08      0x464 ./Libraries/XMCLib/src/xmc_gpio.o
 .debug_line    0x0000236c      0x56a ./Libraries/XMCLib/src/xmc_uart.o
 .debug_line    0x000028d6      0x690 ./Libraries/XMCLib/src/xmc_usic.o
 .debug_line    0x00002f66      0xbd2 ./Libraries/XMCLib/src/xmc_vadc.o
 .debug_line    0x00003b38      0x2b9 ./Libraries/Newlib/syscalls.o
 .debug_line    0x00003df1      0x61c ./Dave/Generated/UART/uart.o
 .debug_line    0x0000440d      0x549 ./Dave/Generated/UART/uart_conf.o
 .debug_line    0x00004956      0x8a0 ./Dave/Generated/PWM/pwm.o
 .debug_line    0x000051f6      0x582 ./Dave/Generated/PWM/pwm_conf.o
 .debug_line    0x00005778      0x503 ./Dave/Generated/INTERRUPT/interrupt.o
 .debug_line    0x00005c7b      0x49c ./Dave/Generated/INTERRUPT/interrupt_conf.o
 .debug_line    0x00006117      0x515 ./Dave/Generated/GLOBAL_CCU4/global_ccu4.o
 .debug_line    0x0000662c      0x4e2 ./Dave/Generated/GLOBAL_CCU4/global_ccu4_conf.o
 .debug_line    0x00006b0e      0x539 ./Dave/Generated/GLOBAL_ADC/global_adc.o
 .debug_line    0x00007047      0x4dc ./Dave/Generated/GLOBAL_ADC/global_adc_conf.o
 .debug_line    0x00007523      0x4f5 ./Dave/Generated/DIGITAL_IO/digital_io.o
 .debug_line    0x00007a18      0x4d1 ./Dave/Generated/DIGITAL_IO/digital_io_conf.o
 .debug_line    0x00007ee9      0x53d ./Dave/Generated/CPU_CTRL_XMC4/cpu_ctrl_xmc4_conf.o
 .debug_line    0x00008426      0x530 ./Dave/Generated/CLOCK_XMC4/clock_xmc4.o
 .debug_line    0x00008956      0x50a ./Dave/Generated/CLOCK_XMC4/clock_xmc4_conf.o
 .debug_line    0x00008e60      0x695 ./Dave/Generated/ADC_MEASUREMENT/adc_measurement.o
 .debug_line    0x000094f5      0x578 ./Dave/Generated/ADC_MEASUREMENT/adc_measurement_conf.o
 .debug_line    0x00009a6d      0x906 ./Dave/Generated/DAVE.o
 .debug_line    0x0000a373      0xa7d ./main.o

.debug_frame    0x00000000     0x1a44
 *(.debug_frame)
 .debug_frame   0x00000000       0xa4 ./Startup/system_XMC4500.o
 .debug_frame   0x000000a4       0x50 ./Libraries/XMCLib/src/xmc4_gpio.o
 .debug_frame   0x000000f4      0x80c ./Libraries/XMCLib/src/xmc4_scu.o
 .debug_frame   0x00000900      0x270 ./Libraries/XMCLib/src/xmc_ccu4.o
 .debug_frame   0x00000b70       0x48 ./Libraries/XMCLib/src/xmc_gpio.o
 .debug_frame   0x00000bb8       0xec ./Libraries/XMCLib/src/xmc_uart.o
 .debug_frame   0x00000ca4      0x200 ./Libraries/XMCLib/src/xmc_usic.o
 .debug_frame   0x00000ea4      0x558 ./Libraries/XMCLib/src/xmc_vadc.o
 .debug_frame   0x000013fc       0x3c ./Libraries/Newlib/syscalls.o
 .debug_frame   0x00001438       0xa0 ./Dave/Generated/UART/uart.o
 .debug_frame   0x000014d8       0x30 ./Dave/Generated/UART/uart_conf.o
 .debug_frame   0x00001508      0x1b8 ./Dave/Generated/PWM/pwm.o
 .debug_frame   0x000016c0       0x4c ./Dave/Generated/INTERRUPT/interrupt.o
 .debug_frame   0x0000170c       0x44 ./Dave/Generated/GLOBAL_CCU4/global_ccu4.o
 .debug_frame   0x00001750       0x50 ./Dave/Generated/GLOBAL_ADC/global_adc.o
 .debug_frame   0x000017a0       0x44 ./Dave/Generated/DIGITAL_IO/digital_io.o
 .debug_frame   0x000017e4       0x20 ./Dave/Generated/CPU_CTRL_XMC4/cpu_ctrl_xmc4_conf.o
 .debug_frame   0x00001804       0x58 ./Dave/Generated/CLOCK_XMC4/clock_xmc4.o
 .debug_frame   0x0000185c       0x34 ./Dave/Generated/CLOCK_XMC4/clock_xmc4_conf.o
 .debug_frame   0x00001890       0x80 ./Dave/Generated/ADC_MEASUREMENT/adc_measurement.o
 .debug_frame   0x00001910       0x34 ./Dave/Generated/DAVE.o
 .debug_frame   0x00001944       0xa0 ./main.o
 .debug_frame   0x000019e4       0x2c c:/program files/dave_4/dave-ide-4.4.2-64bit/eclipse/arm-gcc-49/bin/../lib/gcc/arm-none-eabi/4.9.3/../../../../arm-none-eabi/lib/armv7e-m/softfp\libg.a(lib_a-init.o)
 .debug_frame   0x00001a10       0x34 c:/program files/dave_4/dave-ide-4.4.2-64bit/eclipse/arm-gcc-49/bin/../lib/gcc/arm-none-eabi/4.9.3/../../../../arm-none-eabi/lib/armv7e-m/softfp\libg.a(lib_a-memset.o)

.debug_str      0x00000000    0x82a08
 *(.debug_str)
 .debug_str     0x00000000    0x6f78d ./Startup/system_XMC4500.o
                              0x6fa3a (size before relaxing)
 .debug_str     0x0006f78d     0x46f1 ./Libraries/XMCLib/src/xmc4_gpio.o
                              0x7338c (size before relaxing)
 .debug_str     0x00073e7e     0x275e ./Libraries/XMCLib/src/xmc4_scu.o
                              0x71c00 (size before relaxing)
 .debug_str     0x000765dc     0x359e ./Libraries/XMCLib/src/xmc_ccu4.o
                              0x7310a (size before relaxing)
 .debug_str     0x00079b7a       0x92 ./Libraries/XMCLib/src/xmc_gpio.o
                              0x731d7 (size before relaxing)
 .debug_str     0x00079c0c     0x14fb ./Libraries/XMCLib/src/xmc_uart.o
                              0x70c4c (size before relaxing)
 .debug_str     0x0007b107      0xaa9 ./Libraries/XMCLib/src/xmc_usic.o
                              0x71284 (size before relaxing)
 .debug_str     0x0007bbb0     0x2f30 ./Libraries/XMCLib/src/xmc_vadc.o
                              0x72c78 (size before relaxing)
 .debug_str     0x0007eae0      0x890 ./Libraries/Newlib/syscalls.o
                               0x4e2b (size before relaxing)
 .debug_str     0x0007f370      0x869 ./Dave/Generated/UART/uart.o
                              0x755a5 (size before relaxing)
 .debug_str     0x0007fbd9      0x1d4 ./Dave/Generated/UART/uart_conf.o
                              0x74fcb (size before relaxing)
 .debug_str     0x0007fdad      0xca9 ./Dave/Generated/PWM/pwm.o
                              0x76579 (size before relaxing)
 .debug_str     0x00080a56      0x264 ./Dave/Generated/PWM/pwm_conf.o
                              0x75f92 (size before relaxing)
 .debug_str     0x00080cba      0x807 ./Dave/Generated/INTERRUPT/interrupt.o
                              0x6faea (size before relaxing)
 .debug_str     0x000814c1       0x36 ./Dave/Generated/INTERRUPT/interrupt_conf.o
                              0x6f8a1 (size before relaxing)
 .debug_str     0x000814f7       0x46 ./Dave/Generated/GLOBAL_CCU4/global_ccu4.o
                              0x7141a (size before relaxing)
 .debug_str     0x0008153d       0x31 ./Dave/Generated/GLOBAL_CCU4/global_ccu4_conf.o
                              0x71320 (size before relaxing)
 .debug_str     0x0008156e      0x2df ./Dave/Generated/GLOBAL_ADC/global_adc.o
                              0x710cc (size before relaxing)
 .debug_str     0x0008184d      0x21d ./Dave/Generated/GLOBAL_ADC/global_adc_conf.o
                              0x71148 (size before relaxing)
 .debug_str     0x00081a6a      0x171 ./Dave/Generated/DIGITAL_IO/digital_io.o
                              0x73510 (size before relaxing)
 .debug_str     0x00081bdb       0x49 ./Dave/Generated/DIGITAL_IO/digital_io_conf.o
                              0x73441 (size before relaxing)
 .debug_str     0x00081c24      0x162 ./Dave/Generated/CPU_CTRL_XMC4/cpu_ctrl_xmc4_conf.o
                              0x7357b (size before relaxing)
 .debug_str     0x00081d86      0x24c ./Dave/Generated/CLOCK_XMC4/clock_xmc4.o
                              0x735a1 (size before relaxing)
 .debug_str     0x00081fd2       0x50 ./Dave/Generated/CLOCK_XMC4/clock_xmc4_conf.o
                              0x73a96 (size before relaxing)
 .debug_str     0x00082022      0x5ef ./Dave/Generated/ADC_MEASUREMENT/adc_measurement.o
                              0x7211f (size before relaxing)
 .debug_str     0x00082611      0x2c8 ./Dave/Generated/ADC_MEASUREMENT/adc_measurement_conf.o
                              0x71fd9 (size before relaxing)
 .debug_str     0x000828d9       0x6f ./Dave/Generated/DAVE.o
                              0x79a58 (size before relaxing)
 .debug_str     0x00082948       0xc0 ./main.o
                              0x78f72 (size before relaxing)

.debug_loc      0x00000000     0x6267
 *(.debug_loc)
 .debug_loc     0x00000000      0x15a ./Startup/system_XMC4500.o
 .debug_loc     0x0000015a      0x11f ./Libraries/XMCLib/src/xmc4_gpio.o
 .debug_loc     0x00000279      0xfcf ./Libraries/XMCLib/src/xmc4_scu.o
 .debug_loc     0x00001248      0x9e5 ./Libraries/XMCLib/src/xmc_ccu4.o
 .debug_loc     0x00001c2d       0xe5 ./Libraries/XMCLib/src/xmc_gpio.o
 .debug_loc     0x00001d12      0x424 ./Libraries/XMCLib/src/xmc_uart.o
 .debug_loc     0x00002136      0xac6 ./Libraries/XMCLib/src/xmc_usic.o
 .debug_loc     0x00002bfc     0x198b ./Libraries/XMCLib/src/xmc_vadc.o
 .debug_loc     0x00004587       0xa7 ./Libraries/Newlib/syscalls.o
 .debug_loc     0x0000462e      0x546 ./Dave/Generated/UART/uart.o
 .debug_loc     0x00004b74       0x20 ./Dave/Generated/UART/uart_conf.o
 .debug_loc     0x00004b94      0xd68 ./Dave/Generated/PWM/pwm.o
 .debug_loc     0x000058fc      0x173 ./Dave/Generated/INTERRUPT/interrupt.o
 .debug_loc     0x00005a6f       0x89 ./Dave/Generated/GLOBAL_CCU4/global_ccu4.o
 .debug_loc     0x00005af8       0xaf ./Dave/Generated/GLOBAL_ADC/global_adc.o
 .debug_loc     0x00005ba7       0x6a ./Dave/Generated/DIGITAL_IO/digital_io.o
 .debug_loc     0x00005c11       0x6a ./Dave/Generated/CPU_CTRL_XMC4/cpu_ctrl_xmc4_conf.o
 .debug_loc     0x00005c7b       0x6e ./Dave/Generated/CLOCK_XMC4/clock_xmc4.o
 .debug_loc     0x00005ce9       0x38 ./Dave/Generated/CLOCK_XMC4/clock_xmc4_conf.o
 .debug_loc     0x00005d21      0x2f7 ./Dave/Generated/ADC_MEASUREMENT/adc_measurement.o
 .debug_loc     0x00006018       0xaf ./Dave/Generated/DAVE.o
 .debug_loc     0x000060c7      0x1a0 ./main.o

.debug_macinfo
 *(.debug_macinfo)

.debug_ranges   0x00000000      0xd68
 *(.debug_ranges)
 .debug_ranges  0x00000000       0x38 ./Startup/system_XMC4500.o
 .debug_ranges  0x00000038       0x18 ./Libraries/XMCLib/src/xmc4_gpio.o
 .debug_ranges  0x00000050      0x3d0 ./Libraries/XMCLib/src/xmc4_scu.o
 .debug_ranges  0x00000420      0x110 ./Libraries/XMCLib/src/xmc_ccu4.o
 .debug_ranges  0x00000530       0x18 ./Libraries/XMCLib/src/xmc_gpio.o
 .debug_ranges  0x00000548       0x48 ./Libraries/XMCLib/src/xmc_uart.o
 .debug_ranges  0x00000590       0x98 ./Libraries/XMCLib/src/xmc_usic.o
 .debug_ranges  0x00000628      0x2d8 ./Libraries/XMCLib/src/xmc_vadc.o
 .debug_ranges  0x00000900       0x18 ./Libraries/Newlib/syscalls.o
 .debug_ranges  0x00000918       0x78 ./Dave/Generated/UART/uart.o
 .debug_ranges  0x00000990       0x40 ./Dave/Generated/UART/uart_conf.o
 .debug_ranges  0x000009d0      0x118 ./Dave/Generated/PWM/pwm.o
 .debug_ranges  0x00000ae8       0x68 ./Dave/Generated/INTERRUPT/interrupt.o
 .debug_ranges  0x00000b50       0x18 ./Dave/Generated/GLOBAL_CCU4/global_ccu4.o
 .debug_ranges  0x00000b68       0x18 ./Dave/Generated/GLOBAL_ADC/global_adc.o
 .debug_ranges  0x00000b80       0x18 ./Dave/Generated/DIGITAL_IO/digital_io.o
 .debug_ranges  0x00000b98       0x10 ./Dave/Generated/CPU_CTRL_XMC4/cpu_ctrl_xmc4_conf.o
 .debug_ranges  0x00000ba8       0x28 ./Dave/Generated/CLOCK_XMC4/clock_xmc4.o
 .debug_ranges  0x00000bd0       0x10 ./Dave/Generated/CLOCK_XMC4/clock_xmc4_conf.o
 .debug_ranges  0x00000be0       0xa8 ./Dave/Generated/ADC_MEASUREMENT/adc_measurement.o
 .debug_ranges  0x00000c88       0x10 ./Dave/Generated/DAVE.o
 .debug_ranges  0x00000c98       0xd0 ./main.o

.debug_weaknames
 *(.debug_weaknames)

.debug_funcnames
 *(.debug_funcnames)

.debug_typenames
 *(.debug_typenames)

.debug_varnames
 *(.debug_varnames)

.build_attributes
                0x00000000      0x68d
 *(.ARM.attributes)
 .ARM.attributes
                0x00000000       0x25 ./Startup/startup_XMC4500.o
 .ARM.attributes
                0x00000025       0x37 ./Startup/system_XMC4500.o
 .ARM.attributes
                0x0000005c       0x37 ./Libraries/XMCLib/src/xmc4_gpio.o
 .ARM.attributes
                0x00000093       0x37 ./Libraries/XMCLib/src/xmc4_scu.o
 .ARM.attributes
                0x000000ca       0x37 ./Libraries/XMCLib/src/xmc_ccu4.o
 .ARM.attributes
                0x00000101       0x37 ./Libraries/XMCLib/src/xmc_gpio.o
 .ARM.attributes
                0x00000138       0x37 ./Libraries/XMCLib/src/xmc_uart.o
 .ARM.attributes
                0x0000016f       0x37 ./Libraries/XMCLib/src/xmc_usic.o
 .ARM.attributes
                0x000001a6       0x37 ./Libraries/XMCLib/src/xmc_vadc.o
 .ARM.attributes
                0x000001dd       0x37 ./Libraries/Newlib/syscalls.o
 .ARM.attributes
                0x00000214       0x37 ./Dave/Generated/UART/uart.o
 .ARM.attributes
                0x0000024b       0x37 ./Dave/Generated/UART/uart_conf.o
 .ARM.attributes
                0x00000282       0x37 ./Dave/Generated/PWM/pwm.o
 .ARM.attributes
                0x000002b9       0x37 ./Dave/Generated/PWM/pwm_conf.o
 .ARM.attributes
                0x000002f0       0x37 ./Dave/Generated/INTERRUPT/interrupt.o
 .ARM.attributes
                0x00000327       0x37 ./Dave/Generated/INTERRUPT/interrupt_conf.o
 .ARM.attributes
                0x0000035e       0x37 ./Dave/Generated/GLOBAL_CCU4/global_ccu4.o
 .ARM.attributes
                0x00000395       0x37 ./Dave/Generated/GLOBAL_CCU4/global_ccu4_conf.o
 .ARM.attributes
                0x000003cc       0x37 ./Dave/Generated/GLOBAL_ADC/global_adc.o
 .ARM.attributes
                0x00000403       0x37 ./Dave/Generated/GLOBAL_ADC/global_adc_conf.o
 .ARM.attributes
                0x0000043a       0x37 ./Dave/Generated/DIGITAL_IO/digital_io.o
 .ARM.attributes
                0x00000471       0x37 ./Dave/Generated/DIGITAL_IO/digital_io_conf.o
 .ARM.attributes
                0x000004a8       0x37 ./Dave/Generated/CPU_CTRL_XMC4/cpu_ctrl_xmc4_conf.o
 .ARM.attributes
                0x000004df       0x37 ./Dave/Generated/CLOCK_XMC4/clock_xmc4.o
 .ARM.attributes
                0x00000516       0x37 ./Dave/Generated/CLOCK_XMC4/clock_xmc4_conf.o
 .ARM.attributes
                0x0000054d       0x37 ./Dave/Generated/ADC_MEASUREMENT/adc_measurement.o
 .ARM.attributes
                0x00000584       0x37 ./Dave/Generated/ADC_MEASUREMENT/adc_measurement_conf.o
 .ARM.attributes
                0x000005bb       0x37 ./Dave/Generated/DAVE.o
 .ARM.attributes
                0x000005f2       0x37 ./main.o
 .ARM.attributes
                0x00000629       0x32 c:/program files/dave_4/dave-ide-4.4.2-64bit/eclipse/arm-gcc-49/bin/../lib/gcc/arm-none-eabi/4.9.3/../../../../arm-none-eabi/lib/armv7e-m/softfp\libg.a(lib_a-init.o)
 .ARM.attributes
                0x0000065b       0x32 c:/program files/dave_4/dave-ide-4.4.2-64bit/eclipse/arm-gcc-49/bin/../lib/gcc/arm-none-eabi/4.9.3/../../../../arm-none-eabi/lib/armv7e-m/softfp\libg.a(lib_a-memset.o)
OUTPUT(Balancing_Plate.elf elf32-littlearm)

.debug_macro    0x00000000    0x1bb6c
 .debug_macro   0x00000000      0x2ed ./Startup/system_XMC4500.o
 .debug_macro   0x000002ed      0x886 ./Startup/system_XMC4500.o
 .debug_macro   0x00000b73       0x58 ./Startup/system_XMC4500.o
 .debug_macro   0x00000bcb       0x22 ./Startup/system_XMC4500.o
 .debug_macro   0x00000bed       0x35 ./Startup/system_XMC4500.o
 .debug_macro   0x00000c22       0x9c ./Startup/system_XMC4500.o
 .debug_macro   0x00000cbe      0x166 ./Startup/system_XMC4500.o
 .debug_macro   0x00000e24       0x4a ./Startup/system_XMC4500.o
 .debug_macro   0x00000e6e       0x52 ./Startup/system_XMC4500.o
 .debug_macro   0x00000ec0       0x16 ./Startup/system_XMC4500.o
 .debug_macro   0x00000ed6       0x43 ./Startup/system_XMC4500.o
 .debug_macro   0x00000f19      0x180 ./Startup/system_XMC4500.o
 .debug_macro   0x00001099      0x29d ./Startup/system_XMC4500.o
 .debug_macro   0x00001336       0x10 ./Startup/system_XMC4500.o
 .debug_macro   0x00001346       0x35 ./Startup/system_XMC4500.o
 .debug_macro   0x0000137b       0x2d ./Startup/system_XMC4500.o
 .debug_macro   0x000013a8       0x1c ./Startup/system_XMC4500.o
 .debug_macro   0x000013c4      0x1f7 ./Startup/system_XMC4500.o
 .debug_macro   0x000015bb       0x1c ./Startup/system_XMC4500.o
 .debug_macro   0x000015d7       0x22 ./Startup/system_XMC4500.o
 .debug_macro   0x000015f9       0xd2 ./Startup/system_XMC4500.o
 .debug_macro   0x000016cb     0x1011 ./Startup/system_XMC4500.o
 .debug_macro   0x000026dc      0x11f ./Startup/system_XMC4500.o
 .debug_macro   0x000027fb       0x16 ./Startup/system_XMC4500.o
 .debug_macro   0x00002811    0x1474b ./Startup/system_XMC4500.o
 .debug_macro   0x00016f5c      0x1b9 ./Libraries/XMCLib/src/xmc4_gpio.o
 .debug_macro   0x00017115       0x22 ./Libraries/XMCLib/src/xmc4_gpio.o
 .debug_macro   0x00017137      0x861 ./Libraries/XMCLib/src/xmc4_gpio.o
 .debug_macro   0x00017998       0xa5 ./Libraries/XMCLib/src/xmc4_gpio.o
 .debug_macro   0x00017a3d      0x200 ./Libraries/XMCLib/src/xmc4_scu.o
 .debug_macro   0x00017c3d      0x21f ./Libraries/XMCLib/src/xmc_ccu4.o
 .debug_macro   0x00017e5c      0x6ec ./Libraries/XMCLib/src/xmc_ccu4.o
 .debug_macro   0x00018548      0x1a7 ./Libraries/XMCLib/src/xmc_gpio.o
 .debug_macro   0x000186ef      0x1c5 ./Libraries/XMCLib/src/xmc_uart.o
 .debug_macro   0x000188b4       0x28 ./Libraries/XMCLib/src/xmc_uart.o
 .debug_macro   0x000188dc      0x1e4 ./Libraries/XMCLib/src/xmc_usic.o
 .debug_macro   0x00018ac0      0x1ca ./Libraries/XMCLib/src/xmc_vadc.o
 .debug_macro   0x00018c8a      0x272 ./Libraries/XMCLib/src/xmc_vadc.o
 .debug_macro   0x00018efc       0x74 ./Libraries/XMCLib/src/xmc_vadc.o
 .debug_macro   0x00018f70       0xf2 ./Libraries/Newlib/syscalls.o
 .debug_macro   0x00019062       0x10 ./Libraries/Newlib/syscalls.o
 .debug_macro   0x00019072      0x23b ./Libraries/Newlib/syscalls.o
 .debug_macro   0x000192ad      0x209 ./Dave/Generated/UART/uart.o
 .debug_macro   0x000194b6       0x28 ./Dave/Generated/UART/uart.o
 .debug_macro   0x000194de      0x209 ./Dave/Generated/UART/uart_conf.o
 .debug_macro   0x000196e7      0x241 ./Dave/Generated/PWM/pwm.o
 .debug_macro   0x00019928       0x22 ./Dave/Generated/PWM/pwm.o
 .debug_macro   0x0001994a       0x64 ./Dave/Generated/PWM/pwm.o
 .debug_macro   0x000199ae      0x229 ./Dave/Generated/PWM/pwm_conf.o
 .debug_macro   0x00019bd7      0x1a0 ./Dave/Generated/INTERRUPT/interrupt.o
 .debug_macro   0x00019d77       0x1c ./Dave/Generated/INTERRUPT/interrupt.o
 .debug_macro   0x00019d93       0x10 ./Dave/Generated/INTERRUPT/interrupt.o
 .debug_macro   0x00019da3      0x1a0 ./Dave/Generated/INTERRUPT/interrupt_conf.o
 .debug_macro   0x00019f43      0x1d3 ./Dave/Generated/GLOBAL_CCU4/global_ccu4.o
 .debug_macro   0x0001a116      0x1d3 ./Dave/Generated/GLOBAL_CCU4/global_ccu4_conf.o
 .debug_macro   0x0001a2e9      0x1da ./Dave/Generated/GLOBAL_ADC/global_adc.o
 .debug_macro   0x0001a4c3       0x2e ./Dave/Generated/GLOBAL_ADC/global_adc.o
 .debug_macro   0x0001a4f1      0x1da ./Dave/Generated/GLOBAL_ADC/global_adc_conf.o
 .debug_macro   0x0001a6cb      0x1c9 ./Dave/Generated/DIGITAL_IO/digital_io.o
 .debug_macro   0x0001a894       0x1c ./Dave/Generated/DIGITAL_IO/digital_io.o
 .debug_macro   0x0001a8b0      0x1c9 ./Dave/Generated/DIGITAL_IO/digital_io_conf.o
 .debug_macro   0x0001aa79      0x1e7 ./Dave/Generated/CPU_CTRL_XMC4/cpu_ctrl_xmc4_conf.o
 .debug_macro   0x0001ac60      0x1e5 ./Dave/Generated/CLOCK_XMC4/clock_xmc4.o
 .debug_macro   0x0001ae45       0x46 ./Dave/Generated/CLOCK_XMC4/clock_xmc4.o
 .debug_macro   0x0001ae8b      0x1e5 ./Dave/Generated/CLOCK_XMC4/clock_xmc4_conf.o
 .debug_macro   0x0001b070      0x1fd ./Dave/Generated/ADC_MEASUREMENT/adc_measurement.o
 .debug_macro   0x0001b26d       0x40 ./Dave/Generated/ADC_MEASUREMENT/adc_measurement.o
 .debug_macro   0x0001b2ad       0x10 ./Dave/Generated/ADC_MEASUREMENT/adc_measurement.o
 .debug_macro   0x0001b2bd      0x1fd ./Dave/Generated/ADC_MEASUREMENT/adc_measurement_conf.o
 .debug_macro   0x0001b4ba      0x356 ./Dave/Generated/DAVE.o
 .debug_macro   0x0001b810      0x35c ./main.o
